[0.066s] DEBUG:colcon:Command line arguments: ['/usr/bin/colcon', 'build']
[0.066s] DEBUG:colcon:Parsed command line arguments: Namespace(log_base=None, log_level=None, verb_name='build', build_base='build', install_base='install', merge_install=False, symlink_install=False, test_result_base=None, continue_on_error=False, executor='parallel', parallel_workers=20, event_handlers=None, ignore_user_meta=False, metas=['./colcon.meta'], base_paths=['.'], packages_ignore=None, packages_ignore_regex=None, paths=None, packages_up_to=None, packages_up_to_regex=None, packages_above=None, packages_above_and_dependencies=None, packages_above_depth=None, packages_select_by_dep=None, packages_skip_by_dep=None, packages_skip_up_to=None, packages_select_build_failed=False, packages_skip_build_finished=False, packages_select_test_failures=False, packages_skip_test_passed=False, packages_select=None, packages_skip=None, packages_select_regex=None, packages_skip_regex=None, packages_start=None, packages_end=None, allow_overriding=[], cmake_args=None, cmake_target=None, cmake_target_skip_unavailable=False, cmake_clean_cache=False, cmake_clean_first=False, cmake_force_configure=False, ament_cmake_args=None, catkin_cmake_args=None, catkin_skip_building_tests=False, verb_parser=<colcon_defaults.argument_parser.defaults.DefaultArgumentsDecorator object at 0x7c5d34918d90>, verb_extension=<colcon_core.verb.build.BuildVerb object at 0x7c5d34a7a170>, main=<bound method BuildVerb.main of <colcon_core.verb.build.BuildVerb object at 0x7c5d34a7a170>>)
[0.174s] Level 1:colcon.colcon_core.package_discovery:discover_packages(colcon_meta) check parameters
[0.174s] Level 1:colcon.colcon_core.package_discovery:discover_packages(recursive) check parameters
[0.174s] Level 1:colcon.colcon_core.package_discovery:discover_packages(ignore) check parameters
[0.174s] Level 1:colcon.colcon_core.package_discovery:discover_packages(path) check parameters
[0.174s] Level 1:colcon.colcon_core.package_discovery:discover_packages(colcon_meta) discover
[0.174s] Level 1:colcon.colcon_core.package_discovery:discover_packages(recursive) discover
[0.174s] INFO:colcon.colcon_core.package_discovery:Crawling recursively for packages in '/home/aria/lidarslam/src'
[0.174s] Level 1:colcon.colcon_core.package_identification:_identify(.) by extensions ['ignore', 'ignore_ament_install']
[0.174s] Level 1:colcon.colcon_core.package_identification:_identify(.) by extension 'ignore'
[0.174s] Level 1:colcon.colcon_core.package_identification:_identify(.) by extension 'ignore_ament_install'
[0.174s] Level 1:colcon.colcon_core.package_identification:_identify(.) by extensions ['colcon_pkg']
[0.174s] Level 1:colcon.colcon_core.package_identification:_identify(.) by extension 'colcon_pkg'
[0.174s] Level 1:colcon.colcon_core.package_identification:_identify(.) by extensions ['colcon_meta']
[0.174s] Level 1:colcon.colcon_core.package_identification:_identify(.) by extension 'colcon_meta'
[0.174s] Level 1:colcon.colcon_core.package_identification:_identify(.) by extensions ['ros']
[0.174s] Level 1:colcon.colcon_core.package_identification:_identify(.) by extension 'ros'
[0.181s] Level 1:colcon.colcon_core.package_identification:_identify(.) by extensions ['cmake', 'python']
[0.181s] Level 1:colcon.colcon_core.package_identification:_identify(.) by extension 'cmake'
[0.181s] Level 1:colcon.colcon_core.package_identification:_identify(.) by extension 'python'
[0.181s] Level 1:colcon.colcon_core.package_identification:_identify(.) by extensions ['python_setup_py']
[0.181s] Level 1:colcon.colcon_core.package_identification:_identify(.) by extension 'python_setup_py'
[0.182s] Level 1:colcon.colcon_core.package_identification:_identify(build) by extensions ['ignore', 'ignore_ament_install']
[0.182s] Level 1:colcon.colcon_core.package_identification:_identify(build) by extension 'ignore'
[0.182s] Level 1:colcon.colcon_core.package_identification:_identify(build) ignored
[0.182s] Level 1:colcon.colcon_core.package_identification:_identify(install) by extensions ['ignore', 'ignore_ament_install']
[0.182s] Level 1:colcon.colcon_core.package_identification:_identify(install) by extension 'ignore'
[0.182s] Level 1:colcon.colcon_core.package_identification:_identify(install) ignored
[0.182s] Level 1:colcon.colcon_core.package_identification:_identify(kiss-icp) by extensions ['ignore', 'ignore_ament_install']
[0.182s] Level 1:colcon.colcon_core.package_identification:_identify(kiss-icp) by extension 'ignore'
[0.182s] Level 1:colcon.colcon_core.package_identification:_identify(kiss-icp) by extension 'ignore_ament_install'
[0.182s] Level 1:colcon.colcon_core.package_identification:_identify(kiss-icp) by extensions ['colcon_pkg']
[0.182s] Level 1:colcon.colcon_core.package_identification:_identify(kiss-icp) by extension 'colcon_pkg'
[0.182s] Level 1:colcon.colcon_core.package_identification:_identify(kiss-icp) by extensions ['colcon_meta']
[0.182s] Level 1:colcon.colcon_core.package_identification:_identify(kiss-icp) by extension 'colcon_meta'
[0.182s] Level 1:colcon.colcon_core.package_identification:_identify(kiss-icp) by extensions ['ros']
[0.182s] Level 1:colcon.colcon_core.package_identification:_identify(kiss-icp) by extension 'ros'
[0.182s] Level 1:colcon.colcon_core.package_identification:_identify(kiss-icp) by extensions ['cmake', 'python']
[0.182s] Level 1:colcon.colcon_core.package_identification:_identify(kiss-icp) by extension 'cmake'
[0.182s] Level 1:colcon.colcon_core.package_identification:_identify(kiss-icp) by extension 'python'
[0.182s] Level 1:colcon.colcon_core.package_identification:_identify(kiss-icp) by extensions ['python_setup_py']
[0.182s] Level 1:colcon.colcon_core.package_identification:_identify(kiss-icp) by extension 'python_setup_py'
[0.182s] Level 1:colcon.colcon_core.package_identification:_identify(kiss-icp/config) by extensions ['ignore', 'ignore_ament_install']
[0.182s] Level 1:colcon.colcon_core.package_identification:_identify(kiss-icp/config) by extension 'ignore'
[0.182s] Level 1:colcon.colcon_core.package_identification:_identify(kiss-icp/config) by extension 'ignore_ament_install'
[0.182s] Level 1:colcon.colcon_core.package_identification:_identify(kiss-icp/config) by extensions ['colcon_pkg']
[0.182s] Level 1:colcon.colcon_core.package_identification:_identify(kiss-icp/config) by extension 'colcon_pkg'
[0.182s] Level 1:colcon.colcon_core.package_identification:_identify(kiss-icp/config) by extensions ['colcon_meta']
[0.182s] Level 1:colcon.colcon_core.package_identification:_identify(kiss-icp/config) by extension 'colcon_meta'
[0.182s] Level 1:colcon.colcon_core.package_identification:_identify(kiss-icp/config) by extensions ['ros']
[0.182s] Level 1:colcon.colcon_core.package_identification:_identify(kiss-icp/config) by extension 'ros'
[0.182s] Level 1:colcon.colcon_core.package_identification:_identify(kiss-icp/config) by extensions ['cmake', 'python']
[0.182s] Level 1:colcon.colcon_core.package_identification:_identify(kiss-icp/config) by extension 'cmake'
[0.182s] Level 1:colcon.colcon_core.package_identification:_identify(kiss-icp/config) by extension 'python'
[0.182s] Level 1:colcon.colcon_core.package_identification:_identify(kiss-icp/config) by extensions ['python_setup_py']
[0.182s] Level 1:colcon.colcon_core.package_identification:_identify(kiss-icp/config) by extension 'python_setup_py'
[0.182s] Level 1:colcon.colcon_core.package_identification:_identify(kiss-icp/cpp) by extensions ['ignore', 'ignore_ament_install']
[0.183s] Level 1:colcon.colcon_core.package_identification:_identify(kiss-icp/cpp) by extension 'ignore'
[0.183s] Level 1:colcon.colcon_core.package_identification:_identify(kiss-icp/cpp) ignored
[0.183s] Level 1:colcon.colcon_core.package_identification:_identify(kiss-icp/eval) by extensions ['ignore', 'ignore_ament_install']
[0.183s] Level 1:colcon.colcon_core.package_identification:_identify(kiss-icp/eval) by extension 'ignore'
[0.183s] Level 1:colcon.colcon_core.package_identification:_identify(kiss-icp/eval) by extension 'ignore_ament_install'
[0.183s] Level 1:colcon.colcon_core.package_identification:_identify(kiss-icp/eval) by extensions ['colcon_pkg']
[0.183s] Level 1:colcon.colcon_core.package_identification:_identify(kiss-icp/eval) by extension 'colcon_pkg'
[0.183s] Level 1:colcon.colcon_core.package_identification:_identify(kiss-icp/eval) by extensions ['colcon_meta']
[0.183s] Level 1:colcon.colcon_core.package_identification:_identify(kiss-icp/eval) by extension 'colcon_meta'
[0.183s] Level 1:colcon.colcon_core.package_identification:_identify(kiss-icp/eval) by extensions ['ros']
[0.183s] Level 1:colcon.colcon_core.package_identification:_identify(kiss-icp/eval) by extension 'ros'
[0.183s] Level 1:colcon.colcon_core.package_identification:_identify(kiss-icp/eval) by extensions ['cmake', 'python']
[0.183s] Level 1:colcon.colcon_core.package_identification:_identify(kiss-icp/eval) by extension 'cmake'
[0.183s] Level 1:colcon.colcon_core.package_identification:_identify(kiss-icp/eval) by extension 'python'
[0.183s] Level 1:colcon.colcon_core.package_identification:_identify(kiss-icp/eval) by extensions ['python_setup_py']
[0.183s] Level 1:colcon.colcon_core.package_identification:_identify(kiss-icp/eval) by extension 'python_setup_py'
[0.183s] Level 1:colcon.colcon_core.package_identification:_identify(kiss-icp/python) by extensions ['ignore', 'ignore_ament_install']
[0.183s] Level 1:colcon.colcon_core.package_identification:_identify(kiss-icp/python) by extension 'ignore'
[0.183s] Level 1:colcon.colcon_core.package_identification:_identify(kiss-icp/python) ignored
[0.183s] Level 1:colcon.colcon_core.package_identification:_identify(kiss-icp/ros) by extensions ['ignore', 'ignore_ament_install']
[0.183s] Level 1:colcon.colcon_core.package_identification:_identify(kiss-icp/ros) by extension 'ignore'
[0.183s] Level 1:colcon.colcon_core.package_identification:_identify(kiss-icp/ros) by extension 'ignore_ament_install'
[0.183s] Level 1:colcon.colcon_core.package_identification:_identify(kiss-icp/ros) by extensions ['colcon_pkg']
[0.183s] Level 1:colcon.colcon_core.package_identification:_identify(kiss-icp/ros) by extension 'colcon_pkg'
[0.183s] Level 1:colcon.colcon_core.package_identification:_identify(kiss-icp/ros) by extensions ['colcon_meta']
[0.183s] Level 1:colcon.colcon_core.package_identification:_identify(kiss-icp/ros) by extension 'colcon_meta'
[0.183s] Level 1:colcon.colcon_core.package_identification:_identify(kiss-icp/ros) by extensions ['ros']
[0.183s] Level 1:colcon.colcon_core.package_identification:_identify(kiss-icp/ros) by extension 'ros'
[0.185s] DEBUG:colcon.colcon_core.package_identification:Package 'kiss-icp/ros' with type 'ros.ament_cmake' and name 'kiss_icp'
[0.185s] Level 1:colcon.colcon_core.package_identification:_identify(livox_converter) by extensions ['ignore', 'ignore_ament_install']
[0.185s] Level 1:colcon.colcon_core.package_identification:_identify(livox_converter) by extension 'ignore'
[0.185s] Level 1:colcon.colcon_core.package_identification:_identify(livox_converter) by extension 'ignore_ament_install'
[0.185s] Level 1:colcon.colcon_core.package_identification:_identify(livox_converter) by extensions ['colcon_pkg']
[0.186s] Level 1:colcon.colcon_core.package_identification:_identify(livox_converter) by extension 'colcon_pkg'
[0.186s] Level 1:colcon.colcon_core.package_identification:_identify(livox_converter) by extensions ['colcon_meta']
[0.186s] Level 1:colcon.colcon_core.package_identification:_identify(livox_converter) by extension 'colcon_meta'
[0.186s] Level 1:colcon.colcon_core.package_identification:_identify(livox_converter) by extensions ['ros']
[0.186s] Level 1:colcon.colcon_core.package_identification:_identify(livox_converter) by extension 'ros'
[0.186s] DEBUG:colcon.colcon_core.package_identification:Package 'livox_converter' with type 'ros.ament_python' and name 'livox_converter'
[0.186s] Level 1:colcon.colcon_core.package_identification:_identify(log) by extensions ['ignore', 'ignore_ament_install']
[0.186s] Level 1:colcon.colcon_core.package_identification:_identify(log) by extension 'ignore'
[0.186s] Level 1:colcon.colcon_core.package_identification:_identify(log) ignored
[0.186s] Level 1:colcon.colcon_core.package_discovery:discover_packages(recursive) using defaults
[0.186s] Level 1:colcon.colcon_core.package_discovery:discover_packages(ignore) discover
[0.186s] Level 1:colcon.colcon_core.package_discovery:discover_packages(ignore) using defaults
[0.186s] Level 1:colcon.colcon_core.package_discovery:discover_packages(path) discover
[0.186s] Level 1:colcon.colcon_core.package_discovery:discover_packages(path) using defaults
[0.204s] Level 1:colcon.colcon_core.package_discovery:discover_packages(prefix_path) check parameters
[0.204s] Level 1:colcon.colcon_core.package_discovery:discover_packages(prefix_path) discover
[0.206s] DEBUG:colcon.colcon_installed_package_information.package_discovery:Found 303 installed packages in /opt/ros/humble
[0.207s] Level 1:colcon.colcon_core.package_discovery:discover_packages(prefix_path) using defaults
[0.228s] Level 5:colcon.colcon_core.verb:set package 'kiss_icp' build argument 'cmake_args' from command line to 'None'
[0.228s] Level 5:colcon.colcon_core.verb:set package 'kiss_icp' build argument 'cmake_target' from command line to 'None'
[0.228s] Level 5:colcon.colcon_core.verb:set package 'kiss_icp' build argument 'cmake_target_skip_unavailable' from command line to 'False'
[0.228s] Level 5:colcon.colcon_core.verb:set package 'kiss_icp' build argument 'cmake_clean_cache' from command line to 'False'
[0.228s] Level 5:colcon.colcon_core.verb:set package 'kiss_icp' build argument 'cmake_clean_first' from command line to 'False'
[0.228s] Level 5:colcon.colcon_core.verb:set package 'kiss_icp' build argument 'cmake_force_configure' from command line to 'False'
[0.228s] Level 5:colcon.colcon_core.verb:set package 'kiss_icp' build argument 'ament_cmake_args' from command line to 'None'
[0.228s] Level 5:colcon.colcon_core.verb:set package 'kiss_icp' build argument 'catkin_cmake_args' from command line to 'None'
[0.228s] Level 5:colcon.colcon_core.verb:set package 'kiss_icp' build argument 'catkin_skip_building_tests' from command line to 'False'
[0.228s] DEBUG:colcon.colcon_core.verb:Building package 'kiss_icp' with the following arguments: {'ament_cmake_args': None, 'build_base': '/home/aria/lidarslam/src/build/kiss_icp', 'catkin_cmake_args': None, 'catkin_skip_building_tests': False, 'cmake_args': None, 'cmake_clean_cache': False, 'cmake_clean_first': False, 'cmake_force_configure': False, 'cmake_target': None, 'cmake_target_skip_unavailable': False, 'install_base': '/home/aria/lidarslam/src/install/kiss_icp', 'merge_install': False, 'path': '/home/aria/lidarslam/src/kiss-icp/ros', 'symlink_install': False, 'test_result_base': None}
[0.229s] Level 5:colcon.colcon_core.verb:set package 'livox_converter' build argument 'cmake_args' from command line to 'None'
[0.229s] Level 5:colcon.colcon_core.verb:set package 'livox_converter' build argument 'cmake_target' from command line to 'None'
[0.229s] Level 5:colcon.colcon_core.verb:set package 'livox_converter' build argument 'cmake_target_skip_unavailable' from command line to 'False'
[0.229s] Level 5:colcon.colcon_core.verb:set package 'livox_converter' build argument 'cmake_clean_cache' from command line to 'False'
[0.229s] Level 5:colcon.colcon_core.verb:set package 'livox_converter' build argument 'cmake_clean_first' from command line to 'False'
[0.229s] Level 5:colcon.colcon_core.verb:set package 'livox_converter' build argument 'cmake_force_configure' from command line to 'False'
[0.229s] Level 5:colcon.colcon_core.verb:set package 'livox_converter' build argument 'ament_cmake_args' from command line to 'None'
[0.229s] Level 5:colcon.colcon_core.verb:set package 'livox_converter' build argument 'catkin_cmake_args' from command line to 'None'
[0.229s] Level 5:colcon.colcon_core.verb:set package 'livox_converter' build argument 'catkin_skip_building_tests' from command line to 'False'
[0.229s] DEBUG:colcon.colcon_core.verb:Building package 'livox_converter' with the following arguments: {'ament_cmake_args': None, 'build_base': '/home/aria/lidarslam/src/build/livox_converter', 'catkin_cmake_args': None, 'catkin_skip_building_tests': False, 'cmake_args': None, 'cmake_clean_cache': False, 'cmake_clean_first': False, 'cmake_force_configure': False, 'cmake_target': None, 'cmake_target_skip_unavailable': False, 'install_base': '/home/aria/lidarslam/src/install/livox_converter', 'merge_install': False, 'path': '/home/aria/lidarslam/src/livox_converter', 'symlink_install': False, 'test_result_base': None}
[0.229s] INFO:colcon.colcon_core.executor:Executing jobs using 'parallel' executor
[0.230s] DEBUG:colcon.colcon_parallel_executor.executor.parallel:run_until_complete
[0.230s] INFO:colcon.colcon_ros.task.ament_cmake.build:Building ROS package in '/home/aria/lidarslam/src/kiss-icp/ros' with build type 'ament_cmake'
[0.230s] INFO:colcon.colcon_cmake.task.cmake.build:Building CMake package in '/home/aria/lidarslam/src/kiss-icp/ros'
[0.231s] INFO:colcon.colcon_core.plugin_system:Skipping extension 'colcon_core.shell.bat': Not used on non-Windows systems
[0.231s] INFO:colcon.colcon_core.shell:Skip shell extension 'powershell' for command environment: Not usable outside of PowerShell
[0.231s] DEBUG:colcon.colcon_core.shell:Skip shell extension 'dsv' for command environment
[0.233s] INFO:colcon.colcon_ros.task.ament_python.build:Building ROS package in '/home/aria/lidarslam/src/livox_converter' with build type 'ament_python'
[0.233s] Level 1:colcon.colcon_core.shell:create_environment_hook('livox_converter', 'ament_prefix_path')
[0.233s] INFO:colcon.colcon_core.shell:Creating environment hook '/home/aria/lidarslam/src/install/livox_converter/share/livox_converter/hook/ament_prefix_path.ps1'
[0.234s] INFO:colcon.colcon_core.shell:Creating environment descriptor '/home/aria/lidarslam/src/install/livox_converter/share/livox_converter/hook/ament_prefix_path.dsv'
[0.234s] INFO:colcon.colcon_core.shell:Creating environment hook '/home/aria/lidarslam/src/install/livox_converter/share/livox_converter/hook/ament_prefix_path.sh'
[0.234s] INFO:colcon.colcon_core.shell:Skip shell extension 'powershell' for command environment: Not usable outside of PowerShell
[0.234s] DEBUG:colcon.colcon_core.shell:Skip shell extension 'dsv' for command environment
[0.241s] DEBUG:colcon.colcon_core.event_handler.log_command:Invoking command in '/home/aria/lidarslam/src/build/kiss_icp': CMAKE_PREFIX_PATH=/opt/ros/humble /usr/bin/cmake --build /home/aria/lidarslam/src/build/kiss_icp -- -j20 -l20
[0.407s] INFO:colcon.colcon_core.task.python.build:Building Python package in '/home/aria/lidarslam/src/livox_converter'
[0.407s] INFO:colcon.colcon_core.shell:Skip shell extension 'powershell' for command environment: Not usable outside of PowerShell
[0.407s] DEBUG:colcon.colcon_core.shell:Skip shell extension 'dsv' for command environment
[0.410s] DEBUG:colcon.colcon_core.event_handler.log_command:Invoked command in '/home/aria/lidarslam/src/build/kiss_icp' returned '0': CMAKE_PREFIX_PATH=/opt/ros/humble /usr/bin/cmake --build /home/aria/lidarslam/src/build/kiss_icp -- -j20 -l20
[0.417s] DEBUG:colcon.colcon_core.event_handler.log_command:Invoking command in '/home/aria/lidarslam/src/build/kiss_icp': CMAKE_PREFIX_PATH=/opt/ros/humble /usr/bin/cmake --install /home/aria/lidarslam/src/build/kiss_icp
[0.424s] Level 1:colcon.colcon_core.environment:create_environment_scripts_only(kiss_icp)
[0.424s] DEBUG:colcon.colcon_core.event_handler.log_command:Invoked command in '/home/aria/lidarslam/src/build/kiss_icp' returned '0': CMAKE_PREFIX_PATH=/opt/ros/humble /usr/bin/cmake --install /home/aria/lidarslam/src/build/kiss_icp
[0.426s] Level 1:colcon.colcon_core.environment:checking '/home/aria/lidarslam/src/install/kiss_icp' for CMake module files
[0.426s] Level 1:colcon.colcon_core.environment:checking '/home/aria/lidarslam/src/install/kiss_icp' for CMake config files
[0.426s] Level 1:colcon.colcon_core.shell:create_environment_hook('kiss_icp', 'cmake_prefix_path')
[0.426s] INFO:colcon.colcon_core.shell:Creating environment hook '/home/aria/lidarslam/src/install/kiss_icp/share/kiss_icp/hook/cmake_prefix_path.ps1'
[0.426s] INFO:colcon.colcon_core.shell:Creating environment descriptor '/home/aria/lidarslam/src/install/kiss_icp/share/kiss_icp/hook/cmake_prefix_path.dsv'
[0.427s] INFO:colcon.colcon_core.shell:Creating environment hook '/home/aria/lidarslam/src/install/kiss_icp/share/kiss_icp/hook/cmake_prefix_path.sh'
[0.427s] Level 1:colcon.colcon_core.environment:checking '/home/aria/lidarslam/src/install/kiss_icp/lib'
[0.427s] Level 1:colcon.colcon_core.shell:create_environment_hook('kiss_icp', 'ld_library_path_lib')
[0.427s] INFO:colcon.colcon_core.shell:Creating environment hook '/home/aria/lidarslam/src/install/kiss_icp/share/kiss_icp/hook/ld_library_path_lib.ps1'
[0.427s] INFO:colcon.colcon_core.shell:Creating environment descriptor '/home/aria/lidarslam/src/install/kiss_icp/share/kiss_icp/hook/ld_library_path_lib.dsv'
[0.428s] INFO:colcon.colcon_core.shell:Creating environment hook '/home/aria/lidarslam/src/install/kiss_icp/share/kiss_icp/hook/ld_library_path_lib.sh'
[0.428s] Level 1:colcon.colcon_core.environment:checking '/home/aria/lidarslam/src/install/kiss_icp/bin'
[0.428s] Level 1:colcon.colcon_core.environment:checking '/home/aria/lidarslam/src/install/kiss_icp/lib/pkgconfig/kiss_icp.pc'
[0.428s] Level 1:colcon.colcon_core.environment:checking '/home/aria/lidarslam/src/install/kiss_icp/lib/python3.10/site-packages'
[0.428s] Level 1:colcon.colcon_core.environment:checking '/home/aria/lidarslam/src/install/kiss_icp/bin'
[0.428s] INFO:colcon.colcon_core.shell:Creating package script '/home/aria/lidarslam/src/install/kiss_icp/share/kiss_icp/package.ps1'
[0.429s] INFO:colcon.colcon_core.shell:Creating package descriptor '/home/aria/lidarslam/src/install/kiss_icp/share/kiss_icp/package.dsv'
[0.429s] INFO:colcon.colcon_core.shell:Creating package script '/home/aria/lidarslam/src/install/kiss_icp/share/kiss_icp/package.sh'
[0.430s] INFO:colcon.colcon_core.shell:Creating package script '/home/aria/lidarslam/src/install/kiss_icp/share/kiss_icp/package.bash'
[0.430s] INFO:colcon.colcon_core.shell:Creating package script '/home/aria/lidarslam/src/install/kiss_icp/share/kiss_icp/package.zsh'
[0.430s] Level 1:colcon.colcon_core.environment:create_file_with_runtime_dependencies(/home/aria/lidarslam/src/install/kiss_icp/share/colcon-core/packages/kiss_icp)
[0.431s] Level 1:colcon.colcon_core.environment:create_environment_scripts_only(kiss_icp)
[0.431s] Level 1:colcon.colcon_core.environment:checking '/home/aria/lidarslam/src/install/kiss_icp' for CMake module files
[0.431s] Level 1:colcon.colcon_core.environment:checking '/home/aria/lidarslam/src/install/kiss_icp' for CMake config files
[0.431s] Level 1:colcon.colcon_core.shell:create_environment_hook('kiss_icp', 'cmake_prefix_path')
[0.431s] INFO:colcon.colcon_core.shell:Creating environment hook '/home/aria/lidarslam/src/install/kiss_icp/share/kiss_icp/hook/cmake_prefix_path.ps1'
[0.431s] INFO:colcon.colcon_core.shell:Creating environment descriptor '/home/aria/lidarslam/src/install/kiss_icp/share/kiss_icp/hook/cmake_prefix_path.dsv'
[0.432s] INFO:colcon.colcon_core.shell:Creating environment hook '/home/aria/lidarslam/src/install/kiss_icp/share/kiss_icp/hook/cmake_prefix_path.sh'
[0.432s] Level 1:colcon.colcon_core.environment:checking '/home/aria/lidarslam/src/install/kiss_icp/lib'
[0.432s] Level 1:colcon.colcon_core.shell:create_environment_hook('kiss_icp', 'ld_library_path_lib')
[0.432s] INFO:colcon.colcon_core.shell:Creating environment hook '/home/aria/lidarslam/src/install/kiss_icp/share/kiss_icp/hook/ld_library_path_lib.ps1'
[0.432s] INFO:colcon.colcon_core.shell:Creating environment descriptor '/home/aria/lidarslam/src/install/kiss_icp/share/kiss_icp/hook/ld_library_path_lib.dsv'
[0.432s] INFO:colcon.colcon_core.shell:Creating environment hook '/home/aria/lidarslam/src/install/kiss_icp/share/kiss_icp/hook/ld_library_path_lib.sh'
[0.433s] Level 1:colcon.colcon_core.environment:checking '/home/aria/lidarslam/src/install/kiss_icp/bin'
[0.433s] Level 1:colcon.colcon_core.environment:checking '/home/aria/lidarslam/src/install/kiss_icp/lib/pkgconfig/kiss_icp.pc'
[0.433s] Level 1:colcon.colcon_core.environment:checking '/home/aria/lidarslam/src/install/kiss_icp/lib/python3.10/site-packages'
[0.433s] Level 1:colcon.colcon_core.environment:checking '/home/aria/lidarslam/src/install/kiss_icp/bin'
[0.433s] INFO:colcon.colcon_core.shell:Creating package script '/home/aria/lidarslam/src/install/kiss_icp/share/kiss_icp/package.ps1'
[0.433s] INFO:colcon.colcon_core.shell:Creating package descriptor '/home/aria/lidarslam/src/install/kiss_icp/share/kiss_icp/package.dsv'
[0.434s] INFO:colcon.colcon_core.shell:Creating package script '/home/aria/lidarslam/src/install/kiss_icp/share/kiss_icp/package.sh'
[0.434s] INFO:colcon.colcon_core.shell:Creating package script '/home/aria/lidarslam/src/install/kiss_icp/share/kiss_icp/package.bash'
[0.434s] INFO:colcon.colcon_core.shell:Creating package script '/home/aria/lidarslam/src/install/kiss_icp/share/kiss_icp/package.zsh'
[0.434s] Level 1:colcon.colcon_core.environment:create_file_with_runtime_dependencies(/home/aria/lidarslam/src/install/kiss_icp/share/colcon-core/packages/kiss_icp)
[0.804s] DEBUG:colcon.colcon_core.event_handler.log_command:Invoking command in '/home/aria/lidarslam/src/livox_converter': PYTHONPATH=/home/aria/lidarslam/src/build/livox_converter/prefix_override:/usr/lib/python3/dist-packages/colcon_core/task/python/colcon_distutils_commands:/home/aria/lidarslam/src/install/livox_converter/lib/python3.10/site-packages:${PYTHONPATH} /usr/bin/python3 -W ignore:setup.py install is deprecated -W ignore:easy_install command is deprecated setup.py egg_info --egg-base ../build/livox_converter build --build-base /home/aria/lidarslam/src/build/livox_converter/build install --record /home/aria/lidarslam/src/build/livox_converter/install.log --single-version-externally-managed install_data
[0.994s] Level 1:colcon.colcon_core.environment:checking '/home/aria/lidarslam/src/install/livox_converter' for CMake module files
[0.995s] DEBUG:colcon.colcon_core.event_handler.log_command:Invoked command in '/home/aria/lidarslam/src/livox_converter' returned '0': PYTHONPATH=/home/aria/lidarslam/src/build/livox_converter/prefix_override:/usr/lib/python3/dist-packages/colcon_core/task/python/colcon_distutils_commands:/home/aria/lidarslam/src/install/livox_converter/lib/python3.10/site-packages:${PYTHONPATH} /usr/bin/python3 -W ignore:setup.py install is deprecated -W ignore:easy_install command is deprecated setup.py egg_info --egg-base ../build/livox_converter build --build-base /home/aria/lidarslam/src/build/livox_converter/build install --record /home/aria/lidarslam/src/build/livox_converter/install.log --single-version-externally-managed install_data
[0.995s] Level 1:colcon.colcon_core.environment:checking '/home/aria/lidarslam/src/install/livox_converter' for CMake config files
[0.995s] Level 1:colcon.colcon_core.environment:checking '/home/aria/lidarslam/src/install/livox_converter/lib'
[0.995s] Level 1:colcon.colcon_core.environment:checking '/home/aria/lidarslam/src/install/livox_converter/bin'
[0.995s] Level 1:colcon.colcon_core.environment:checking '/home/aria/lidarslam/src/install/livox_converter/lib/pkgconfig/livox_converter.pc'
[0.995s] Level 1:colcon.colcon_core.environment:checking '/home/aria/lidarslam/src/install/livox_converter/lib/python3.10/site-packages'
[0.995s] Level 1:colcon.colcon_core.shell:create_environment_hook('livox_converter', 'pythonpath')
[0.996s] INFO:colcon.colcon_core.shell:Creating environment hook '/home/aria/lidarslam/src/install/livox_converter/share/livox_converter/hook/pythonpath.ps1'
[0.996s] INFO:colcon.colcon_core.shell:Creating environment descriptor '/home/aria/lidarslam/src/install/livox_converter/share/livox_converter/hook/pythonpath.dsv'
[0.996s] INFO:colcon.colcon_core.shell:Creating environment hook '/home/aria/lidarslam/src/install/livox_converter/share/livox_converter/hook/pythonpath.sh'
[0.996s] Level 1:colcon.colcon_core.environment:checking '/home/aria/lidarslam/src/install/livox_converter/bin'
[0.996s] Level 1:colcon.colcon_core.environment:create_environment_scripts_only(livox_converter)
[0.997s] INFO:colcon.colcon_core.shell:Creating package script '/home/aria/lidarslam/src/install/livox_converter/share/livox_converter/package.ps1'
[0.997s] INFO:colcon.colcon_core.shell:Creating package descriptor '/home/aria/lidarslam/src/install/livox_converter/share/livox_converter/package.dsv'
[0.997s] INFO:colcon.colcon_core.shell:Creating package script '/home/aria/lidarslam/src/install/livox_converter/share/livox_converter/package.sh'
[0.997s] INFO:colcon.colcon_core.shell:Creating package script '/home/aria/lidarslam/src/install/livox_converter/share/livox_converter/package.bash'
[0.998s] INFO:colcon.colcon_core.shell:Creating package script '/home/aria/lidarslam/src/install/livox_converter/share/livox_converter/package.zsh'
[0.998s] Level 1:colcon.colcon_core.environment:create_file_with_runtime_dependencies(/home/aria/lidarslam/src/install/livox_converter/share/colcon-core/packages/livox_converter)
[0.998s] DEBUG:colcon.colcon_parallel_executor.executor.parallel:closing loop
[0.998s] DEBUG:colcon.colcon_parallel_executor.executor.parallel:loop closed
[0.998s] DEBUG:colcon.colcon_parallel_executor.executor.parallel:run_until_complete finished with '0'
[0.998s] DEBUG:colcon.colcon_core.event_reactor:joining thread
[1.004s] INFO:colcon.colcon_core.plugin_system:Skipping extension 'colcon_notification.desktop_notification.terminal_notifier': Not used on non-Darwin systems
[1.004s] INFO:colcon.colcon_core.plugin_system:Skipping extension 'colcon_notification.desktop_notification.win32': Not used on non-Windows systems
[1.004s] INFO:colcon.colcon_notification.desktop_notification:Sending desktop notification using 'notify2'
[1.013s] DEBUG:colcon.colcon_core.event_reactor:joined thread
[1.013s] INFO:colcon.colcon_core.shell:Creating prefix script '/home/aria/lidarslam/src/install/local_setup.ps1'
[1.014s] INFO:colcon.colcon_core.shell:Creating prefix util module '/home/aria/lidarslam/src/install/_local_setup_util_ps1.py'
[1.014s] INFO:colcon.colcon_core.shell:Creating prefix chain script '/home/aria/lidarslam/src/install/setup.ps1'
[1.015s] INFO:colcon.colcon_core.shell:Creating prefix script '/home/aria/lidarslam/src/install/local_setup.sh'
[1.015s] INFO:colcon.colcon_core.shell:Creating prefix util module '/home/aria/lidarslam/src/install/_local_setup_util_sh.py'
[1.016s] INFO:colcon.colcon_core.shell:Creating prefix chain script '/home/aria/lidarslam/src/install/setup.sh'
[1.016s] INFO:colcon.colcon_core.shell:Creating prefix script '/home/aria/lidarslam/src/install/local_setup.bash'
[1.016s] INFO:colcon.colcon_core.shell:Creating prefix chain script '/home/aria/lidarslam/src/install/setup.bash'
[1.017s] INFO:colcon.colcon_core.shell:Creating prefix script '/home/aria/lidarslam/src/install/local_setup.zsh'
[1.017s] INFO:colcon.colcon_core.shell:Creating prefix chain script '/home/aria/lidarslam/src/install/setup.zsh'
