[0.008s] Invoking command in '/home/aria/lidarslam/ws_mid360/build/lio_sam': CMAKE_PREFIX_PATH=/opt/ros/humble /usr/bin/cmake --build /home/aria/lidarslam/ws_mid360/build/lio_sam -- -j20 -l20
[0.053s] [  8%] Built target lio_sam__rosidl_generator_c
[0.056s] [ 10%] Built target lio_sam__cpp
[0.058s] [ 10%] Built target ament_cmake_python_copy_lio_sam
[0.069s] [ 19%] Built target lio_sam__rosidl_typesupport_c
[0.070s] [ 27%] Built target lio_sam__rosidl_typesupport_introspection_c
[0.072s] [ 36%] Built target lio_sam__rosidl_typesupport_cpp
[0.074s] [ 44%] Built target lio_sam__rosidl_typesupport_fastrtps_c
[0.076s] [ 53%] Built target lio_sam__rosidl_typesupport_introspection_cpp
[0.079s] [ 61%] Built target lio_sam__rosidl_typesupport_fastrtps_cpp
[0.086s] [35m[1mConsolidate compiler generated dependencies of target lio_sam_imuPreintegration[0m
[0.092s] [ 61%] Built target lio_sam
[0.098s] [ 65%] Built target lio_sam_imageProjection
[0.103s] [ 70%] Built target lio_sam_featureExtraction
[0.112s] [ 72%] Built target lio_sam__py
[0.113s] [ 76%] Built target lio_sam_mapOptimization
[0.113s] [ 78%] [32mBuilding CXX object CMakeFiles/lio_sam_imuPreintegration.dir/src/imuPreintegration.cpp.o[0m
[0.138s] [ 85%] Built target lio_sam__rosidl_generator_py
[0.162s] [ 91%] Built target lio_sam__rosidl_typesupport_introspection_c__pyext
[0.162s] [ 93%] Built target lio_sam__rosidl_typesupport_c__pyext
[0.162s] [ 97%] Built target lio_sam__rosidl_typesupport_fastrtps_c__pyext
[0.218s] running egg_info
[0.219s] writing lio_sam.egg-info/PKG-INFO
[0.219s] writing dependency_links to lio_sam.egg-info/dependency_links.txt
[0.219s] writing top-level names to lio_sam.egg-info/top_level.txt
[0.220s] reading manifest file 'lio_sam.egg-info/SOURCES.txt'
[0.221s] writing manifest file 'lio_sam.egg-info/SOURCES.txt'
[0.241s] [ 97%] Built target ament_cmake_python_build_lio_sam_egg
[24.181s] [100%] [32m[1mLinking CXX executable lio_sam_imuPreintegration[0m
[24.603s] [100%] Built target lio_sam_imuPreintegration
[24.617s] Invoked command in '/home/aria/lidarslam/ws_mid360/build/lio_sam' returned '0': CMAKE_PREFIX_PATH=/opt/ros/humble /usr/bin/cmake --build /home/aria/lidarslam/ws_mid360/build/lio_sam -- -j20 -l20
[24.630s] Invoking command in '/home/aria/lidarslam/ws_mid360/build/lio_sam': CMAKE_PREFIX_PATH=/opt/ros/humble /usr/bin/cmake --install /home/aria/lidarslam/ws_mid360/build/lio_sam
[24.639s] -- Install configuration: "Release"
[24.640s] -- Up-to-date: /home/aria/lidarslam/ws_mid360/install/lio_sam/share/ament_index/resource_index/rosidl_interfaces/lio_sam
[24.640s] -- Up-to-date: /home/aria/lidarslam/ws_mid360/install/lio_sam/include/lio_sam/lio_sam
[24.640s] -- Up-to-date: /home/aria/lidarslam/ws_mid360/install/lio_sam/include/lio_sam/lio_sam/srv
[24.640s] -- Up-to-date: /home/aria/lidarslam/ws_mid360/install/lio_sam/include/lio_sam/lio_sam/srv/detail
[24.640s] -- Up-to-date: /home/aria/lidarslam/ws_mid360/install/lio_sam/include/lio_sam/lio_sam/srv/detail/save_map__functions.c
[24.640s] -- Up-to-date: /home/aria/lidarslam/ws_mid360/install/lio_sam/include/lio_sam/lio_sam/srv/detail/save_map__type_support.h
[24.640s] -- Up-to-date: /home/aria/lidarslam/ws_mid360/install/lio_sam/include/lio_sam/lio_sam/srv/detail/save_map__functions.h
[24.640s] -- Up-to-date: /home/aria/lidarslam/ws_mid360/install/lio_sam/include/lio_sam/lio_sam/srv/detail/save_map__struct.h
[24.640s] -- Up-to-date: /home/aria/lidarslam/ws_mid360/install/lio_sam/include/lio_sam/lio_sam/srv/save_map.h
[24.640s] -- Up-to-date: /home/aria/lidarslam/ws_mid360/install/lio_sam/include/lio_sam/lio_sam/msg
[24.640s] -- Up-to-date: /home/aria/lidarslam/ws_mid360/install/lio_sam/include/lio_sam/lio_sam/msg/cloud_info.h
[24.640s] -- Up-to-date: /home/aria/lidarslam/ws_mid360/install/lio_sam/include/lio_sam/lio_sam/msg/rosidl_generator_c__visibility_control.h
[24.641s] -- Up-to-date: /home/aria/lidarslam/ws_mid360/install/lio_sam/include/lio_sam/lio_sam/msg/detail
[24.641s] -- Up-to-date: /home/aria/lidarslam/ws_mid360/install/lio_sam/include/lio_sam/lio_sam/msg/detail/cloud_info__struct.h
[24.641s] -- Up-to-date: /home/aria/lidarslam/ws_mid360/install/lio_sam/include/lio_sam/lio_sam/msg/detail/cloud_info__functions.c
[24.641s] -- Up-to-date: /home/aria/lidarslam/ws_mid360/install/lio_sam/include/lio_sam/lio_sam/msg/detail/cloud_info__functions.h
[24.641s] -- Up-to-date: /home/aria/lidarslam/ws_mid360/install/lio_sam/include/lio_sam/lio_sam/msg/detail/cloud_info__type_support.h
[24.641s] -- Up-to-date: /home/aria/lidarslam/ws_mid360/install/lio_sam/share/lio_sam/environment/library_path.sh
[24.641s] -- Up-to-date: /home/aria/lidarslam/ws_mid360/install/lio_sam/share/lio_sam/environment/library_path.dsv
[24.641s] -- Up-to-date: /home/aria/lidarslam/ws_mid360/install/lio_sam/lib/liblio_sam__rosidl_generator_c.so
[24.641s] -- Up-to-date: /home/aria/lidarslam/ws_mid360/install/lio_sam/include/lio_sam/lio_sam
[24.641s] -- Up-to-date: /home/aria/lidarslam/ws_mid360/install/lio_sam/include/lio_sam/lio_sam/srv
[24.641s] -- Up-to-date: /home/aria/lidarslam/ws_mid360/install/lio_sam/include/lio_sam/lio_sam/srv/detail
[24.641s] -- Up-to-date: /home/aria/lidarslam/ws_mid360/install/lio_sam/include/lio_sam/lio_sam/srv/detail/save_map__rosidl_typesupport_fastrtps_c.h
[24.641s] -- Up-to-date: /home/aria/lidarslam/ws_mid360/install/lio_sam/include/lio_sam/lio_sam/msg
[24.641s] -- Up-to-date: /home/aria/lidarslam/ws_mid360/install/lio_sam/include/lio_sam/lio_sam/msg/rosidl_typesupport_fastrtps_c__visibility_control.h
[24.642s] -- Up-to-date: /home/aria/lidarslam/ws_mid360/install/lio_sam/include/lio_sam/lio_sam/msg/detail
[24.642s] -- Up-to-date: /home/aria/lidarslam/ws_mid360/install/lio_sam/include/lio_sam/lio_sam/msg/detail/cloud_info__rosidl_typesupport_fastrtps_c.h
[24.642s] -- Up-to-date: /home/aria/lidarslam/ws_mid360/install/lio_sam/lib/liblio_sam__rosidl_typesupport_fastrtps_c.so
[24.642s] -- Up-to-date: /home/aria/lidarslam/ws_mid360/install/lio_sam/include/lio_sam/lio_sam
[24.642s] -- Up-to-date: /home/aria/lidarslam/ws_mid360/install/lio_sam/include/lio_sam/lio_sam/srv
[24.642s] -- Up-to-date: /home/aria/lidarslam/ws_mid360/install/lio_sam/include/lio_sam/lio_sam/srv/detail
[24.642s] -- Up-to-date: /home/aria/lidarslam/ws_mid360/install/lio_sam/include/lio_sam/lio_sam/srv/detail/save_map__type_support.c
[24.642s] -- Up-to-date: /home/aria/lidarslam/ws_mid360/install/lio_sam/include/lio_sam/lio_sam/srv/detail/save_map__rosidl_typesupport_introspection_c.h
[24.642s] -- Up-to-date: /home/aria/lidarslam/ws_mid360/install/lio_sam/include/lio_sam/lio_sam/msg
[24.642s] -- Up-to-date: /home/aria/lidarslam/ws_mid360/install/lio_sam/include/lio_sam/lio_sam/msg/detail
[24.642s] -- Up-to-date: /home/aria/lidarslam/ws_mid360/install/lio_sam/include/lio_sam/lio_sam/msg/detail/cloud_info__type_support.c
[24.642s] -- Up-to-date: /home/aria/lidarslam/ws_mid360/install/lio_sam/include/lio_sam/lio_sam/msg/detail/cloud_info__rosidl_typesupport_introspection_c.h
[24.642s] -- Up-to-date: /home/aria/lidarslam/ws_mid360/install/lio_sam/include/lio_sam/lio_sam/msg/rosidl_typesupport_introspection_c__visibility_control.h
[24.642s] -- Up-to-date: /home/aria/lidarslam/ws_mid360/install/lio_sam/lib/liblio_sam__rosidl_typesupport_introspection_c.so
[24.642s] -- Up-to-date: /home/aria/lidarslam/ws_mid360/install/lio_sam/lib/liblio_sam__rosidl_typesupport_c.so
[24.643s] -- Up-to-date: /home/aria/lidarslam/ws_mid360/install/lio_sam/include/lio_sam/lio_sam
[24.643s] -- Up-to-date: /home/aria/lidarslam/ws_mid360/install/lio_sam/include/lio_sam/lio_sam/srv
[24.643s] -- Up-to-date: /home/aria/lidarslam/ws_mid360/install/lio_sam/include/lio_sam/lio_sam/srv/save_map.hpp
[24.643s] -- Up-to-date: /home/aria/lidarslam/ws_mid360/install/lio_sam/include/lio_sam/lio_sam/srv/detail
[24.643s] -- Up-to-date: /home/aria/lidarslam/ws_mid360/install/lio_sam/include/lio_sam/lio_sam/srv/detail/save_map__builder.hpp
[24.643s] -- Up-to-date: /home/aria/lidarslam/ws_mid360/install/lio_sam/include/lio_sam/lio_sam/srv/detail/save_map__traits.hpp
[24.643s] -- Up-to-date: /home/aria/lidarslam/ws_mid360/install/lio_sam/include/lio_sam/lio_sam/srv/detail/save_map__type_support.hpp
[24.643s] -- Up-to-date: /home/aria/lidarslam/ws_mid360/install/lio_sam/include/lio_sam/lio_sam/srv/detail/save_map__struct.hpp
[24.643s] -- Up-to-date: /home/aria/lidarslam/ws_mid360/install/lio_sam/include/lio_sam/lio_sam/msg
[24.643s] -- Up-to-date: /home/aria/lidarslam/ws_mid360/install/lio_sam/include/lio_sam/lio_sam/msg/rosidl_generator_cpp__visibility_control.hpp
[24.643s] -- Up-to-date: /home/aria/lidarslam/ws_mid360/install/lio_sam/include/lio_sam/lio_sam/msg/cloud_info.hpp
[24.643s] -- Up-to-date: /home/aria/lidarslam/ws_mid360/install/lio_sam/include/lio_sam/lio_sam/msg/detail
[24.643s] -- Up-to-date: /home/aria/lidarslam/ws_mid360/install/lio_sam/include/lio_sam/lio_sam/msg/detail/cloud_info__struct.hpp
[24.643s] -- Up-to-date: /home/aria/lidarslam/ws_mid360/install/lio_sam/include/lio_sam/lio_sam/msg/detail/cloud_info__type_support.hpp
[24.643s] -- Up-to-date: /home/aria/lidarslam/ws_mid360/install/lio_sam/include/lio_sam/lio_sam/msg/detail/cloud_info__traits.hpp
[24.643s] -- Up-to-date: /home/aria/lidarslam/ws_mid360/install/lio_sam/include/lio_sam/lio_sam/msg/detail/cloud_info__builder.hpp
[24.643s] -- Up-to-date: /home/aria/lidarslam/ws_mid360/install/lio_sam/include/lio_sam/lio_sam
[24.643s] -- Up-to-date: /home/aria/lidarslam/ws_mid360/install/lio_sam/include/lio_sam/lio_sam/srv
[24.644s] -- Up-to-date: /home/aria/lidarslam/ws_mid360/install/lio_sam/include/lio_sam/lio_sam/srv/detail
[24.644s] -- Up-to-date: /home/aria/lidarslam/ws_mid360/install/lio_sam/include/lio_sam/lio_sam/srv/detail/dds_fastrtps
[24.644s] -- Up-to-date: /home/aria/lidarslam/ws_mid360/install/lio_sam/include/lio_sam/lio_sam/srv/detail/save_map__rosidl_typesupport_fastrtps_cpp.hpp
[24.644s] -- Up-to-date: /home/aria/lidarslam/ws_mid360/install/lio_sam/include/lio_sam/lio_sam/msg
[24.644s] -- Up-to-date: /home/aria/lidarslam/ws_mid360/install/lio_sam/include/lio_sam/lio_sam/msg/detail
[24.644s] -- Up-to-date: /home/aria/lidarslam/ws_mid360/install/lio_sam/include/lio_sam/lio_sam/msg/detail/dds_fastrtps
[24.644s] -- Up-to-date: /home/aria/lidarslam/ws_mid360/install/lio_sam/include/lio_sam/lio_sam/msg/detail/cloud_info__rosidl_typesupport_fastrtps_cpp.hpp
[24.644s] -- Up-to-date: /home/aria/lidarslam/ws_mid360/install/lio_sam/include/lio_sam/lio_sam/msg/rosidl_typesupport_fastrtps_cpp__visibility_control.h
[24.644s] -- Up-to-date: /home/aria/lidarslam/ws_mid360/install/lio_sam/lib/liblio_sam__rosidl_typesupport_fastrtps_cpp.so
[24.644s] -- Up-to-date: /home/aria/lidarslam/ws_mid360/install/lio_sam/include/lio_sam/lio_sam
[24.644s] -- Up-to-date: /home/aria/lidarslam/ws_mid360/install/lio_sam/include/lio_sam/lio_sam/srv
[24.644s] -- Up-to-date: /home/aria/lidarslam/ws_mid360/install/lio_sam/include/lio_sam/lio_sam/srv/detail
[24.644s] -- Up-to-date: /home/aria/lidarslam/ws_mid360/install/lio_sam/include/lio_sam/lio_sam/srv/detail/save_map__type_support.cpp
[24.644s] -- Up-to-date: /home/aria/lidarslam/ws_mid360/install/lio_sam/include/lio_sam/lio_sam/srv/detail/save_map__rosidl_typesupport_introspection_cpp.hpp
[24.644s] -- Up-to-date: /home/aria/lidarslam/ws_mid360/install/lio_sam/include/lio_sam/lio_sam/msg
[24.644s] -- Up-to-date: /home/aria/lidarslam/ws_mid360/install/lio_sam/include/lio_sam/lio_sam/msg/detail
[24.644s] -- Up-to-date: /home/aria/lidarslam/ws_mid360/install/lio_sam/include/lio_sam/lio_sam/msg/detail/cloud_info__rosidl_typesupport_introspection_cpp.hpp
[24.644s] -- Up-to-date: /home/aria/lidarslam/ws_mid360/install/lio_sam/include/lio_sam/lio_sam/msg/detail/cloud_info__type_support.cpp
[24.645s] -- Up-to-date: /home/aria/lidarslam/ws_mid360/install/lio_sam/lib/liblio_sam__rosidl_typesupport_introspection_cpp.so
[24.645s] -- Up-to-date: /home/aria/lidarslam/ws_mid360/install/lio_sam/lib/liblio_sam__rosidl_typesupport_cpp.so
[24.645s] -- Up-to-date: /home/aria/lidarslam/ws_mid360/install/lio_sam/share/lio_sam/environment/pythonpath.sh
[24.645s] -- Up-to-date: /home/aria/lidarslam/ws_mid360/install/lio_sam/share/lio_sam/environment/pythonpath.dsv
[24.645s] -- Up-to-date: /home/aria/lidarslam/ws_mid360/install/lio_sam/local/lib/python3.10/dist-packages/lio_sam-1.0.0-py3.10.egg-info
[24.645s] -- Installing: /home/aria/lidarslam/ws_mid360/install/lio_sam/local/lib/python3.10/dist-packages/lio_sam-1.0.0-py3.10.egg-info/dependency_links.txt
[24.645s] -- Installing: /home/aria/lidarslam/ws_mid360/install/lio_sam/local/lib/python3.10/dist-packages/lio_sam-1.0.0-py3.10.egg-info/SOURCES.txt
[24.645s] -- Installing: /home/aria/lidarslam/ws_mid360/install/lio_sam/local/lib/python3.10/dist-packages/lio_sam-1.0.0-py3.10.egg-info/PKG-INFO
[24.645s] -- Installing: /home/aria/lidarslam/ws_mid360/install/lio_sam/local/lib/python3.10/dist-packages/lio_sam-1.0.0-py3.10.egg-info/top_level.txt
[24.645s] -- Up-to-date: /home/aria/lidarslam/ws_mid360/install/lio_sam/local/lib/python3.10/dist-packages/lio_sam
[24.645s] -- Up-to-date: /home/aria/lidarslam/ws_mid360/install/lio_sam/local/lib/python3.10/dist-packages/lio_sam/liblio_sam__rosidl_generator_py.so
[24.645s] -- Up-to-date: /home/aria/lidarslam/ws_mid360/install/lio_sam/local/lib/python3.10/dist-packages/lio_sam/srv
[24.645s] -- Up-to-date: /home/aria/lidarslam/ws_mid360/install/lio_sam/local/lib/python3.10/dist-packages/lio_sam/srv/_save_map_s.c
[24.645s] -- Up-to-date: /home/aria/lidarslam/ws_mid360/install/lio_sam/local/lib/python3.10/dist-packages/lio_sam/srv/__init__.py
[24.645s] -- Up-to-date: /home/aria/lidarslam/ws_mid360/install/lio_sam/local/lib/python3.10/dist-packages/lio_sam/srv/_save_map.py
[24.645s] -- Up-to-date: /home/aria/lidarslam/ws_mid360/install/lio_sam/local/lib/python3.10/dist-packages/lio_sam/msg
[24.645s] -- Up-to-date: /home/aria/lidarslam/ws_mid360/install/lio_sam/local/lib/python3.10/dist-packages/lio_sam/msg/_cloud_info_s.c
[24.645s] -- Up-to-date: /home/aria/lidarslam/ws_mid360/install/lio_sam/local/lib/python3.10/dist-packages/lio_sam/msg/_cloud_info.py
[24.645s] -- Up-to-date: /home/aria/lidarslam/ws_mid360/install/lio_sam/local/lib/python3.10/dist-packages/lio_sam/msg/__init__.py
[24.645s] -- Up-to-date: /home/aria/lidarslam/ws_mid360/install/lio_sam/local/lib/python3.10/dist-packages/lio_sam/_lio_sam_s.ep.rosidl_typesupport_fastrtps_c.c
[24.645s] -- Up-to-date: /home/aria/lidarslam/ws_mid360/install/lio_sam/local/lib/python3.10/dist-packages/lio_sam/__init__.py
[24.645s] -- Up-to-date: /home/aria/lidarslam/ws_mid360/install/lio_sam/local/lib/python3.10/dist-packages/lio_sam/lio_sam_s__rosidl_typesupport_c.cpython-310-x86_64-linux-gnu.so
[24.645s] -- Up-to-date: /home/aria/lidarslam/ws_mid360/install/lio_sam/local/lib/python3.10/dist-packages/lio_sam/lio_sam_s__rosidl_typesupport_introspection_c.cpython-310-x86_64-linux-gnu.so
[24.646s] -- Up-to-date: /home/aria/lidarslam/ws_mid360/install/lio_sam/local/lib/python3.10/dist-packages/lio_sam/_lio_sam_s.ep.rosidl_typesupport_c.c
[24.646s] -- Up-to-date: /home/aria/lidarslam/ws_mid360/install/lio_sam/local/lib/python3.10/dist-packages/lio_sam/_lio_sam_s.ep.rosidl_typesupport_introspection_c.c
[24.646s] -- Up-to-date: /home/aria/lidarslam/ws_mid360/install/lio_sam/local/lib/python3.10/dist-packages/lio_sam/lio_sam_s__rosidl_typesupport_fastrtps_c.cpython-310-x86_64-linux-gnu.so
[24.667s] Listing '/home/aria/lidarslam/ws_mid360/install/lio_sam/local/lib/python3.10/dist-packages/lio_sam'...
[24.667s] Listing '/home/aria/lidarslam/ws_mid360/install/lio_sam/local/lib/python3.10/dist-packages/lio_sam/msg'...
[24.667s] Listing '/home/aria/lidarslam/ws_mid360/install/lio_sam/local/lib/python3.10/dist-packages/lio_sam/srv'...
[24.670s] -- Up-to-date: /home/aria/lidarslam/ws_mid360/install/lio_sam/local/lib/python3.10/dist-packages/lio_sam/lio_sam_s__rosidl_typesupport_fastrtps_c.cpython-310-x86_64-linux-gnu.so
[24.670s] -- Up-to-date: /home/aria/lidarslam/ws_mid360/install/lio_sam/local/lib/python3.10/dist-packages/lio_sam/lio_sam_s__rosidl_typesupport_introspection_c.cpython-310-x86_64-linux-gnu.so
[24.670s] -- Up-to-date: /home/aria/lidarslam/ws_mid360/install/lio_sam/local/lib/python3.10/dist-packages/lio_sam/lio_sam_s__rosidl_typesupport_c.cpython-310-x86_64-linux-gnu.so
[24.671s] -- Up-to-date: /home/aria/lidarslam/ws_mid360/install/lio_sam/lib/liblio_sam__rosidl_generator_py.so
[24.671s] -- Up-to-date: /home/aria/lidarslam/ws_mid360/install/lio_sam/share/lio_sam/msg/CloudInfo.idl
[24.671s] -- Up-to-date: /home/aria/lidarslam/ws_mid360/install/lio_sam/share/lio_sam/srv/SaveMap.idl
[24.671s] -- Up-to-date: /home/aria/lidarslam/ws_mid360/install/lio_sam/share/lio_sam/msg/CloudInfo.msg
[24.671s] -- Up-to-date: /home/aria/lidarslam/ws_mid360/install/lio_sam/share/lio_sam/srv/SaveMap.srv
[24.671s] -- Up-to-date: /home/aria/lidarslam/ws_mid360/install/lio_sam/share/lio_sam/srv/SaveMap_Request.msg
[24.671s] -- Up-to-date: /home/aria/lidarslam/ws_mid360/install/lio_sam/share/lio_sam/srv/SaveMap_Response.msg
[24.671s] -- Up-to-date: /home/aria/lidarslam/ws_mid360/install/lio_sam/share/lio_sam//launch
[24.672s] -- Up-to-date: /home/aria/lidarslam/ws_mid360/install/lio_sam/share/lio_sam//launch/run.launch.py
[24.672s] -- Up-to-date: /home/aria/lidarslam/ws_mid360/install/lio_sam/share/lio_sam//config
[24.672s] -- Up-to-date: /home/aria/lidarslam/ws_mid360/install/lio_sam/share/lio_sam//config/doc
[24.672s] -- Up-to-date: /home/aria/lidarslam/ws_mid360/install/lio_sam/share/lio_sam//config/doc/gps-demo.gif
[24.672s] -- Up-to-date: /home/aria/lidarslam/ws_mid360/install/lio_sam/share/lio_sam//config/doc/kitti-map.png
[24.672s] -- Up-to-date: /home/aria/lidarslam/ws_mid360/install/lio_sam/share/lio_sam//config/doc/loop-closure.gif
[24.672s] -- Up-to-date: /home/aria/lidarslam/ws_mid360/install/lio_sam/share/lio_sam//config/doc/device-jackal.png
[24.672s] -- Up-to-date: /home/aria/lidarslam/ws_mid360/install/lio_sam/share/lio_sam//config/doc/kitti2bag
[24.672s] -- Up-to-date: /home/aria/lidarslam/ws_mid360/install/lio_sam/share/lio_sam//config/doc/kitti2bag/kitti2bag.py
[24.672s] -- Up-to-date: /home/aria/lidarslam/ws_mid360/install/lio_sam/share/lio_sam//config/doc/kitti2bag/README.md
[24.672s] -- Up-to-date: /home/aria/lidarslam/ws_mid360/install/lio_sam/share/lio_sam//config/doc/paper.pdf
[24.672s] -- Up-to-date: /home/aria/lidarslam/ws_mid360/install/lio_sam/share/lio_sam//config/doc/imu-debug.gif
[24.673s] -- Up-to-date: /home/aria/lidarslam/ws_mid360/install/lio_sam/share/lio_sam//config/doc/device-boat.png
[24.673s] -- Up-to-date: /home/aria/lidarslam/ws_mid360/install/lio_sam/share/lio_sam//config/doc/ouster-demo.gif
[24.673s] -- Up-to-date: /home/aria/lidarslam/ws_mid360/install/lio_sam/share/lio_sam//config/doc/ouster-device.jpg
[24.673s] -- Up-to-date: /home/aria/lidarslam/ws_mid360/install/lio_sam/share/lio_sam//config/doc/system.png
[24.673s] -- Up-to-date: /home/aria/lidarslam/ws_mid360/install/lio_sam/share/lio_sam//config/doc/demo.gif
[24.673s] -- Up-to-date: /home/aria/lidarslam/ws_mid360/install/lio_sam/share/lio_sam//config/doc/kitti-demo.gif
[24.673s] -- Up-to-date: /home/aria/lidarslam/ws_mid360/install/lio_sam/share/lio_sam//config/doc/imu-transform.png
[24.673s] -- Up-to-date: /home/aria/lidarslam/ws_mid360/install/lio_sam/share/lio_sam//config/doc/loop-closure-2.gif
[24.673s] -- Up-to-date: /home/aria/lidarslam/ws_mid360/install/lio_sam/share/lio_sam//config/doc/device-hand.png
[24.673s] -- Up-to-date: /home/aria/lidarslam/ws_mid360/install/lio_sam/share/lio_sam//config/doc/device-hand-2.png
[24.674s] -- Up-to-date: /home/aria/lidarslam/ws_mid360/install/lio_sam/share/lio_sam//config/params.yaml
[24.674s] -- Up-to-date: /home/aria/lidarslam/ws_mid360/install/lio_sam/share/lio_sam//config/rviz2.rviz
[24.674s] -- Up-to-date: /home/aria/lidarslam/ws_mid360/install/lio_sam/share/lio_sam//config/robot.urdf.xacro
[24.674s] -- Up-to-date: /home/aria/lidarslam/ws_mid360/install/lio_sam/lib/lio_sam/lio_sam_imageProjection
[24.674s] -- Installing: /home/aria/lidarslam/ws_mid360/install/lio_sam/lib/lio_sam/lio_sam_imuPreintegration
[24.674s] -- Set runtime path of "/home/aria/lidarslam/ws_mid360/install/lio_sam/lib/lio_sam/lio_sam_imuPreintegration" to ""
[24.674s] -- Up-to-date: /home/aria/lidarslam/ws_mid360/install/lio_sam/lib/lio_sam/lio_sam_featureExtraction
[24.674s] -- Up-to-date: /home/aria/lidarslam/ws_mid360/install/lio_sam/lib/lio_sam/lio_sam_mapOptimization
[24.674s] -- Up-to-date: /home/aria/lidarslam/ws_mid360/install/lio_sam/include
[24.674s] -- Up-to-date: /home/aria/lidarslam/ws_mid360/install/lio_sam/include/lio_sam
[24.674s] -- Up-to-date: /home/aria/lidarslam/ws_mid360/install/lio_sam/include/lio_sam/utility.hpp
[24.674s] -- Up-to-date: /home/aria/lidarslam/ws_mid360/install/lio_sam/share/ament_index/resource_index/package_run_dependencies/lio_sam
[24.675s] -- Up-to-date: /home/aria/lidarslam/ws_mid360/install/lio_sam/share/ament_index/resource_index/parent_prefix_path/lio_sam
[24.675s] -- Up-to-date: /home/aria/lidarslam/ws_mid360/install/lio_sam/share/lio_sam/environment/ament_prefix_path.sh
[24.675s] -- Up-to-date: /home/aria/lidarslam/ws_mid360/install/lio_sam/share/lio_sam/environment/ament_prefix_path.dsv
[24.675s] -- Up-to-date: /home/aria/lidarslam/ws_mid360/install/lio_sam/share/lio_sam/environment/path.sh
[24.675s] -- Up-to-date: /home/aria/lidarslam/ws_mid360/install/lio_sam/share/lio_sam/environment/path.dsv
[24.675s] -- Up-to-date: /home/aria/lidarslam/ws_mid360/install/lio_sam/share/lio_sam/local_setup.bash
[24.675s] -- Up-to-date: /home/aria/lidarslam/ws_mid360/install/lio_sam/share/lio_sam/local_setup.sh
[24.675s] -- Up-to-date: /home/aria/lidarslam/ws_mid360/install/lio_sam/share/lio_sam/local_setup.zsh
[24.675s] -- Up-to-date: /home/aria/lidarslam/ws_mid360/install/lio_sam/share/lio_sam/local_setup.dsv
[24.676s] -- Installing: /home/aria/lidarslam/ws_mid360/install/lio_sam/share/lio_sam/package.dsv
[24.676s] -- Up-to-date: /home/aria/lidarslam/ws_mid360/install/lio_sam/share/ament_index/resource_index/packages/lio_sam
[24.676s] -- Up-to-date: /home/aria/lidarslam/ws_mid360/install/lio_sam/share/lio_sam/cmake/export_lio_sam__rosidl_generator_cExport.cmake
[24.676s] -- Up-to-date: /home/aria/lidarslam/ws_mid360/install/lio_sam/share/lio_sam/cmake/export_lio_sam__rosidl_generator_cExport-release.cmake
[24.676s] -- Up-to-date: /home/aria/lidarslam/ws_mid360/install/lio_sam/share/lio_sam/cmake/export_lio_sam__rosidl_typesupport_fastrtps_cExport.cmake
[24.676s] -- Up-to-date: /home/aria/lidarslam/ws_mid360/install/lio_sam/share/lio_sam/cmake/export_lio_sam__rosidl_typesupport_fastrtps_cExport-release.cmake
[24.676s] -- Up-to-date: /home/aria/lidarslam/ws_mid360/install/lio_sam/share/lio_sam/cmake/lio_sam__rosidl_typesupport_introspection_cExport.cmake
[24.677s] -- Up-to-date: /home/aria/lidarslam/ws_mid360/install/lio_sam/share/lio_sam/cmake/lio_sam__rosidl_typesupport_introspection_cExport-release.cmake
[24.677s] -- Up-to-date: /home/aria/lidarslam/ws_mid360/install/lio_sam/share/lio_sam/cmake/lio_sam__rosidl_typesupport_cExport.cmake
[24.677s] -- Up-to-date: /home/aria/lidarslam/ws_mid360/install/lio_sam/share/lio_sam/cmake/lio_sam__rosidl_typesupport_cExport-release.cmake
[24.677s] -- Up-to-date: /home/aria/lidarslam/ws_mid360/install/lio_sam/share/lio_sam/cmake/export_lio_sam__rosidl_generator_cppExport.cmake
[24.677s] -- Up-to-date: /home/aria/lidarslam/ws_mid360/install/lio_sam/share/lio_sam/cmake/export_lio_sam__rosidl_typesupport_fastrtps_cppExport.cmake
[24.677s] -- Up-to-date: /home/aria/lidarslam/ws_mid360/install/lio_sam/share/lio_sam/cmake/export_lio_sam__rosidl_typesupport_fastrtps_cppExport-release.cmake
[24.677s] -- Up-to-date: /home/aria/lidarslam/ws_mid360/install/lio_sam/share/lio_sam/cmake/lio_sam__rosidl_typesupport_introspection_cppExport.cmake
[24.677s] -- Up-to-date: /home/aria/lidarslam/ws_mid360/install/lio_sam/share/lio_sam/cmake/lio_sam__rosidl_typesupport_introspection_cppExport-release.cmake
[24.677s] -- Up-to-date: /home/aria/lidarslam/ws_mid360/install/lio_sam/share/lio_sam/cmake/lio_sam__rosidl_typesupport_cppExport.cmake
[24.677s] -- Up-to-date: /home/aria/lidarslam/ws_mid360/install/lio_sam/share/lio_sam/cmake/lio_sam__rosidl_typesupport_cppExport-release.cmake
[24.677s] -- Up-to-date: /home/aria/lidarslam/ws_mid360/install/lio_sam/share/lio_sam/cmake/export_lio_sam__rosidl_generator_pyExport.cmake
[24.677s] -- Up-to-date: /home/aria/lidarslam/ws_mid360/install/lio_sam/share/lio_sam/cmake/export_lio_sam__rosidl_generator_pyExport-release.cmake
[24.677s] -- Up-to-date: /home/aria/lidarslam/ws_mid360/install/lio_sam/share/lio_sam/cmake/rosidl_cmake-extras.cmake
[24.677s] -- Up-to-date: /home/aria/lidarslam/ws_mid360/install/lio_sam/share/lio_sam/cmake/ament_cmake_export_dependencies-extras.cmake
[24.677s] -- Up-to-date: /home/aria/lidarslam/ws_mid360/install/lio_sam/share/lio_sam/cmake/ament_cmake_export_include_directories-extras.cmake
[24.677s] -- Up-to-date: /home/aria/lidarslam/ws_mid360/install/lio_sam/share/lio_sam/cmake/ament_cmake_export_libraries-extras.cmake
[24.678s] -- Up-to-date: /home/aria/lidarslam/ws_mid360/install/lio_sam/share/lio_sam/cmake/ament_cmake_export_targets-extras.cmake
[24.678s] -- Up-to-date: /home/aria/lidarslam/ws_mid360/install/lio_sam/share/lio_sam/cmake/rosidl_cmake_export_typesupport_targets-extras.cmake
[24.678s] -- Up-to-date: /home/aria/lidarslam/ws_mid360/install/lio_sam/share/lio_sam/cmake/rosidl_cmake_export_typesupport_libraries-extras.cmake
[24.678s] -- Up-to-date: /home/aria/lidarslam/ws_mid360/install/lio_sam/share/lio_sam/cmake/lio_samConfig.cmake
[24.678s] -- Up-to-date: /home/aria/lidarslam/ws_mid360/install/lio_sam/share/lio_sam/cmake/lio_samConfig-version.cmake
[24.678s] -- Up-to-date: /home/aria/lidarslam/ws_mid360/install/lio_sam/share/lio_sam/package.xml
[24.678s] Invoked command in '/home/aria/lidarslam/ws_mid360/build/lio_sam' returned '0': CMAKE_PREFIX_PATH=/opt/ros/humble /usr/bin/cmake --install /home/aria/lidarslam/ws_mid360/build/lio_sam
