[0.011s] Invoking command in '/home/aria/lidarslam/src/build/kiss_icp': CMAKE_PREFIX_PATH=${CMAKE_PREFIX_PATH}:/home/aria/lidarslam/install/livox_to_cloudpoint2:/opt/ros/humble /usr/bin/cmake --build /home/aria/lidarslam/src/build/kiss_icp -- -j20 -l20
[0.072s] [ 14%] Built target kiss_icp_metrics
[0.073s] [ 57%] Built target kiss_icp_core
[0.074s] [ 71%] Built target kiss_icp_node
[0.095s] [ 85%] Built target kiss_icp_pipeline
[0.129s] [100%] Built target odometry_component
[0.138s] Invoked command in '/home/aria/lidarslam/src/build/kiss_icp' returned '0': CMAKE_PREFIX_PATH=${CMAKE_PREFIX_PATH}:/home/aria/lidarslam/install/livox_to_cloudpoint2:/opt/ros/humble /usr/bin/cmake --build /home/aria/lidarslam/src/build/kiss_icp -- -j20 -l20
[0.147s] Invoking command in '/home/aria/lidarslam/src/build/kiss_icp': CMAKE_PREFIX_PATH=${CMAKE_PREFIX_PATH}:/home/aria/lidarslam/install/livox_to_cloudpoint2:/opt/ros/humble /usr/bin/cmake --install /home/aria/lidarslam/src/build/kiss_icp
[0.155s] -- Install configuration: "Release"
[0.156s] -- Up-to-date: /home/aria/lidarslam/src/install/kiss_icp/lib/kiss_icp/kiss_icp_node
[0.156s] -- Up-to-date: /home/aria/lidarslam/src/install/kiss_icp/lib/libodometry_component.so
[0.157s] -- Up-to-date: /home/aria/lidarslam/src/install/kiss_icp/share/kiss_icp//launch
[0.157s] -- Up-to-date: /home/aria/lidarslam/src/install/kiss_icp/share/kiss_icp//launch/odometry.launch.py
[0.157s] -- Up-to-date: /home/aria/lidarslam/src/install/kiss_icp/share/kiss_icp//rviz
[0.157s] -- Up-to-date: /home/aria/lidarslam/src/install/kiss_icp/share/kiss_icp//rviz/kiss_icp.rviz
[0.157s] -- Up-to-date: /home/aria/lidarslam/src/install/kiss_icp/share/kiss_icp//config
[0.157s] -- Up-to-date: /home/aria/lidarslam/src/install/kiss_icp/share/kiss_icp//config/config.yaml
[0.158s] -- Up-to-date: /home/aria/lidarslam/src/install/kiss_icp/share/ament_index/resource_index/package_run_dependencies/kiss_icp
[0.158s] -- Up-to-date: /home/aria/lidarslam/src/install/kiss_icp/share/ament_index/resource_index/parent_prefix_path/kiss_icp
[0.158s] -- Up-to-date: /home/aria/lidarslam/src/install/kiss_icp/share/kiss_icp/environment/ament_prefix_path.sh
[0.158s] -- Up-to-date: /home/aria/lidarslam/src/install/kiss_icp/share/kiss_icp/environment/ament_prefix_path.dsv
[0.158s] -- Up-to-date: /home/aria/lidarslam/src/install/kiss_icp/share/kiss_icp/environment/path.sh
[0.158s] -- Up-to-date: /home/aria/lidarslam/src/install/kiss_icp/share/kiss_icp/environment/path.dsv
[0.158s] -- Up-to-date: /home/aria/lidarslam/src/install/kiss_icp/share/kiss_icp/local_setup.bash
[0.158s] -- Up-to-date: /home/aria/lidarslam/src/install/kiss_icp/share/kiss_icp/local_setup.sh
[0.158s] -- Up-to-date: /home/aria/lidarslam/src/install/kiss_icp/share/kiss_icp/local_setup.zsh
[0.158s] -- Up-to-date: /home/aria/lidarslam/src/install/kiss_icp/share/kiss_icp/local_setup.dsv
[0.158s] -- Installing: /home/aria/lidarslam/src/install/kiss_icp/share/kiss_icp/package.dsv
[0.158s] -- Up-to-date: /home/aria/lidarslam/src/install/kiss_icp/share/ament_index/resource_index/packages/kiss_icp
[0.158s] -- Up-to-date: /home/aria/lidarslam/src/install/kiss_icp/share/ament_index/resource_index/rclcpp_components/kiss_icp
[0.158s] -- Up-to-date: /home/aria/lidarslam/src/install/kiss_icp/share/kiss_icp/cmake/kiss_icpConfig.cmake
[0.158s] -- Up-to-date: /home/aria/lidarslam/src/install/kiss_icp/share/kiss_icp/cmake/kiss_icpConfig-version.cmake
[0.159s] -- Up-to-date: /home/aria/lidarslam/src/install/kiss_icp/share/kiss_icp/package.xml
[0.161s] Invoked command in '/home/aria/lidarslam/src/build/kiss_icp' returned '0': CMAKE_PREFIX_PATH=${CMAKE_PREFIX_PATH}:/home/aria/lidarslam/install/livox_to_cloudpoint2:/opt/ros/humble /usr/bin/cmake --install /home/aria/lidarslam/src/build/kiss_icp
