[0.009s] Invoking command in '/home/aria/lidarslam/src/build/kiss_icp': CMAKE_PREFIX_PATH=${CMAKE_PREFIX_PATH}:/home/aria/lidarslam/install/livox_to_cloudpoint2:/opt/ros/humble /usr/bin/cmake --build /home/aria/lidarslam/src/build/kiss_icp -- -j20 -l20
[0.061s] [ 14%] Built target kiss_icp_metrics
[0.062s] [ 28%] Built target kiss_icp_node
[0.066s] [ 71%] Built target kiss_icp_core
[0.086s] [ 85%] Built target kiss_icp_pipeline
[0.113s] [100%] Built target odometry_component
[0.125s] Invoked command in '/home/aria/lidarslam/src/build/kiss_icp' returned '0': CMAKE_PREFIX_PATH=${CMAKE_PREFIX_PATH}:/home/aria/lidarslam/install/livox_to_cloudpoint2:/opt/ros/humble /usr/bin/cmake --build /home/aria/lidarslam/src/build/kiss_icp -- -j20 -l20
[0.135s] Invoking command in '/home/aria/lidarslam/src/build/kiss_icp': CMAKE_PREFIX_PATH=${CMAKE_PREFIX_PATH}:/home/aria/lidarslam/install/livox_to_cloudpoint2:/opt/ros/humble /usr/bin/cmake --install /home/aria/lidarslam/src/build/kiss_icp
[0.141s] -- Install configuration: "Release"
[0.141s] -- Up-to-date: /home/aria/lidarslam/src/install/kiss_icp/lib/kiss_icp/kiss_icp_node
[0.142s] -- Up-to-date: /home/aria/lidarslam/src/install/kiss_icp/lib/libodometry_component.so
[0.142s] -- Up-to-date: /home/aria/lidarslam/src/install/kiss_icp/share/kiss_icp//launch
[0.142s] -- Up-to-date: /home/aria/lidarslam/src/install/kiss_icp/share/kiss_icp//launch/odometry.launch.py
[0.142s] -- Up-to-date: /home/aria/lidarslam/src/install/kiss_icp/share/kiss_icp//rviz
[0.142s] -- Up-to-date: /home/aria/lidarslam/src/install/kiss_icp/share/kiss_icp//rviz/kiss_icp.rviz
[0.142s] -- Up-to-date: /home/aria/lidarslam/src/install/kiss_icp/share/kiss_icp//config
[0.142s] -- Up-to-date: /home/aria/lidarslam/src/install/kiss_icp/share/kiss_icp//config/config.yaml
[0.143s] -- Up-to-date: /home/aria/lidarslam/src/install/kiss_icp/share/ament_index/resource_index/package_run_dependencies/kiss_icp
[0.143s] -- Up-to-date: /home/aria/lidarslam/src/install/kiss_icp/share/ament_index/resource_index/parent_prefix_path/kiss_icp
[0.143s] -- Up-to-date: /home/aria/lidarslam/src/install/kiss_icp/share/kiss_icp/environment/ament_prefix_path.sh
[0.143s] -- Up-to-date: /home/aria/lidarslam/src/install/kiss_icp/share/kiss_icp/environment/ament_prefix_path.dsv
[0.143s] -- Up-to-date: /home/aria/lidarslam/src/install/kiss_icp/share/kiss_icp/environment/path.sh
[0.143s] -- Up-to-date: /home/aria/lidarslam/src/install/kiss_icp/share/kiss_icp/environment/path.dsv
[0.143s] -- Up-to-date: /home/aria/lidarslam/src/install/kiss_icp/share/kiss_icp/local_setup.bash
[0.143s] -- Up-to-date: /home/aria/lidarslam/src/install/kiss_icp/share/kiss_icp/local_setup.sh
[0.143s] -- Up-to-date: /home/aria/lidarslam/src/install/kiss_icp/share/kiss_icp/local_setup.zsh
[0.144s] -- Up-to-date: /home/aria/lidarslam/src/install/kiss_icp/share/kiss_icp/local_setup.dsv
[0.144s] -- Installing: /home/aria/lidarslam/src/install/kiss_icp/share/kiss_icp/package.dsv
[0.144s] -- Up-to-date: /home/aria/lidarslam/src/install/kiss_icp/share/ament_index/resource_index/packages/kiss_icp
[0.144s] -- Up-to-date: /home/aria/lidarslam/src/install/kiss_icp/share/ament_index/resource_index/rclcpp_components/kiss_icp
[0.144s] -- Up-to-date: /home/aria/lidarslam/src/install/kiss_icp/share/kiss_icp/cmake/kiss_icpConfig.cmake
[0.145s] -- Up-to-date: /home/aria/lidarslam/src/install/kiss_icp/share/kiss_icp/cmake/kiss_icpConfig-version.cmake
[0.145s] -- Up-to-date: /home/aria/lidarslam/src/install/kiss_icp/share/kiss_icp/package.xml
[0.146s] Invoked command in '/home/aria/lidarslam/src/build/kiss_icp' returned '0': CMAKE_PREFIX_PATH=${CMAKE_PREFIX_PATH}:/home/aria/lidarslam/install/livox_to_cloudpoint2:/opt/ros/humble /usr/bin/cmake --install /home/aria/lidarslam/src/build/kiss_icp
