[0.007s] Invoking command in '/home/aria/lidarslam/ws_mid360/build/lio_sam': CMAKE_PREFIX_PATH=/opt/ros/humble /usr/bin/cmake /home/aria/lidarslam/ws_mid360/src/LIO-SAM -DCMAKE_INSTALL_PREFIX=/home/aria/lidarslam/ws_mid360/install/lio_sam
[0.069s] -- The C compiler identification is GNU 11.4.0
[0.122s] -- The CXX compiler identification is GNU 11.4.0
[0.128s] -- Detecting C compiler ABI info
[0.218s] -- Detecting C compiler ABI info - done
[0.227s] -- Check for working C compiler: /usr/bin/cc - skipped
[0.228s] -- Detecting C compile features
[0.228s] -- Detecting C compile features - done
[0.231s] -- Detecting CXX compiler ABI info
[0.318s] -- Detecting CXX compiler ABI info - done
[0.323s] -- Check for working CXX compiler: /usr/bin/c++ - skipped
[0.323s] -- Detecting CXX compile features
[0.324s] -- Detecting CXX compile features - done
[0.325s] -- Found ament_cmake: 1.3.11 (/opt/ros/humble/share/ament_cmake/cmake)
[0.444s] -- Found Python3: /usr/bin/python3 (found version "3.10.12") found components: Interpreter 
[0.505s] -- Found rosidl_default_generators: 1.2.0 (/opt/ros/humble/share/rosidl_default_generators/cmake)
[0.507s] -- Using all available rosidl_typesupport_c: rosidl_typesupport_fastrtps_c;rosidl_typesupport_introspection_c
[0.511s] -- Found rosidl_adapter: 3.1.6 (/opt/ros/humble/share/rosidl_adapter/cmake)
[0.537s] -- Using all available rosidl_typesupport_cpp: rosidl_typesupport_fastrtps_cpp;rosidl_typesupport_introspection_cpp
[0.556s] -- Found rclcpp: 16.0.12 (/opt/ros/humble/share/rclcpp/cmake)
[0.587s] -- Found rmw_implementation_cmake: 6.1.2 (/opt/ros/humble/share/rmw_implementation_cmake/cmake)
[0.588s] -- Found rmw_fastrtps_cpp: 6.2.7 (/opt/ros/humble/share/rmw_fastrtps_cpp/cmake)
[0.673s] -- Found OpenSSL: /usr/lib/x86_64-linux-gnu/libcrypto.so (found version "3.0.2")  
[0.701s] -- Found FastRTPS: /opt/ros/humble/include  
[0.733s] -- Using RMW implementation 'rmw_fastrtps_cpp' as default
[0.741s] -- Looking for pthread.h
[0.835s] -- Looking for pthread.h - found
[0.836s] -- Performing Test CMAKE_HAVE_LIBC_PTHREAD
[0.940s] -- Performing Test CMAKE_HAVE_LIBC_PTHREAD - Success
[0.942s] -- Found Threads: TRUE  
[0.983s] -- Found rclpy: 3.3.16 (/opt/ros/humble/share/rclpy/cmake)
[0.984s] -- Found cv_bridge: 3.2.1 (/opt/ros/humble/share/cv_bridge/cmake)
[1.009s] -- Found nav_msgs: 4.9.0 (/opt/ros/humble/share/nav_msgs/cmake)
[1.022s] -- Found visualization_msgs: 4.9.0 (/opt/ros/humble/share/visualization_msgs/cmake)
[1.037s] -- Found pcl_conversions: 2.4.5 (/opt/ros/humble/share/pcl_conversions/cmake)
[1.063s] -- Checking for module 'eigen3'
[1.076s] --   Found eigen3, version 3.4.0
[1.122s] -- Found Eigen: /usr/include/eigen3 (Required is at least version "3.1") 
[1.122s] -- Eigen found (include: /usr/include/eigen3, version: 3.4.0)
[1.157s] -- Checking for module 'flann'
[1.173s] --   Found flann, version 1.9.1
[1.229s] -- Found FLANN: /usr/lib/x86_64-linux-gnu/libflann_cpp.so  
[1.229s] -- FLANN found (include: /usr/include, lib: /usr/lib/x86_64-linux-gnu/libflann_cpp.so)
[2.260s] -- Checking for module 'libusb-1.0'
[2.277s] --   Found libusb-1.0, version 1.0.25
[2.322s] -- Found libusb: /usr/lib/x86_64-linux-gnu/libusb-1.0.so  
[2.324s] -- OpenNI found (version: 1.5.4.0, include: /usr/include/ni, lib: /usr/lib/libOpenNI.so;libusb::libusb)
[2.402s] -- OpenNI2 found (version: 2.2.0.33, include: /usr/include/openni2, lib: /usr/lib/x86_64-linux-gnu/libOpenNI2.so;libusb::libusb)
[2.540s] -- Eigen found (include: /usr/include/eigen3, version: 3.4.0)
[2.546s] -- OpenNI found (version: 1.5.4.0, include: /usr/include/ni, lib: /usr/lib/libOpenNI.so;libusb::libusb)
[2.554s] -- OpenNI2 found (version: 2.2.0.33, include: /usr/include/openni2, lib: /usr/lib/x86_64-linux-gnu/libOpenNI2.so;libusb::libusb)
[2.658s] -- Found Qhull version 8.0.2
[2.765s] -- OpenNI found (version: 1.5.4.0, include: /usr/include/ni, lib: /usr/lib/libOpenNI.so;libusb::libusb)
[2.883s] -- Found PCL_COMMON: /usr/lib/x86_64-linux-gnu/libpcl_common.so  
[2.884s] -- Found PCL_KDTREE: /usr/lib/x86_64-linux-gnu/libpcl_kdtree.so  
[2.884s] -- Found PCL_OCTREE: /usr/lib/x86_64-linux-gnu/libpcl_octree.so  
[2.885s] -- Found PCL_SEARCH: /usr/lib/x86_64-linux-gnu/libpcl_search.so  
[2.885s] -- Found PCL_SAMPLE_CONSENSUS: /usr/lib/x86_64-linux-gnu/libpcl_sample_consensus.so  
[2.886s] -- Found PCL_FILTERS: /usr/lib/x86_64-linux-gnu/libpcl_filters.so  
[2.886s] -- Found PCL_2D: /usr/include/pcl-1.12  
[2.886s] -- Found PCL_GEOMETRY: /usr/include/pcl-1.12  
[2.887s] -- Found PCL_IO: /usr/lib/x86_64-linux-gnu/libpcl_io.so  
[2.887s] -- Found PCL_FEATURES: /usr/lib/x86_64-linux-gnu/libpcl_features.so  
[2.888s] -- Found PCL_ML: /usr/lib/x86_64-linux-gnu/libpcl_ml.so  
[2.889s] -- Found PCL_SEGMENTATION: /usr/lib/x86_64-linux-gnu/libpcl_segmentation.so  
[2.889s] -- Found PCL_VISUALIZATION: /usr/lib/x86_64-linux-gnu/libpcl_visualization.so  
[2.890s] -- Found PCL_SURFACE: /usr/lib/x86_64-linux-gnu/libpcl_surface.so  
[2.891s] -- Found PCL_REGISTRATION: /usr/lib/x86_64-linux-gnu/libpcl_registration.so  
[2.891s] -- Found PCL_KEYPOINTS: /usr/lib/x86_64-linux-gnu/libpcl_keypoints.so  
[2.892s] -- Found PCL_TRACKING: /usr/lib/x86_64-linux-gnu/libpcl_tracking.so  
[2.893s] -- Found PCL_RECOGNITION: /usr/lib/x86_64-linux-gnu/libpcl_recognition.so  
[2.893s] -- Found PCL_STEREO: /usr/lib/x86_64-linux-gnu/libpcl_stereo.so  
[2.894s] -- Found PCL_APPS: /usr/lib/x86_64-linux-gnu/libpcl_apps.so  
[2.894s] -- Found PCL_IN_HAND_SCANNER: /usr/include/pcl-1.12  
[2.895s] -- Found PCL_MODELER: /usr/include/pcl-1.12  
[2.895s] -- Found PCL_POINT_CLOUD_EDITOR: /usr/include/pcl-1.12  
[2.895s] -- Found PCL_OUTOFCORE: /usr/lib/x86_64-linux-gnu/libpcl_outofcore.so  
[2.896s] -- Found PCL_PEOPLE: /usr/lib/x86_64-linux-gnu/libpcl_people.so  
[2.909s] -- Found tf2: 0.25.13 (/opt/ros/humble/share/tf2/cmake)
[2.917s] -- Found tf2_geometry_msgs: 0.25.13 (/opt/ros/humble/share/tf2_geometry_msgs/cmake)
[2.929s] -- Found eigen3_cmake_module: 0.1.1 (/opt/ros/humble/share/eigen3_cmake_module/cmake)
[2.930s] -- Found Eigen3: TRUE (found version "3.4.0") 
[2.930s] -- Ensuring Eigen3 include directory is part of orocos-kdl CMake target
[2.997s] -- Found tf2_sensor_msgs: 0.25.13 (/opt/ros/humble/share/tf2_sensor_msgs/cmake)
[3.001s] -- Found tf2_eigen: 0.25.13 (/opt/ros/humble/share/tf2_eigen/cmake)
[3.004s] -- Found OpenCV: /usr/local (found version "4.2.0") 
[3.004s] [33mCMake Warning (dev) at CMakeLists.txt:29 (find_package):
[3.004s]   Policy CMP0074 is not set: find_package uses <PackageName>_ROOT variables.
[3.004s]   Run "cmake --help-policy CMP0074" for policy details.  Use the cmake_policy
[3.004s]   command to set the policy and suppress this warning.
[3.004s] 
[3.005s]   CMake variable PCL_ROOT is set to:
[3.005s] 
[3.005s]     /usr
[3.005s] 
[3.005s]   For compatibility, CMake is ignoring the variable.
[3.005s] This warning is for project developers.  Use -Wno-dev to suppress it.
[3.005s] [0m
[3.052s] -- Found Boost: /usr/lib/x86_64-linux-gnu/cmake/Boost-1.74.0/BoostConfig.cmake (found suitable version "1.74.0", minimum required is "1.65") found components: serialization system filesystem thread program_options date_time timer chrono regex 
[3.057s] -- GTSAM include directory:  /usr/lib/cmake/GTSAM/../../../include
[3.065s] -- Found Eigen: /usr/include/eigen3  
[3.065s] -- Eigen found (include: /usr/include/eigen3, version: 3.4.0)
[3.409s] -- Found OpenMP_C: -fopenmp (found version "4.5") 
[3.511s] -- Found OpenMP_CXX: -fopenmp (found version "4.5") 
[3.512s] -- Found OpenMP: TRUE (found version "4.5")  
[3.750s] -- Found ament_cmake_ros: 0.10.0 (/opt/ros/humble/share/ament_cmake_ros/cmake)
[3.955s] -- Using all available rosidl_typesupport_c: rosidl_typesupport_fastrtps_c;rosidl_typesupport_introspection_c
[4.228s] -- Using all available rosidl_typesupport_cpp: rosidl_typesupport_fastrtps_cpp;rosidl_typesupport_introspection_cpp
[4.254s] -- Found PythonInterp: /usr/bin/python3 (found suitable version "3.10.12", minimum required is "3.6") 
[4.255s] -- Found python_cmake_module: 0.10.0 (/opt/ros/humble/share/python_cmake_module/cmake)
[4.275s] -- Found PythonLibs: /usr/lib/x86_64-linux-gnu/libpython3.10.so (found suitable version "3.10.12", minimum required is "3.5") 
[4.276s] -- Using PYTHON_EXECUTABLE: /usr/bin/python3
[4.276s] -- Using PYTHON_INCLUDE_DIRS: /usr/include/python3.10
[4.276s] -- Using PYTHON_LIBRARIES: /usr/lib/x86_64-linux-gnu/libpython3.10.so
[4.291s] -- Found PythonExtra: .so  
[4.398s] -- Found ament_lint_auto: 0.12.12 (/opt/ros/humble/share/ament_lint_auto/cmake)
[4.409s] -- Added test 'copyright' to check source files copyright and LICENSE
[4.411s] -- Added test 'cppcheck' to perform static code analysis on C / C++ code
[4.412s] -- Configured cppcheck include dirs: /home/aria/lidarslam/ws_mid360/src/LIO-SAM/include/lio_sam
[4.412s] -- Configured cppcheck exclude dirs and/or files: 
[4.414s] -- Added test 'cpplint' to check C / C++ code against the Google style
[4.414s] -- Configured cpplint exclude dirs and/or files: 
[4.414s] -- Added test 'flake8' to check Python code syntax and style conventions
[4.415s] -- Added test 'lint_cmake' to check CMake code style
[4.415s] -- Added test 'pep257' to check Python code against some of the docstring style conventions in PEP 257
[4.417s] -- Added test 'uncrustify' to check C / C++ code style
[4.417s] -- Configured uncrustify additional arguments: 
[4.417s] -- Added test 'xmllint' to check XML markup files
[4.419s] -- Configuring done
[4.528s] -- Generating done
[4.555s] -- Build files have been written to: /home/aria/lidarslam/ws_mid360/build/lio_sam
[4.570s] Invoked command in '/home/aria/lidarslam/ws_mid360/build/lio_sam' returned '0': CMAKE_PREFIX_PATH=/opt/ros/humble /usr/bin/cmake /home/aria/lidarslam/ws_mid360/src/LIO-SAM -DCMAKE_INSTALL_PREFIX=/home/aria/lidarslam/ws_mid360/install/lio_sam
[4.570s] Invoking command in '/home/aria/lidarslam/ws_mid360/build/lio_sam': CMAKE_PREFIX_PATH=/opt/ros/humble /usr/bin/cmake --build /home/aria/lidarslam/ws_mid360/build/lio_sam -- -j20 -l20
[4.616s] [  2%] [34m[1mGenerating C code for ROS interfaces[0m
[4.625s] [  4%] [34m[1mGenerating C++ code for ROS interfaces[0m
[4.632s] [  4%] Built target ament_cmake_python_copy_lio_sam
[4.785s] running egg_info
[4.786s] creating lio_sam.egg-info
[4.786s] writing lio_sam.egg-info/PKG-INFO
[4.786s] writing dependency_links to lio_sam.egg-info/dependency_links.txt
[4.786s] writing top-level names to lio_sam.egg-info/top_level.txt
[4.786s] writing manifest file 'lio_sam.egg-info/SOURCES.txt'
[4.787s] reading manifest file 'lio_sam.egg-info/SOURCES.txt'
[4.787s] writing manifest file 'lio_sam.egg-info/SOURCES.txt'
[4.807s] [  4%] Built target ament_cmake_python_build_lio_sam_egg
[4.882s] [  4%] Built target lio_sam__cpp
[4.885s] [  6%] [32mBuilding C object CMakeFiles/lio_sam__rosidl_generator_c.dir/rosidl_generator_c/lio_sam/msg/detail/cloud_info__functions.c.o[0m
[4.885s] [  8%] [32mBuilding C object CMakeFiles/lio_sam__rosidl_generator_c.dir/rosidl_generator_c/lio_sam/srv/detail/save_map__functions.c.o[0m
[4.891s] [ 10%] [34m[1mGenerating C++ introspection for ROS interfaces[0m
[4.891s] [ 12%] [34m[1mGenerating C++ type support for eProsima Fast-RTPS[0m
[4.892s] [ 14%] [34m[1mGenerating C++ type support dispatch for ROS interfaces[0m
[5.061s] [ 17%] [32m[1mLinking C shared library liblio_sam__rosidl_generator_c.so[0m
[5.094s] [ 17%] Built target lio_sam__rosidl_generator_c
[5.103s] [ 21%] [34m[1mGenerating C type support for eProsima Fast-RTPS[0m
[5.103s] [ 21%] [34m[1mGenerating C type support dispatch for ROS interfaces[0m
[5.105s] [ 23%] [34m[1mGenerating C introspection for ROS interfaces[0m
[5.127s] [ 25%] [32mBuilding CXX object CMakeFiles/lio_sam__rosidl_typesupport_introspection_cpp.dir/rosidl_typesupport_introspection_cpp/lio_sam/msg/detail/cloud_info__type_support.cpp.o[0m
[5.128s] [ 27%] [32mBuilding CXX object CMakeFiles/lio_sam__rosidl_typesupport_cpp.dir/rosidl_typesupport_cpp/lio_sam/srv/save_map__type_support.cpp.o[0m
[5.130s] [ 29%] [32mBuilding CXX object CMakeFiles/lio_sam__rosidl_typesupport_cpp.dir/rosidl_typesupport_cpp/lio_sam/msg/cloud_info__type_support.cpp.o[0m
[5.130s] [ 31%] [32mBuilding CXX object CMakeFiles/lio_sam__rosidl_typesupport_introspection_cpp.dir/rosidl_typesupport_introspection_cpp/lio_sam/srv/detail/save_map__type_support.cpp.o[0m
[5.145s] [ 34%] [32mBuilding CXX object CMakeFiles/lio_sam__rosidl_typesupport_fastrtps_cpp.dir/rosidl_typesupport_fastrtps_cpp/lio_sam/srv/detail/dds_fastrtps/save_map__type_support.cpp.o[0m
[5.145s] [ 36%] [32mBuilding CXX object CMakeFiles/lio_sam__rosidl_typesupport_fastrtps_cpp.dir/rosidl_typesupport_fastrtps_cpp/lio_sam/msg/detail/dds_fastrtps/cloud_info__type_support.cpp.o[0m
[5.376s] [ 40%] [32mBuilding C object CMakeFiles/lio_sam__rosidl_typesupport_introspection_c.dir/rosidl_typesupport_introspection_c/lio_sam/srv/detail/save_map__type_support.c.o[0m
[5.377s] [ 40%] [32mBuilding C object CMakeFiles/lio_sam__rosidl_typesupport_introspection_c.dir/rosidl_typesupport_introspection_c/lio_sam/msg/detail/cloud_info__type_support.c.o[0m
[5.392s] [ 42%] [32m[1mLinking CXX shared library liblio_sam__rosidl_typesupport_cpp.so[0m
[5.394s] [ 44%] [32mBuilding CXX object CMakeFiles/lio_sam__rosidl_typesupport_fastrtps_c.dir/rosidl_typesupport_fastrtps_c/lio_sam/srv/detail/save_map__type_support_c.cpp.o[0m
[5.394s] [ 46%] [32mBuilding CXX object CMakeFiles/lio_sam__rosidl_typesupport_fastrtps_c.dir/rosidl_typesupport_fastrtps_c/lio_sam/msg/detail/cloud_info__type_support_c.cpp.o[0m
[5.424s] [ 46%] Built target lio_sam__rosidl_typesupport_cpp
[5.440s] [ 48%] [32mBuilding CXX object CMakeFiles/lio_sam_featureExtraction.dir/src/featureExtraction.cpp.o[0m
[5.443s] [ 51%] [32mBuilding CXX object CMakeFiles/lio_sam_imuPreintegration.dir/src/imuPreintegration.cpp.o[0m
[5.444s] [ 53%] [32mBuilding CXX object CMakeFiles/lio_sam_mapOptimization.dir/src/mapOptmization.cpp.o[0m
[5.446s] [ 57%] [32mBuilding CXX object CMakeFiles/lio_sam_imageProjection.dir/src/imageProjection.cpp.o[0m
[5.446s] [ 57%] [32m[1mLinking C shared library liblio_sam__rosidl_typesupport_introspection_c.so[0m
[5.474s] [ 57%] Built target lio_sam__rosidl_typesupport_introspection_c
[5.506s] [ 59%] [32m[1mLinking CXX shared library liblio_sam__rosidl_typesupport_introspection_cpp.so[0m
[5.522s] [ 61%] [32mBuilding CXX object CMakeFiles/lio_sam__rosidl_typesupport_c.dir/rosidl_typesupport_c/lio_sam/msg/cloud_info__type_support.cpp.o[0m
[5.522s] [ 63%] [32mBuilding CXX object CMakeFiles/lio_sam__rosidl_typesupport_c.dir/rosidl_typesupport_c/lio_sam/srv/save_map__type_support.cpp.o[0m
[5.558s] [ 65%] [32m[1mLinking CXX shared library liblio_sam__rosidl_typesupport_c.so[0m
[5.590s] [ 65%] Built target lio_sam__rosidl_typesupport_introspection_cpp
[5.595s] [ 65%] Built target lio_sam__rosidl_typesupport_c
[5.630s] [ 68%] [32m[1mLinking CXX shared library liblio_sam__rosidl_typesupport_fastrtps_cpp.so[0m
[5.649s] [ 70%] [32m[1mLinking CXX shared library liblio_sam__rosidl_typesupport_fastrtps_c.so[0m
[5.681s] [ 70%] Built target lio_sam__rosidl_typesupport_fastrtps_cpp
[5.707s] [ 70%] Built target lio_sam__rosidl_typesupport_fastrtps_c
[5.728s] [ 70%] Built target lio_sam
[5.750s] [ 72%] [34m[1mGenerating Python code for ROS interfaces[0m
[6.177s] [ 72%] Built target lio_sam__py
[6.195s] [ 74%] [32mBuilding C object CMakeFiles/lio_sam__rosidl_generator_py.dir/rosidl_generator_py/lio_sam/msg/_cloud_info_s.c.o[0m
[6.196s] [ 76%] [32mBuilding C object CMakeFiles/lio_sam__rosidl_generator_py.dir/rosidl_generator_py/lio_sam/srv/_save_map_s.c.o[0m
[6.391s] [ 78%] [32m[1mLinking C shared library rosidl_generator_py/lio_sam/liblio_sam__rosidl_generator_py.so[0m
[6.427s] [ 78%] Built target lio_sam__rosidl_generator_py
[6.445s] [ 80%] [32mBuilding C object CMakeFiles/lio_sam__rosidl_typesupport_introspection_c__pyext.dir/rosidl_generator_py/lio_sam/_lio_sam_s.ep.rosidl_typesupport_introspection_c.c.o[0m
[6.448s] [ 82%] [32mBuilding C object CMakeFiles/lio_sam__rosidl_typesupport_fastrtps_c__pyext.dir/rosidl_generator_py/lio_sam/_lio_sam_s.ep.rosidl_typesupport_fastrtps_c.c.o[0m
[6.448s] [ 85%] [32mBuilding C object CMakeFiles/lio_sam__rosidl_typesupport_c__pyext.dir/rosidl_generator_py/lio_sam/_lio_sam_s.ep.rosidl_typesupport_c.c.o[0m
[6.541s] [ 89%] [32m[1mLinking C shared library rosidl_generator_py/lio_sam/lio_sam_s__rosidl_typesupport_c.cpython-310-x86_64-linux-gnu.so[0m
[6.542s] [ 89%] [32m[1mLinking C shared library rosidl_generator_py/lio_sam/lio_sam_s__rosidl_typesupport_fastrtps_c.cpython-310-x86_64-linux-gnu.so[0m
[6.548s] [ 91%] [32m[1mLinking C shared library rosidl_generator_py/lio_sam/lio_sam_s__rosidl_typesupport_introspection_c.cpython-310-x86_64-linux-gnu.so[0m
[6.577s] [ 91%] Built target lio_sam__rosidl_typesupport_fastrtps_c__pyext
[6.579s] [ 91%] Built target lio_sam__rosidl_typesupport_c__pyext
[6.579s] [ 91%] Built target lio_sam__rosidl_typesupport_introspection_c__pyext
[7.236s] In file included from [01m[K/home/aria/lidarslam/ws_mid360/src/LIO-SAM/src/imuPreintegration.cpp:17[m[K:
[7.237s] [01m[K/usr/include/gtsam_unstable/nonlinear/IncrementalFixedLagSmoother.h:17:2:[m[K [01;35m[Kwarning: [m[K#warning "IncrementalFixedLagSmoother was moved to the gtsam/nonlinear directory" [[01;35m[K]8;;https://gcc.gnu.org/onlinedocs/gcc/Warning-Options.html#index-Wcpp-Wcpp]8;;[m[K]
[7.237s]    17 | #[01;35m[Kwarning[m[K "IncrementalFixedLagSmoother was moved to the gtsam/nonlinear directory"
[7.237s]       |  [01;35m[K^~~~~~~[m[K
[13.656s] [01m[K/home/aria/lidarslam/ws_mid360/src/LIO-SAM/src/imuPreintegration.cpp:[m[K In constructor ‘[01m[KIMUPreintegration::IMUPreintegration(const rclcpp::NodeOptions&)[m[K’:
[13.656s] [01m[K/home/aria/lidarslam/ws_mid360/src/LIO-SAM/src/imuPreintegration.cpp:248:100:[m[K [01;31m[Kerror: [m[Kconversion from ‘[01m[Kstd::shared_ptr<gtsam::PreintegrationParams>[m[K’ to non-scalar type ‘[01m[Kboost::shared_ptr<gtsam::PreintegrationParams>[m[K’ requested
[13.656s]   248 |         boost::shared_ptr<gtsam::PreintegrationParams> p = [01;31m[Kgtsam::PreintegrationParams::MakeSharedU(imuGravity)[m[K;
[13.657s]       |                                                            [01;31m[K~~~~~~~~~~~~~~~~~~~~~~~~~~~~~~~~~~~~~~~~^~~~~~~~~~~~[m[K
[13.672s] [01m[K/home/aria/lidarslam/ws_mid360/src/LIO-SAM/src/imuPreintegration.cpp:261:86:[m[K [01;31m[Kerror: [m[Kno matching function for call to ‘[01m[Kgtsam::PreintegratedImuMeasurementsT<gtsam::TangentPreintegration>::PreintegratedImuMeasurementsT(boost::shared_ptr<gtsam::PreintegrationParams>&, gtsam::imuBias::ConstantBias&)[m[K’
[13.672s]   261 |         imuIntegratorImu_ = new gtsam::PreintegratedImuMeasurements(p, prior_imu_bias[01;31m[K)[m[K; // setting up the IMU integration for IMU message thread
[13.673s]       |                                                                                      [01;31m[K^[m[K
[13.673s] In file included from [01m[K/home/aria/lidarslam/ws_mid360/src/LIO-SAM/src/imuPreintegration.cpp:8[m[K:
[13.673s] [01m[K/usr/include/gtsam/navigation/ImuFactor.h:105:3:[m[K [01;36m[Knote: [m[Kcandidate: ‘[01m[Kgtsam::PreintegratedImuMeasurementsT<PreintegrationType>::PreintegratedImuMeasurementsT(const PreintegrationType&, const Matrix9&) [with PreintegrationType = gtsam::TangentPreintegration; gtsam::Matrix9 = Eigen::Matrix<double, 9, 9, 0, 9, 9>][m[K’
[13.673s]   105 |   [01;36m[KPreintegratedImuMeasurementsT[m[K(const PreintegrationType& base, const Matrix9& preintMeasCov)
[13.673s]       |   [01;36m[K^~~~~~~~~~~~~~~~~~~~~~~~~~~~~[m[K
[13.673s] [01m[K/usr/include/gtsam/navigation/ImuFactor.h:105:59:[m[K [01;36m[Knote: [m[K  no known conversion for argument 1 from ‘[01m[Kboost::shared_ptr<gtsam::PreintegrationParams>[m[K’ to ‘[01m[Kconst gtsam::TangentPreintegration&[m[K’
[13.673s]   105 |   PreintegratedImuMeasurementsT([01;36m[Kconst PreintegrationType& base[m[K, const Matrix9& preintMeasCov)
[13.673s]       |                                 [01;36m[K~~~~~~~~~~~~~~~~~~~~~~~~~~^~~~[m[K
[13.673s] [01m[K/usr/include/gtsam/navigation/ImuFactor.h:94:3:[m[K [01;36m[Knote: [m[Kcandidate: ‘[01m[Kgtsam::PreintegratedImuMeasurementsT<PreintegrationType>::PreintegratedImuMeasurementsT(const std::shared_ptr<gtsam::PreintegrationParams>&, const gtsam::imuBias::ConstantBias&) [with PreintegrationType = gtsam::TangentPreintegration][m[K’
[13.673s]    94 |   [01;36m[KPreintegratedImuMeasurementsT[m[K(const std::shared_ptr<PreintegrationParams>& p,
[13.673s]       |   [01;36m[K^~~~~~~~~~~~~~~~~~~~~~~~~~~~~[m[K
[13.673s] [01m[K/usr/include/gtsam/navigation/ImuFactor.h:94:78:[m[K [01;36m[Knote: [m[K  no known conversion for argument 1 from ‘[01m[Kboost::shared_ptr<gtsam::PreintegrationParams>[m[K’ to ‘[01m[Kconst std::shared_ptr<gtsam::PreintegrationParams>&[m[K’
[13.674s]    94 |   PreintegratedImuMeasurementsT([01;36m[Kconst std::shared_ptr<PreintegrationParams>& p[m[K,
[13.674s]       |                                 [01;36m[K~~~~~~~~~~~~~~~~~~~~~~~~~~~~~~~~~~~~~~~~~~~~~^[m[K
[13.674s] [01m[K/usr/include/gtsam/navigation/ImuFactor.h:85:3:[m[K [01;36m[Knote: [m[Kcandidate: ‘[01m[Kgtsam::PreintegratedImuMeasurementsT<PreintegrationType>::PreintegratedImuMeasurementsT() [with PreintegrationType = gtsam::TangentPreintegration][m[K’
[13.674s]    85 |   [01;36m[KPreintegratedImuMeasurementsT[m[K() {
[13.674s]       |   [01;36m[K^~~~~~~~~~~~~~~~~~~~~~~~~~~~~[m[K
[13.674s] [01m[K/usr/include/gtsam/navigation/ImuFactor.h:85:3:[m[K [01;36m[Knote: [m[K  candidate expects 0 arguments, 2 provided
[13.674s] [01m[K/usr/include/gtsam/navigation/ImuFactor.h:72:20:[m[K [01;36m[Knote: [m[Kcandidate: ‘[01m[Kgtsam::PreintegratedImuMeasurementsT<gtsam::TangentPreintegration>::PreintegratedImuMeasurementsT(const gtsam::PreintegratedImuMeasurementsT<gtsam::TangentPreintegration>&)[m[K’
[13.674s]    72 | class GTSAM_EXPORT [01;36m[KPreintegratedImuMeasurementsT[m[K: public PreintegrationType {
[13.674s]       |                    [01;36m[K^~~~~~~~~~~~~~~~~~~~~~~~~~~~~[m[K
[13.674s] [01m[K/usr/include/gtsam/navigation/ImuFactor.h:72:20:[m[K [01;36m[Knote: [m[K  candidate expects 1 argument, 2 provided
[13.674s] [01m[K/home/aria/lidarslam/ws_mid360/src/LIO-SAM/src/imuPreintegration.cpp:262:86:[m[K [01;31m[Kerror: [m[Kno matching function for call to ‘[01m[Kgtsam::PreintegratedImuMeasurementsT<gtsam::TangentPreintegration>::PreintegratedImuMeasurementsT(boost::shared_ptr<gtsam::PreintegrationParams>&, gtsam::imuBias::ConstantBias&)[m[K’
[13.674s]   262 |         imuIntegratorOpt_ = new gtsam::PreintegratedImuMeasurements(p, prior_imu_bias[01;31m[K)[m[K; // setting up the IMU integration for optimization
[13.674s]       |                                                                                      [01;31m[K^[m[K
[13.675s] In file included from [01m[K/home/aria/lidarslam/ws_mid360/src/LIO-SAM/src/imuPreintegration.cpp:8[m[K:
[13.675s] [01m[K/usr/include/gtsam/navigation/ImuFactor.h:105:3:[m[K [01;36m[Knote: [m[Kcandidate: ‘[01m[Kgtsam::PreintegratedImuMeasurementsT<PreintegrationType>::PreintegratedImuMeasurementsT(const PreintegrationType&, const Matrix9&) [with PreintegrationType = gtsam::TangentPreintegration; gtsam::Matrix9 = Eigen::Matrix<double, 9, 9, 0, 9, 9>][m[K’
[13.675s]   105 |   [01;36m[KPreintegratedImuMeasurementsT[m[K(const PreintegrationType& base, const Matrix9& preintMeasCov)
[13.675s]       |   [01;36m[K^~~~~~~~~~~~~~~~~~~~~~~~~~~~~[m[K
[13.675s] [01m[K/usr/include/gtsam/navigation/ImuFactor.h:105:59:[m[K [01;36m[Knote: [m[K  no known conversion for argument 1 from ‘[01m[Kboost::shared_ptr<gtsam::PreintegrationParams>[m[K’ to ‘[01m[Kconst gtsam::TangentPreintegration&[m[K’
[13.675s]   105 |   PreintegratedImuMeasurementsT([01;36m[Kconst PreintegrationType& base[m[K, const Matrix9& preintMeasCov)
[13.675s]       |                                 [01;36m[K~~~~~~~~~~~~~~~~~~~~~~~~~~^~~~[m[K
[13.675s] [01m[K/usr/include/gtsam/navigation/ImuFactor.h:94:3:[m[K [01;36m[Knote: [m[Kcandidate: ‘[01m[Kgtsam::PreintegratedImuMeasurementsT<PreintegrationType>::PreintegratedImuMeasurementsT(const std::shared_ptr<gtsam::PreintegrationParams>&, const gtsam::imuBias::ConstantBias&) [with PreintegrationType = gtsam::TangentPreintegration][m[K’
[13.675s]    94 |   [01;36m[KPreintegratedImuMeasurementsT[m[K(const std::shared_ptr<PreintegrationParams>& p,
[13.675s]       |   [01;36m[K^~~~~~~~~~~~~~~~~~~~~~~~~~~~~[m[K
[13.675s] [01m[K/usr/include/gtsam/navigation/ImuFactor.h:94:78:[m[K [01;36m[Knote: [m[K  no known conversion for argument 1 from ‘[01m[Kboost::shared_ptr<gtsam::PreintegrationParams>[m[K’ to ‘[01m[Kconst std::shared_ptr<gtsam::PreintegrationParams>&[m[K’
[13.675s]    94 |   PreintegratedImuMeasurementsT([01;36m[Kconst std::shared_ptr<PreintegrationParams>& p[m[K,
[13.675s]       |                                 [01;36m[K~~~~~~~~~~~~~~~~~~~~~~~~~~~~~~~~~~~~~~~~~~~~~^[m[K
[13.676s] [01m[K/usr/include/gtsam/navigation/ImuFactor.h:85:3:[m[K [01;36m[Knote: [m[Kcandidate: ‘[01m[Kgtsam::PreintegratedImuMeasurementsT<PreintegrationType>::PreintegratedImuMeasurementsT() [with PreintegrationType = gtsam::TangentPreintegration][m[K’
[13.676s]    85 |   [01;36m[KPreintegratedImuMeasurementsT[m[K() {
[13.676s]       |   [01;36m[K^~~~~~~~~~~~~~~~~~~~~~~~~~~~~[m[K
[13.676s] [01m[K/usr/include/gtsam/navigation/ImuFactor.h:85:3:[m[K [01;36m[Knote: [m[K  candidate expects 0 arguments, 2 provided
[13.676s] [01m[K/usr/include/gtsam/navigation/ImuFactor.h:72:20:[m[K [01;36m[Knote: [m[Kcandidate: ‘[01m[Kgtsam::PreintegratedImuMeasurementsT<gtsam::TangentPreintegration>::PreintegratedImuMeasurementsT(const gtsam::PreintegratedImuMeasurementsT<gtsam::TangentPreintegration>&)[m[K’
[13.676s]    72 | class GTSAM_EXPORT [01;36m[KPreintegratedImuMeasurementsT[m[K: public PreintegrationType {
[13.676s]       |                    [01;36m[K^~~~~~~~~~~~~~~~~~~~~~~~~~~~~[m[K
[13.676s] [01m[K/usr/include/gtsam/navigation/ImuFactor.h:72:20:[m[K [01;36m[Knote: [m[K  candidate expects 1 argument, 2 provided
[22.523s] gmake[2]: *** [CMakeFiles/lio_sam_imuPreintegration.dir/build.make:76: CMakeFiles/lio_sam_imuPreintegration.dir/src/imuPreintegration.cpp.o] Error 1
[22.523s] gmake[1]: *** [CMakeFiles/Makefile2:653: CMakeFiles/lio_sam_imuPreintegration.dir/all] Error 2
[22.523s] gmake[1]: *** Waiting for unfinished jobs....
[22.954s] [ 93%] [32m[1mLinking CXX executable lio_sam_featureExtraction[0m
[23.501s] [ 93%] Built target lio_sam_featureExtraction
[26.950s] [ 95%] [32m[1mLinking CXX executable lio_sam_imageProjection[0m
[27.327s] [ 95%] Built target lio_sam_imageProjection
[47.810s] [ 97%] [32m[1mLinking CXX executable lio_sam_mapOptimization[0m
[48.447s] [ 97%] Built target lio_sam_mapOptimization
[48.448s] gmake: *** [Makefile:146: all] Error 2
[48.451s] Invoked command in '/home/aria/lidarslam/ws_mid360/build/lio_sam' returned '2': CMAKE_PREFIX_PATH=/opt/ros/humble /usr/bin/cmake --build /home/aria/lidarslam/ws_mid360/build/lio_sam -- -j20 -l20
