[0.091s] DEBUG:colcon:Command line arguments: ['/usr/bin/colcon', 'build']
[0.091s] DEBUG:colcon:Parsed command line arguments: Namespace(log_base=None, log_level=None, verb_name='build', build_base='build', install_base='install', merge_install=False, symlink_install=False, test_result_base=None, continue_on_error=False, executor='parallel', parallel_workers=20, event_handlers=None, ignore_user_meta=False, metas=['./colcon.meta'], base_paths=['.'], packages_ignore=None, packages_ignore_regex=None, paths=None, packages_up_to=None, packages_up_to_regex=None, packages_above=None, packages_above_and_dependencies=None, packages_above_depth=None, packages_select_by_dep=None, packages_skip_by_dep=None, packages_skip_up_to=None, packages_select_build_failed=False, packages_skip_build_finished=False, packages_select_test_failures=False, packages_skip_test_passed=False, packages_select=None, packages_skip=None, packages_select_regex=None, packages_skip_regex=None, packages_start=None, packages_end=None, allow_overriding=[], cmake_args=None, cmake_target=None, cmake_target_skip_unavailable=False, cmake_clean_cache=False, cmake_clean_first=False, cmake_force_configure=False, ament_cmake_args=None, catkin_cmake_args=None, catkin_skip_building_tests=False, verb_parser=<colcon_defaults.argument_parser.defaults.DefaultArgumentsDecorator object at 0x72f0a0c2ca90>, verb_extension=<colcon_core.verb.build.BuildVerb object at 0x72f0a0d65e70>, main=<bound method BuildVerb.main of <colcon_core.verb.build.BuildVerb object at 0x72f0a0d65e70>>)
[0.197s] Level 1:colcon.colcon_core.package_discovery:discover_packages(colcon_meta) check parameters
[0.197s] Level 1:colcon.colcon_core.package_discovery:discover_packages(recursive) check parameters
[0.197s] Level 1:colcon.colcon_core.package_discovery:discover_packages(ignore) check parameters
[0.197s] Level 1:colcon.colcon_core.package_discovery:discover_packages(path) check parameters
[0.197s] Level 1:colcon.colcon_core.package_discovery:discover_packages(colcon_meta) discover
[0.197s] Level 1:colcon.colcon_core.package_discovery:discover_packages(recursive) discover
[0.197s] INFO:colcon.colcon_core.package_discovery:Crawling recursively for packages in '/home/aria/lidarslam/ws_mid360'
[0.197s] Level 1:colcon.colcon_core.package_identification:_identify(.) by extensions ['ignore', 'ignore_ament_install']
[0.197s] Level 1:colcon.colcon_core.package_identification:_identify(.) by extension 'ignore'
[0.197s] Level 1:colcon.colcon_core.package_identification:_identify(.) by extension 'ignore_ament_install'
[0.197s] Level 1:colcon.colcon_core.package_identification:_identify(.) by extensions ['colcon_pkg']
[0.197s] Level 1:colcon.colcon_core.package_identification:_identify(.) by extension 'colcon_pkg'
[0.197s] Level 1:colcon.colcon_core.package_identification:_identify(.) by extensions ['colcon_meta']
[0.197s] Level 1:colcon.colcon_core.package_identification:_identify(.) by extension 'colcon_meta'
[0.197s] Level 1:colcon.colcon_core.package_identification:_identify(.) by extensions ['ros']
[0.197s] Level 1:colcon.colcon_core.package_identification:_identify(.) by extension 'ros'
[0.204s] Level 1:colcon.colcon_core.package_identification:_identify(.) by extensions ['cmake', 'python']
[0.204s] Level 1:colcon.colcon_core.package_identification:_identify(.) by extension 'cmake'
[0.204s] Level 1:colcon.colcon_core.package_identification:_identify(.) by extension 'python'
[0.205s] Level 1:colcon.colcon_core.package_identification:_identify(.) by extensions ['python_setup_py']
[0.205s] Level 1:colcon.colcon_core.package_identification:_identify(.) by extension 'python_setup_py'
[0.205s] Level 1:colcon.colcon_core.package_identification:_identify(build) by extensions ['ignore', 'ignore_ament_install']
[0.205s] Level 1:colcon.colcon_core.package_identification:_identify(build) by extension 'ignore'
[0.205s] Level 1:colcon.colcon_core.package_identification:_identify(build) ignored
[0.205s] Level 1:colcon.colcon_core.package_identification:_identify(install) by extensions ['ignore', 'ignore_ament_install']
[0.205s] Level 1:colcon.colcon_core.package_identification:_identify(install) by extension 'ignore'
[0.205s] Level 1:colcon.colcon_core.package_identification:_identify(install) ignored
[0.205s] Level 1:colcon.colcon_core.package_identification:_identify(log) by extensions ['ignore', 'ignore_ament_install']
[0.205s] Level 1:colcon.colcon_core.package_identification:_identify(log) by extension 'ignore'
[0.205s] Level 1:colcon.colcon_core.package_identification:_identify(log) ignored
[0.205s] Level 1:colcon.colcon_core.package_identification:_identify(src) by extensions ['ignore', 'ignore_ament_install']
[0.205s] Level 1:colcon.colcon_core.package_identification:_identify(src) by extension 'ignore'
[0.205s] Level 1:colcon.colcon_core.package_identification:_identify(src) by extension 'ignore_ament_install'
[0.205s] Level 1:colcon.colcon_core.package_identification:_identify(src) by extensions ['colcon_pkg']
[0.205s] Level 1:colcon.colcon_core.package_identification:_identify(src) by extension 'colcon_pkg'
[0.205s] Level 1:colcon.colcon_core.package_identification:_identify(src) by extensions ['colcon_meta']
[0.205s] Level 1:colcon.colcon_core.package_identification:_identify(src) by extension 'colcon_meta'
[0.205s] Level 1:colcon.colcon_core.package_identification:_identify(src) by extensions ['ros']
[0.205s] Level 1:colcon.colcon_core.package_identification:_identify(src) by extension 'ros'
[0.205s] Level 1:colcon.colcon_core.package_identification:_identify(src) by extensions ['cmake', 'python']
[0.205s] Level 1:colcon.colcon_core.package_identification:_identify(src) by extension 'cmake'
[0.205s] Level 1:colcon.colcon_core.package_identification:_identify(src) by extension 'python'
[0.205s] Level 1:colcon.colcon_core.package_identification:_identify(src) by extensions ['python_setup_py']
[0.205s] Level 1:colcon.colcon_core.package_identification:_identify(src) by extension 'python_setup_py'
[0.205s] Level 1:colcon.colcon_core.package_identification:_identify(src/LIO-SAM) by extensions ['ignore', 'ignore_ament_install']
[0.205s] Level 1:colcon.colcon_core.package_identification:_identify(src/LIO-SAM) by extension 'ignore'
[0.205s] Level 1:colcon.colcon_core.package_identification:_identify(src/LIO-SAM) by extension 'ignore_ament_install'
[0.205s] Level 1:colcon.colcon_core.package_identification:_identify(src/LIO-SAM) by extensions ['colcon_pkg']
[0.205s] Level 1:colcon.colcon_core.package_identification:_identify(src/LIO-SAM) by extension 'colcon_pkg'
[0.206s] Level 1:colcon.colcon_core.package_identification:_identify(src/LIO-SAM) by extensions ['colcon_meta']
[0.206s] Level 1:colcon.colcon_core.package_identification:_identify(src/LIO-SAM) by extension 'colcon_meta'
[0.206s] Level 1:colcon.colcon_core.package_identification:_identify(src/LIO-SAM) by extensions ['ros']
[0.206s] Level 1:colcon.colcon_core.package_identification:_identify(src/LIO-SAM) by extension 'ros'
[0.208s] DEBUG:colcon.colcon_core.package_identification:Package 'src/LIO-SAM' with type 'ros.ament_cmake' and name 'lio_sam'
[0.208s] Level 1:colcon.colcon_core.package_discovery:discover_packages(recursive) using defaults
[0.208s] Level 1:colcon.colcon_core.package_discovery:discover_packages(ignore) discover
[0.208s] Level 1:colcon.colcon_core.package_discovery:discover_packages(ignore) using defaults
[0.208s] Level 1:colcon.colcon_core.package_discovery:discover_packages(path) discover
[0.208s] Level 1:colcon.colcon_core.package_discovery:discover_packages(path) using defaults
[0.227s] Level 1:colcon.colcon_core.package_discovery:discover_packages(prefix_path) check parameters
[0.227s] Level 1:colcon.colcon_core.package_discovery:discover_packages(prefix_path) discover
[0.228s] DEBUG:colcon.colcon_installed_package_information.package_discovery:Found 303 installed packages in /opt/ros/humble
[0.229s] Level 1:colcon.colcon_core.package_discovery:discover_packages(prefix_path) using defaults
[0.251s] Level 5:colcon.colcon_core.verb:set package 'lio_sam' build argument 'cmake_args' from command line to 'None'
[0.251s] Level 5:colcon.colcon_core.verb:set package 'lio_sam' build argument 'cmake_target' from command line to 'None'
[0.252s] Level 5:colcon.colcon_core.verb:set package 'lio_sam' build argument 'cmake_target_skip_unavailable' from command line to 'False'
[0.252s] Level 5:colcon.colcon_core.verb:set package 'lio_sam' build argument 'cmake_clean_cache' from command line to 'False'
[0.252s] Level 5:colcon.colcon_core.verb:set package 'lio_sam' build argument 'cmake_clean_first' from command line to 'False'
[0.252s] Level 5:colcon.colcon_core.verb:set package 'lio_sam' build argument 'cmake_force_configure' from command line to 'False'
[0.252s] Level 5:colcon.colcon_core.verb:set package 'lio_sam' build argument 'ament_cmake_args' from command line to 'None'
[0.252s] Level 5:colcon.colcon_core.verb:set package 'lio_sam' build argument 'catkin_cmake_args' from command line to 'None'
[0.252s] Level 5:colcon.colcon_core.verb:set package 'lio_sam' build argument 'catkin_skip_building_tests' from command line to 'False'
[0.252s] DEBUG:colcon.colcon_core.verb:Building package 'lio_sam' with the following arguments: {'ament_cmake_args': None, 'build_base': '/home/aria/lidarslam/ws_mid360/build/lio_sam', 'catkin_cmake_args': None, 'catkin_skip_building_tests': False, 'cmake_args': None, 'cmake_clean_cache': False, 'cmake_clean_first': False, 'cmake_force_configure': False, 'cmake_target': None, 'cmake_target_skip_unavailable': False, 'install_base': '/home/aria/lidarslam/ws_mid360/install/lio_sam', 'merge_install': False, 'path': '/home/aria/lidarslam/ws_mid360/src/LIO-SAM', 'symlink_install': False, 'test_result_base': None}
[0.252s] INFO:colcon.colcon_core.executor:Executing jobs using 'parallel' executor
[0.253s] DEBUG:colcon.colcon_parallel_executor.executor.parallel:run_until_complete
[0.253s] INFO:colcon.colcon_ros.task.ament_cmake.build:Building ROS package in '/home/aria/lidarslam/ws_mid360/src/LIO-SAM' with build type 'ament_cmake'
[0.253s] INFO:colcon.colcon_cmake.task.cmake.build:Building CMake package in '/home/aria/lidarslam/ws_mid360/src/LIO-SAM'
[0.254s] INFO:colcon.colcon_core.plugin_system:Skipping extension 'colcon_core.shell.bat': Not used on non-Windows systems
[0.254s] INFO:colcon.colcon_core.shell:Skip shell extension 'powershell' for command environment: Not usable outside of PowerShell
[0.254s] DEBUG:colcon.colcon_core.shell:Skip shell extension 'dsv' for command environment
[0.263s] DEBUG:colcon.colcon_core.event_handler.log_command:Invoking command in '/home/aria/lidarslam/ws_mid360/build/lio_sam': CMAKE_PREFIX_PATH=/opt/ros/humble /usr/bin/cmake --build /home/aria/lidarslam/ws_mid360/build/lio_sam -- -j20 -l20
[25.038s] DEBUG:colcon.colcon_core.event_handler.log_command:Invoked command in '/home/aria/lidarslam/ws_mid360/build/lio_sam' returned '0': CMAKE_PREFIX_PATH=/opt/ros/humble /usr/bin/cmake --build /home/aria/lidarslam/ws_mid360/build/lio_sam -- -j20 -l20
[25.046s] DEBUG:colcon.colcon_core.event_handler.log_command:Invoking command in '/home/aria/lidarslam/ws_mid360/build/lio_sam': CMAKE_PREFIX_PATH=/opt/ros/humble /usr/bin/cmake --install /home/aria/lidarslam/ws_mid360/build/lio_sam
[25.145s] Level 1:colcon.colcon_core.environment:create_environment_scripts_only(lio_sam)
[25.145s] DEBUG:colcon.colcon_core.event_handler.log_command:Invoked command in '/home/aria/lidarslam/ws_mid360/build/lio_sam' returned '0': CMAKE_PREFIX_PATH=/opt/ros/humble /usr/bin/cmake --install /home/aria/lidarslam/ws_mid360/build/lio_sam
[25.148s] Level 1:colcon.colcon_core.environment:checking '/home/aria/lidarslam/ws_mid360/install/lio_sam' for CMake module files
[25.149s] Level 1:colcon.colcon_core.environment:checking '/home/aria/lidarslam/ws_mid360/install/lio_sam' for CMake config files
[25.150s] Level 1:colcon.colcon_core.shell:create_environment_hook('lio_sam', 'cmake_prefix_path')
[25.151s] INFO:colcon.colcon_core.shell:Creating environment hook '/home/aria/lidarslam/ws_mid360/install/lio_sam/share/lio_sam/hook/cmake_prefix_path.ps1'
[25.151s] INFO:colcon.colcon_core.shell:Creating environment descriptor '/home/aria/lidarslam/ws_mid360/install/lio_sam/share/lio_sam/hook/cmake_prefix_path.dsv'
[25.152s] INFO:colcon.colcon_core.shell:Creating environment hook '/home/aria/lidarslam/ws_mid360/install/lio_sam/share/lio_sam/hook/cmake_prefix_path.sh'
[25.153s] Level 1:colcon.colcon_core.environment:checking '/home/aria/lidarslam/ws_mid360/install/lio_sam/lib'
[25.153s] Level 1:colcon.colcon_core.shell:create_environment_hook('lio_sam', 'ld_library_path_lib')
[25.153s] INFO:colcon.colcon_core.shell:Creating environment hook '/home/aria/lidarslam/ws_mid360/install/lio_sam/share/lio_sam/hook/ld_library_path_lib.ps1'
[25.153s] INFO:colcon.colcon_core.shell:Creating environment descriptor '/home/aria/lidarslam/ws_mid360/install/lio_sam/share/lio_sam/hook/ld_library_path_lib.dsv'
[25.153s] INFO:colcon.colcon_core.shell:Creating environment hook '/home/aria/lidarslam/ws_mid360/install/lio_sam/share/lio_sam/hook/ld_library_path_lib.sh'
[25.153s] Level 1:colcon.colcon_core.environment:checking '/home/aria/lidarslam/ws_mid360/install/lio_sam/bin'
[25.154s] Level 1:colcon.colcon_core.environment:checking '/home/aria/lidarslam/ws_mid360/install/lio_sam/lib/pkgconfig/lio_sam.pc'
[25.154s] Level 1:colcon.colcon_core.environment:checking '/home/aria/lidarslam/ws_mid360/install/lio_sam/lib/python3.10/site-packages'
[25.154s] Level 1:colcon.colcon_core.environment:checking '/home/aria/lidarslam/ws_mid360/install/lio_sam/bin'
[25.154s] INFO:colcon.colcon_core.shell:Creating package script '/home/aria/lidarslam/ws_mid360/install/lio_sam/share/lio_sam/package.ps1'
[25.155s] INFO:colcon.colcon_core.shell:Creating package descriptor '/home/aria/lidarslam/ws_mid360/install/lio_sam/share/lio_sam/package.dsv'
[25.155s] INFO:colcon.colcon_core.shell:Creating package script '/home/aria/lidarslam/ws_mid360/install/lio_sam/share/lio_sam/package.sh'
[25.155s] INFO:colcon.colcon_core.shell:Creating package script '/home/aria/lidarslam/ws_mid360/install/lio_sam/share/lio_sam/package.bash'
[25.156s] INFO:colcon.colcon_core.shell:Creating package script '/home/aria/lidarslam/ws_mid360/install/lio_sam/share/lio_sam/package.zsh'
[25.156s] Level 1:colcon.colcon_core.environment:create_file_with_runtime_dependencies(/home/aria/lidarslam/ws_mid360/install/lio_sam/share/colcon-core/packages/lio_sam)
[25.156s] Level 1:colcon.colcon_core.environment:create_environment_scripts_only(lio_sam)
[25.156s] Level 1:colcon.colcon_core.environment:checking '/home/aria/lidarslam/ws_mid360/install/lio_sam' for CMake module files
[25.157s] Level 1:colcon.colcon_core.environment:checking '/home/aria/lidarslam/ws_mid360/install/lio_sam' for CMake config files
[25.157s] Level 1:colcon.colcon_core.shell:create_environment_hook('lio_sam', 'cmake_prefix_path')
[25.157s] INFO:colcon.colcon_core.shell:Creating environment hook '/home/aria/lidarslam/ws_mid360/install/lio_sam/share/lio_sam/hook/cmake_prefix_path.ps1'
[25.157s] INFO:colcon.colcon_core.shell:Creating environment descriptor '/home/aria/lidarslam/ws_mid360/install/lio_sam/share/lio_sam/hook/cmake_prefix_path.dsv'
[25.157s] INFO:colcon.colcon_core.shell:Creating environment hook '/home/aria/lidarslam/ws_mid360/install/lio_sam/share/lio_sam/hook/cmake_prefix_path.sh'
[25.158s] Level 1:colcon.colcon_core.environment:checking '/home/aria/lidarslam/ws_mid360/install/lio_sam/lib'
[25.158s] Level 1:colcon.colcon_core.shell:create_environment_hook('lio_sam', 'ld_library_path_lib')
[25.158s] INFO:colcon.colcon_core.shell:Creating environment hook '/home/aria/lidarslam/ws_mid360/install/lio_sam/share/lio_sam/hook/ld_library_path_lib.ps1'
[25.158s] INFO:colcon.colcon_core.shell:Creating environment descriptor '/home/aria/lidarslam/ws_mid360/install/lio_sam/share/lio_sam/hook/ld_library_path_lib.dsv'
[25.158s] INFO:colcon.colcon_core.shell:Creating environment hook '/home/aria/lidarslam/ws_mid360/install/lio_sam/share/lio_sam/hook/ld_library_path_lib.sh'
[25.159s] Level 1:colcon.colcon_core.environment:checking '/home/aria/lidarslam/ws_mid360/install/lio_sam/bin'
[25.159s] Level 1:colcon.colcon_core.environment:checking '/home/aria/lidarslam/ws_mid360/install/lio_sam/lib/pkgconfig/lio_sam.pc'
[25.159s] Level 1:colcon.colcon_core.environment:checking '/home/aria/lidarslam/ws_mid360/install/lio_sam/lib/python3.10/site-packages'
[25.159s] Level 1:colcon.colcon_core.environment:checking '/home/aria/lidarslam/ws_mid360/install/lio_sam/bin'
[25.159s] INFO:colcon.colcon_core.shell:Creating package script '/home/aria/lidarslam/ws_mid360/install/lio_sam/share/lio_sam/package.ps1'
[25.159s] INFO:colcon.colcon_core.shell:Creating package descriptor '/home/aria/lidarslam/ws_mid360/install/lio_sam/share/lio_sam/package.dsv'
[25.160s] INFO:colcon.colcon_core.shell:Creating package script '/home/aria/lidarslam/ws_mid360/install/lio_sam/share/lio_sam/package.sh'
[25.160s] INFO:colcon.colcon_core.shell:Creating package script '/home/aria/lidarslam/ws_mid360/install/lio_sam/share/lio_sam/package.bash'
[25.160s] INFO:colcon.colcon_core.shell:Creating package script '/home/aria/lidarslam/ws_mid360/install/lio_sam/share/lio_sam/package.zsh'
[25.160s] Level 1:colcon.colcon_core.environment:create_file_with_runtime_dependencies(/home/aria/lidarslam/ws_mid360/install/lio_sam/share/colcon-core/packages/lio_sam)
[25.160s] DEBUG:colcon.colcon_parallel_executor.executor.parallel:closing loop
[25.160s] DEBUG:colcon.colcon_parallel_executor.executor.parallel:loop closed
[25.160s] DEBUG:colcon.colcon_parallel_executor.executor.parallel:run_until_complete finished with '0'
[25.161s] DEBUG:colcon.colcon_core.event_reactor:joining thread
[25.164s] INFO:colcon.colcon_core.plugin_system:Skipping extension 'colcon_notification.desktop_notification.terminal_notifier': Not used on non-Darwin systems
[25.164s] INFO:colcon.colcon_core.plugin_system:Skipping extension 'colcon_notification.desktop_notification.win32': Not used on non-Windows systems
[25.164s] INFO:colcon.colcon_notification.desktop_notification:Sending desktop notification using 'notify2'
[25.178s] DEBUG:colcon.colcon_core.event_reactor:joined thread
[25.178s] INFO:colcon.colcon_core.shell:Creating prefix script '/home/aria/lidarslam/ws_mid360/install/local_setup.ps1'
[25.179s] INFO:colcon.colcon_core.shell:Creating prefix util module '/home/aria/lidarslam/ws_mid360/install/_local_setup_util_ps1.py'
[25.180s] INFO:colcon.colcon_core.shell:Creating prefix chain script '/home/aria/lidarslam/ws_mid360/install/setup.ps1'
[25.181s] INFO:colcon.colcon_core.shell:Creating prefix script '/home/aria/lidarslam/ws_mid360/install/local_setup.sh'
[25.182s] INFO:colcon.colcon_core.shell:Creating prefix util module '/home/aria/lidarslam/ws_mid360/install/_local_setup_util_sh.py'
[25.182s] INFO:colcon.colcon_core.shell:Creating prefix chain script '/home/aria/lidarslam/ws_mid360/install/setup.sh'
[25.183s] INFO:colcon.colcon_core.shell:Creating prefix script '/home/aria/lidarslam/ws_mid360/install/local_setup.bash'
[25.183s] INFO:colcon.colcon_core.shell:Creating prefix chain script '/home/aria/lidarslam/ws_mid360/install/setup.bash'
[25.184s] INFO:colcon.colcon_core.shell:Creating prefix script '/home/aria/lidarslam/ws_mid360/install/local_setup.zsh'
[25.184s] INFO:colcon.colcon_core.shell:Creating prefix chain script '/home/aria/lidarslam/ws_mid360/install/setup.zsh'
