[0.008s] Invoking command in '/home/aria/lidarslam/src/build/kiss_icp': CMAKE_PREFIX_PATH=${CMAKE_PREFIX_PATH}:/opt/ros/humble /usr/bin/cmake --build /home/aria/lidarslam/src/build/kiss_icp -- -j20 -l20
[0.083s] [ 14%] Built target kiss_icp_metrics
[0.084s] [ 28%] Built target kiss_icp_node
[0.085s] [ 71%] Built target kiss_icp_core
[0.114s] [ 85%] Built target kiss_icp_pipeline
[0.159s] [100%] Built target odometry_component
[0.174s] Invoked command in '/home/aria/lidarslam/src/build/kiss_icp' returned '0': CMAKE_PREFIX_PATH=${CMAKE_PREFIX_PATH}:/opt/ros/humble /usr/bin/cmake --build /home/aria/lidarslam/src/build/kiss_icp -- -j20 -l20
[0.189s] Invoking command in '/home/aria/lidarslam/src/build/kiss_icp': CMAKE_PREFIX_PATH=${CMAKE_PREFIX_PATH}:/opt/ros/humble /usr/bin/cmake --install /home/aria/lidarslam/src/build/kiss_icp
[0.199s] -- Install configuration: "Release"
[0.200s] -- Up-to-date: /home/aria/lidarslam/src/install/kiss_icp/lib/kiss_icp/kiss_icp_node
[0.200s] -- Up-to-date: /home/aria/lidarslam/src/install/kiss_icp/lib/libodometry_component.so
[0.201s] -- Up-to-date: /home/aria/lidarslam/src/install/kiss_icp/share/kiss_icp//launch
[0.201s] -- Up-to-date: /home/aria/lidarslam/src/install/kiss_icp/share/kiss_icp//launch/odometry.launch.py
[0.201s] -- Up-to-date: /home/aria/lidarslam/src/install/kiss_icp/share/kiss_icp//rviz
[0.201s] -- Up-to-date: /home/aria/lidarslam/src/install/kiss_icp/share/kiss_icp//rviz/kiss_icp.rviz
[0.201s] -- Up-to-date: /home/aria/lidarslam/src/install/kiss_icp/share/kiss_icp//config
[0.201s] -- Up-to-date: /home/aria/lidarslam/src/install/kiss_icp/share/kiss_icp//config/config.yaml
[0.201s] -- Up-to-date: /home/aria/lidarslam/src/install/kiss_icp/share/ament_index/resource_index/package_run_dependencies/kiss_icp
[0.201s] -- Up-to-date: /home/aria/lidarslam/src/install/kiss_icp/share/ament_index/resource_index/parent_prefix_path/kiss_icp
[0.201s] -- Up-to-date: /home/aria/lidarslam/src/install/kiss_icp/share/kiss_icp/environment/ament_prefix_path.sh
[0.201s] -- Up-to-date: /home/aria/lidarslam/src/install/kiss_icp/share/kiss_icp/environment/ament_prefix_path.dsv
[0.201s] -- Up-to-date: /home/aria/lidarslam/src/install/kiss_icp/share/kiss_icp/environment/path.sh
[0.201s] -- Up-to-date: /home/aria/lidarslam/src/install/kiss_icp/share/kiss_icp/environment/path.dsv
[0.202s] -- Up-to-date: /home/aria/lidarslam/src/install/kiss_icp/share/kiss_icp/local_setup.bash
[0.202s] -- Up-to-date: /home/aria/lidarslam/src/install/kiss_icp/share/kiss_icp/local_setup.sh
[0.202s] -- Up-to-date: /home/aria/lidarslam/src/install/kiss_icp/share/kiss_icp/local_setup.zsh
[0.202s] -- Up-to-date: /home/aria/lidarslam/src/install/kiss_icp/share/kiss_icp/local_setup.dsv
[0.202s] -- Installing: /home/aria/lidarslam/src/install/kiss_icp/share/kiss_icp/package.dsv
[0.202s] -- Up-to-date: /home/aria/lidarslam/src/install/kiss_icp/share/ament_index/resource_index/packages/kiss_icp
[0.202s] -- Up-to-date: /home/aria/lidarslam/src/install/kiss_icp/share/ament_index/resource_index/rclcpp_components/kiss_icp
[0.202s] -- Up-to-date: /home/aria/lidarslam/src/install/kiss_icp/share/kiss_icp/cmake/kiss_icpConfig.cmake
[0.202s] -- Up-to-date: /home/aria/lidarslam/src/install/kiss_icp/share/kiss_icp/cmake/kiss_icpConfig-version.cmake
[0.202s] -- Up-to-date: /home/aria/lidarslam/src/install/kiss_icp/share/kiss_icp/package.xml
[0.204s] Invoked command in '/home/aria/lidarslam/src/build/kiss_icp' returned '0': CMAKE_PREFIX_PATH=${CMAKE_PREFIX_PATH}:/opt/ros/humble /usr/bin/cmake --install /home/aria/lidarslam/src/build/kiss_icp
