[0.007s] Invoking command in '/home/aria/lidarslam/ws_livox/build/livox_ros_driver2': CMAKE_PREFIX_PATH=/opt/ros/humble /usr/bin/cmake /home/aria/lidarslam/ws_livox/src/livox_ros_driver2 -DCMAKE_INSTALL_PREFIX=/home/aria/lidarslam/ws_livox/install/livox_ros_driver2
[0.067s] -- The C compiler identification is GNU 11.4.0
[0.127s] -- The CXX compiler identification is GNU 11.4.0
[0.134s] -- Detecting C compiler ABI info
[0.220s] -- Detecting C compiler ABI info - done
[0.226s] -- Check for working C compiler: /usr/bin/cc - skipped
[0.226s] -- Detecting C compile features
[0.226s] -- Detecting C compile features - done
[0.228s] -- Detecting CXX compiler ABI info
[0.316s] -- Detecting CXX compiler ABI info - done
[0.322s] -- Check for working CXX compiler: /usr/bin/c++ - skipped
[0.322s] -- Detecting CXX compile features
[0.322s] -- Detecting CXX compile features - done
[0.323s] -- livox_ros_driver2 version: 1.2.4
[0.324s] -- Found ament_cmake_auto: 1.3.11 (/opt/ros/humble/share/ament_cmake_auto/cmake)
[0.456s] -- Found Python3: /usr/bin/python3 (found version "3.10.12") found components: Interpreter 
[0.557s] -- Using all available rosidl_typesupport_c: rosidl_typesupport_fastrtps_c;rosidl_typesupport_introspection_c
[0.561s] -- Found rosidl_adapter: 3.1.6 (/opt/ros/humble/share/rosidl_adapter/cmake)
[0.584s] -- Using all available rosidl_typesupport_cpp: rosidl_typesupport_fastrtps_cpp;rosidl_typesupport_introspection_cpp
[0.633s] -- Found rmw_implementation_cmake: 6.1.2 (/opt/ros/humble/share/rmw_implementation_cmake/cmake)
[0.634s] -- Found rmw_fastrtps_cpp: 6.2.7 (/opt/ros/humble/share/rmw_fastrtps_cpp/cmake)
[0.712s] -- Found OpenSSL: /usr/lib/x86_64-linux-gnu/libcrypto.so (found version "3.0.2")  
[0.745s] -- Found FastRTPS: /opt/ros/humble/include  
[0.774s] -- Using RMW implementation 'rmw_fastrtps_cpp' as default
[0.779s] -- Looking for pthread.h
[0.858s] -- Looking for pthread.h - found
[0.859s] -- Performing Test CMAKE_HAVE_LIBC_PTHREAD
[0.942s] -- Performing Test CMAKE_HAVE_LIBC_PTHREAD - Success
[0.943s] -- Found Threads: TRUE  
[1.045s] -- Checking for module 'eigen3'
[1.056s] --   Found eigen3, version 3.4.0
[1.101s] -- Found Eigen: /usr/include/eigen3 (Required is at least version "3.1") 
[1.101s] -- Eigen found (include: /usr/include/eigen3, version: 3.4.0)
[1.130s] -- Checking for module 'flann'
[1.144s] --   Found flann, version 1.9.1
[1.196s] -- Found FLANN: /usr/lib/x86_64-linux-gnu/libflann_cpp.so  
[1.196s] -- FLANN found (include: /usr/include, lib: /usr/lib/x86_64-linux-gnu/libflann_cpp.so)
[2.259s] -- Checking for module 'libusb-1.0'
[2.278s] --   Found libusb-1.0, version 1.0.25
[2.326s] -- Found libusb: /usr/lib/x86_64-linux-gnu/libusb-1.0.so  
[2.328s] -- OpenNI found (version: 1.5.4.0, include: /usr/include/ni, lib: /usr/lib/libOpenNI.so;libusb::libusb)
[2.404s] -- OpenNI2 found (version: 2.2.0.33, include: /usr/include/openni2, lib: /usr/lib/x86_64-linux-gnu/libOpenNI2.so;libusb::libusb)
[2.526s] -- Eigen found (include: /usr/include/eigen3, version: 3.4.0)
[2.532s] -- OpenNI found (version: 1.5.4.0, include: /usr/include/ni, lib: /usr/lib/libOpenNI.so;libusb::libusb)
[2.537s] -- OpenNI2 found (version: 2.2.0.33, include: /usr/include/openni2, lib: /usr/lib/x86_64-linux-gnu/libOpenNI2.so;libusb::libusb)
[2.649s] -- Found Qhull version 8.0.2
[2.774s] -- OpenNI found (version: 1.5.4.0, include: /usr/include/ni, lib: /usr/lib/libOpenNI.so;libusb::libusb)
[2.894s] -- Found PCL_COMMON: /usr/lib/x86_64-linux-gnu/libpcl_common.so  
[2.895s] -- Found PCL_KDTREE: /usr/lib/x86_64-linux-gnu/libpcl_kdtree.so  
[2.895s] -- Found PCL_OCTREE: /usr/lib/x86_64-linux-gnu/libpcl_octree.so  
[2.896s] -- Found PCL_SEARCH: /usr/lib/x86_64-linux-gnu/libpcl_search.so  
[2.897s] -- Found PCL_SAMPLE_CONSENSUS: /usr/lib/x86_64-linux-gnu/libpcl_sample_consensus.so  
[2.897s] -- Found PCL_FILTERS: /usr/lib/x86_64-linux-gnu/libpcl_filters.so  
[2.897s] -- Found PCL_2D: /usr/include/pcl-1.12  
[2.897s] -- Found PCL_GEOMETRY: /usr/include/pcl-1.12  
[2.898s] -- Found PCL_IO: /usr/lib/x86_64-linux-gnu/libpcl_io.so  
[2.899s] -- Found PCL_FEATURES: /usr/lib/x86_64-linux-gnu/libpcl_features.so  
[2.899s] -- Found PCL_ML: /usr/lib/x86_64-linux-gnu/libpcl_ml.so  
[2.900s] -- Found PCL_SEGMENTATION: /usr/lib/x86_64-linux-gnu/libpcl_segmentation.so  
[2.900s] -- Found PCL_VISUALIZATION: /usr/lib/x86_64-linux-gnu/libpcl_visualization.so  
[2.901s] -- Found PCL_SURFACE: /usr/lib/x86_64-linux-gnu/libpcl_surface.so  
[2.902s] -- Found PCL_REGISTRATION: /usr/lib/x86_64-linux-gnu/libpcl_registration.so  
[2.902s] -- Found PCL_KEYPOINTS: /usr/lib/x86_64-linux-gnu/libpcl_keypoints.so  
[2.903s] -- Found PCL_TRACKING: /usr/lib/x86_64-linux-gnu/libpcl_tracking.so  
[2.904s] -- Found PCL_RECOGNITION: /usr/lib/x86_64-linux-gnu/libpcl_recognition.so  
[2.904s] -- Found PCL_STEREO: /usr/lib/x86_64-linux-gnu/libpcl_stereo.so  
[2.905s] -- Found PCL_APPS: /usr/lib/x86_64-linux-gnu/libpcl_apps.so  
[2.905s] -- Found PCL_IN_HAND_SCANNER: /usr/include/pcl-1.12  
[2.906s] -- Found PCL_MODELER: /usr/include/pcl-1.12  
[2.906s] -- Found PCL_POINT_CLOUD_EDITOR: /usr/include/pcl-1.12  
[2.907s] -- Found PCL_OUTOFCORE: /usr/lib/x86_64-linux-gnu/libpcl_outofcore.so  
[2.907s] -- Found PCL_PEOPLE: /usr/lib/x86_64-linux-gnu/libpcl_people.so  
[2.937s] -- Found PkgConfig: /usr/bin/pkg-config (found version "0.29.2") 
[2.937s] -- Checking for module 'apr-1'
[2.940s] --   No package 'apr-1' found
[3.104s] -- Found ament_cmake_ros: 0.10.0 (/opt/ros/humble/share/ament_cmake_ros/cmake)
[3.267s] -- Using all available rosidl_typesupport_c: rosidl_typesupport_fastrtps_c;rosidl_typesupport_introspection_c
[3.500s] -- Using all available rosidl_typesupport_cpp: rosidl_typesupport_fastrtps_cpp;rosidl_typesupport_introspection_cpp
[3.519s] -- Found PythonInterp: /usr/bin/python3 (found suitable version "3.10.12", minimum required is "3.6") 
[3.519s] -- Found python_cmake_module: 0.10.0 (/opt/ros/humble/share/python_cmake_module/cmake)
[3.542s] -- Found PythonLibs: /usr/lib/x86_64-linux-gnu/libpython3.10.so (found suitable version "3.10.12", minimum required is "3.5") 
[3.543s] -- Using PYTHON_EXECUTABLE: /usr/bin/python3
[3.543s] -- Using PYTHON_INCLUDE_DIRS: /usr/include/python3.10
[3.543s] -- Using PYTHON_LIBRARIES: /usr/lib/x86_64-linux-gnu/libpython3.10.so
[3.565s] -- Found PythonExtra: .so  
[3.605s] -- Found ament_lint_auto: 0.12.12 (/opt/ros/humble/share/ament_lint_auto/cmake)
[3.616s] -- Added test 'copyright' to check source files copyright and LICENSE
[3.619s] -- Added test 'cppcheck' to perform static code analysis on C / C++ code
[3.620s] -- Configured cppcheck include dirs: /home/aria/lidarslam/ws_livox/src/livox_ros_driver2/3rdparty;/home/aria/lidarslam/ws_livox/src/livox_ros_driver2/src
[3.620s] -- Configured cppcheck exclude dirs and/or files: 
[3.623s] -- Added test 'cpplint' to check C / C++ code against the Google style
[3.623s] -- Configured cpplint exclude dirs and/or files: 
[3.623s] -- Added test 'flake8' to check Python code syntax and style conventions
[3.624s] -- Added test 'lint_cmake' to check CMake code style
[3.625s] -- Added test 'pep257' to check Python code against some of the docstring style conventions in PEP 257
[3.628s] -- Added test 'uncrustify' to check C / C++ code style
[3.628s] -- Configured uncrustify additional arguments: 
[3.628s] -- Added test 'xmllint' to check XML markup files
[3.629s] -- Configuring done
[3.668s] -- Generating done
[3.681s] -- Build files have been written to: /home/aria/lidarslam/ws_livox/build/livox_ros_driver2
[3.694s] Invoked command in '/home/aria/lidarslam/ws_livox/build/livox_ros_driver2' returned '0': CMAKE_PREFIX_PATH=/opt/ros/humble /usr/bin/cmake /home/aria/lidarslam/ws_livox/src/livox_ros_driver2 -DCMAKE_INSTALL_PREFIX=/home/aria/lidarslam/ws_livox/install/livox_ros_driver2
[3.694s] Invoking command in '/home/aria/lidarslam/ws_livox/build/livox_ros_driver2': CMAKE_PREFIX_PATH=/opt/ros/humble /usr/bin/cmake --build /home/aria/lidarslam/ws_livox/build/livox_ros_driver2 -- -j20 -l20
[3.740s] [  1%] [34m[1mGenerating C code for ROS interfaces[0m
[3.756s] [  3%] [34m[1mGenerating C++ code for ROS interfaces[0m
[3.756s] [  5%] [32mBuilding CXX object CMakeFiles/livox_ros_driver2_node.dir/rclcpp_components/node_main_livox_ros_driver2_node.cpp.o[0m
[3.763s] [  5%] Built target ament_cmake_python_copy_livox_ros_driver2
[3.932s] running egg_info
[3.932s] creating livox_ros_driver2.egg-info
[3.932s] writing livox_ros_driver2.egg-info/PKG-INFO
[3.932s] writing dependency_links to livox_ros_driver2.egg-info/dependency_links.txt
[3.933s] writing top-level names to livox_ros_driver2.egg-info/top_level.txt
[3.933s] writing manifest file 'livox_ros_driver2.egg-info/SOURCES.txt'
[3.936s] reading manifest file 'livox_ros_driver2.egg-info/SOURCES.txt'
[3.936s] writing manifest file 'livox_ros_driver2.egg-info/SOURCES.txt'
[3.959s] [  5%] Built target ament_cmake_python_build_livox_ros_driver2_egg
[4.072s] [  5%] Built target livox_interfaces2__cpp
[4.075s] [  7%] [32mBuilding C object CMakeFiles/livox_interfaces2__rosidl_generator_c.dir/rosidl_generator_c/livox_ros_driver2/msg/detail/custom_msg__functions.c.o[0m
[4.076s] [  8%] [32mBuilding C object CMakeFiles/livox_interfaces2__rosidl_generator_c.dir/rosidl_generator_c/livox_ros_driver2/msg/detail/custom_point__functions.c.o[0m
[4.080s] [ 10%] [34m[1mGenerating C++ type support dispatch for ROS interfaces[0m
[4.081s] [ 12%] [34m[1mGenerating C++ type support for eProsima Fast-RTPS[0m
[4.082s] [ 14%] [34m[1mGenerating C++ introspection for ROS interfaces[0m
[4.201s] [ 15%] [32m[1mLinking C shared library liblivox_ros_driver2__rosidl_generator_c.so[0m
[4.275s] [ 15%] Built target livox_interfaces2__rosidl_generator_c
[4.300s] [ 17%] [34m[1mGenerating C type support for eProsima Fast-RTPS[0m
[4.300s] [ 19%] [34m[1mGenerating C introspection for ROS interfaces[0m
[4.301s] [ 21%] [34m[1mGenerating C type support dispatch for ROS interfaces[0m
[4.872s] [ 22%] [32mBuilding CXX object CMakeFiles/livox_interfaces2__rosidl_typesupport_cpp.dir/rosidl_typesupport_cpp/livox_ros_driver2/msg/custom_point__type_support.cpp.o[0m
[4.872s] [ 24%] [32mBuilding CXX object CMakeFiles/livox_interfaces2__rosidl_typesupport_cpp.dir/rosidl_typesupport_cpp/livox_ros_driver2/msg/custom_msg__type_support.cpp.o[0m
[4.894s] [ 26%] [32mBuilding CXX object CMakeFiles/livox_interfaces2__rosidl_typesupport_introspection_cpp.dir/rosidl_typesupport_introspection_cpp/livox_ros_driver2/msg/detail/custom_msg__type_support.cpp.o[0m
[4.895s] [ 28%] [32mBuilding CXX object CMakeFiles/livox_interfaces2__rosidl_typesupport_introspection_cpp.dir/rosidl_typesupport_introspection_cpp/livox_ros_driver2/msg/detail/custom_point__type_support.cpp.o[0m
[4.903s] [ 29%] [32mBuilding CXX object CMakeFiles/livox_interfaces2__rosidl_typesupport_fastrtps_cpp.dir/rosidl_typesupport_fastrtps_cpp/livox_ros_driver2/msg/detail/dds_fastrtps/custom_msg__type_support.cpp.o[0m
[4.903s] [ 31%] [32mBuilding CXX object CMakeFiles/livox_interfaces2__rosidl_typesupport_fastrtps_cpp.dir/rosidl_typesupport_fastrtps_cpp/livox_ros_driver2/msg/detail/dds_fastrtps/custom_point__type_support.cpp.o[0m
[5.150s] [ 35%] [32mBuilding C object CMakeFiles/livox_interfaces2__rosidl_typesupport_introspection_c.dir/rosidl_typesupport_introspection_c/livox_ros_driver2/msg/detail/custom_msg__type_support.c.o[0m
[5.150s] [ 35%] [32mBuilding C object CMakeFiles/livox_interfaces2__rosidl_typesupport_introspection_c.dir/rosidl_typesupport_introspection_c/livox_ros_driver2/msg/detail/custom_point__type_support.c.o[0m
[5.170s] [ 36%] [32mBuilding CXX object CMakeFiles/livox_interfaces2__rosidl_typesupport_fastrtps_c.dir/rosidl_typesupport_fastrtps_c/livox_ros_driver2/msg/detail/custom_point__type_support_c.cpp.o[0m
[5.171s] [ 38%] [32mBuilding CXX object CMakeFiles/livox_interfaces2__rosidl_typesupport_fastrtps_c.dir/rosidl_typesupport_fastrtps_c/livox_ros_driver2/msg/detail/custom_msg__type_support_c.cpp.o[0m
[5.234s] [ 40%] [32m[1mLinking C shared library liblivox_ros_driver2__rosidl_typesupport_introspection_c.so[0m
[5.313s] [ 40%] Built target livox_interfaces2__rosidl_typesupport_introspection_c
[5.349s] [ 43%] [32mBuilding CXX object CMakeFiles/livox_interfaces2__rosidl_typesupport_c.dir/rosidl_typesupport_c/livox_ros_driver2/msg/custom_msg__type_support.cpp.o[0m
[5.349s] [ 43%] [32mBuilding CXX object CMakeFiles/livox_interfaces2__rosidl_typesupport_c.dir/rosidl_typesupport_c/livox_ros_driver2/msg/custom_point__type_support.cpp.o[0m
[5.377s] [ 45%] [32m[1mLinking CXX shared library liblivox_ros_driver2__rosidl_typesupport_cpp.so[0m
[5.383s] [ 47%] [32m[1mLinking CXX shared library liblivox_ros_driver2__rosidl_typesupport_c.so[0m
[5.418s] [ 47%] Built target livox_interfaces2__rosidl_typesupport_c
[5.423s] [ 47%] Built target livox_interfaces2__rosidl_typesupport_cpp
[5.467s] [ 49%] [32mBuilding CXX object CMakeFiles/livox_ros_driver2.dir/src/lds_lidar.cpp.o[0m
[5.468s] [ 52%] [32mBuilding CXX object CMakeFiles/livox_ros_driver2.dir/src/livox_ros_driver2.cpp.o[0m
[5.468s] [ 52%] [32mBuilding CXX object CMakeFiles/livox_ros_driver2.dir/src/driver_node.cpp.o[0m
[5.468s] [ 54%] [32mBuilding CXX object CMakeFiles/livox_ros_driver2.dir/src/comm/comm.cpp.o[0m
[5.468s] [ 56%] [32mBuilding CXX object CMakeFiles/livox_ros_driver2.dir/src/comm/cache_index.cpp.o[0m
[5.470s] [ 57%] [32mBuilding CXX object CMakeFiles/livox_ros_driver2.dir/src/lds.cpp.o[0m
[5.475s] [ 64%] [32mBuilding CXX object CMakeFiles/livox_ros_driver2.dir/src/comm/pub_handler.cpp.o[0m
[5.476s] [ 64%] [32mBuilding CXX object CMakeFiles/livox_ros_driver2.dir/src/comm/semaphore.cpp.o[0m
[5.476s] [ 64%] [32mBuilding CXX object CMakeFiles/livox_ros_driver2.dir/src/lddc.cpp.o[0m
[5.477s] [ 66%] [32mBuilding CXX object CMakeFiles/livox_ros_driver2.dir/src/comm/lidar_imu_data_queue.cpp.o[0m
[5.478s] [ 66%] [32mBuilding CXX object CMakeFiles/livox_ros_driver2.dir/src/comm/ldq.cpp.o[0m
[5.478s] [ 68%] [32mBuilding CXX object CMakeFiles/livox_ros_driver2.dir/src/parse_cfg_file/parse_livox_lidar_cfg.cpp.o[0m
[5.478s] [ 70%] [32mBuilding CXX object CMakeFiles/livox_ros_driver2.dir/src/parse_cfg_file/parse_cfg_file.cpp.o[0m
[5.502s] [ 71%] [32mBuilding CXX object CMakeFiles/livox_ros_driver2.dir/src/call_back/lidar_common_callback.cpp.o[0m
[5.835s] [ 73%] [32mBuilding CXX object CMakeFiles/livox_ros_driver2.dir/src/call_back/livox_lidar_callback.cpp.o[0m
[6.114s] [ 75%] [32m[1mLinking CXX shared library liblivox_ros_driver2__rosidl_typesupport_fastrtps_c.so[0m
[6.181s] [ 77%] [32m[1mLinking CXX shared library liblivox_ros_driver2__rosidl_typesupport_fastrtps_cpp.so[0m
[6.383s] [ 78%] [32m[1mLinking CXX shared library liblivox_ros_driver2__rosidl_typesupport_introspection_cpp.so[0m
[6.508s] [ 78%] Built target livox_interfaces2__rosidl_typesupport_fastrtps_c
[6.571s] [ 78%] Built target livox_interfaces2__rosidl_typesupport_fastrtps_cpp
[6.799s] [ 78%] Built target livox_interfaces2__rosidl_typesupport_introspection_cpp
[6.842s] [ 78%] Built target livox_interfaces2
[6.874s] [ 80%] [34m[1mGenerating Python code for ROS interfaces[0m
[7.877s] [ 80%] Built target livox_interfaces2__py
[7.900s] [ 82%] [32mBuilding C object CMakeFiles/livox_interfaces2__rosidl_generator_py.dir/rosidl_generator_py/livox_ros_driver2/msg/_custom_point_s.c.o[0m
[7.900s] [ 84%] [32mBuilding C object CMakeFiles/livox_interfaces2__rosidl_generator_py.dir/rosidl_generator_py/livox_ros_driver2/msg/_custom_msg_s.c.o[0m
[8.013s] [ 85%] [32m[1mLinking C shared library rosidl_generator_py/livox_ros_driver2/liblivox_interfaces2__rosidl_generator_py.so[0m
[8.068s] [ 85%] Built target livox_interfaces2__rosidl_generator_py
[8.092s] [ 87%] [32mBuilding C object CMakeFiles/livox_ros_driver2__rosidl_typesupport_introspection_c__pyext.dir/rosidl_generator_py/livox_ros_driver2/_livox_ros_driver2_s.ep.rosidl_typesupport_introspection_c.c.o[0m
[8.093s] [ 91%] [32mBuilding C object CMakeFiles/livox_ros_driver2__rosidl_typesupport_fastrtps_c__pyext.dir/rosidl_generator_py/livox_ros_driver2/_livox_ros_driver2_s.ep.rosidl_typesupport_fastrtps_c.c.o[0m
[8.093s] [ 91%] [32mBuilding C object CMakeFiles/livox_ros_driver2__rosidl_typesupport_c__pyext.dir/rosidl_generator_py/livox_ros_driver2/_livox_ros_driver2_s.ep.rosidl_typesupport_c.c.o[0m
[8.184s] [ 92%] [32m[1mLinking C shared library rosidl_generator_py/livox_ros_driver2/livox_ros_driver2_s__rosidl_typesupport_c.cpython-310-x86_64-linux-gnu.so[0m
[8.202s] [ 94%] [32m[1mLinking C shared library rosidl_generator_py/livox_ros_driver2/livox_ros_driver2_s__rosidl_typesupport_introspection_c.cpython-310-x86_64-linux-gnu.so[0m
[8.228s] [ 94%] Built target livox_ros_driver2__rosidl_typesupport_c__pyext
[8.235s] [ 96%] [32m[1mLinking C shared library rosidl_generator_py/livox_ros_driver2/livox_ros_driver2_s__rosidl_typesupport_fastrtps_c.cpython-310-x86_64-linux-gnu.so[0m
[8.247s] [ 96%] Built target livox_ros_driver2__rosidl_typesupport_introspection_c__pyext
[8.280s] [ 96%] Built target livox_ros_driver2__rosidl_typesupport_fastrtps_c__pyext
[8.652s] [ 98%] [32m[1mLinking CXX executable livox_ros_driver2_node[0m
[8.770s] [ 98%] Built target livox_ros_driver2_node
[12.473s] [100%] [32m[1mLinking CXX shared library liblivox_ros_driver2.so[0m
[13.112s] [100%] Built target livox_ros_driver2
[13.125s] Invoked command in '/home/aria/lidarslam/ws_livox/build/livox_ros_driver2' returned '0': CMAKE_PREFIX_PATH=/opt/ros/humble /usr/bin/cmake --build /home/aria/lidarslam/ws_livox/build/livox_ros_driver2 -- -j20 -l20
[13.137s] Invoking command in '/home/aria/lidarslam/ws_livox/build/livox_ros_driver2': CMAKE_PREFIX_PATH=/opt/ros/humble /usr/bin/cmake --install /home/aria/lidarslam/ws_livox/build/livox_ros_driver2
[13.147s] -- Install configuration: ""
[13.147s] -- Installing: /home/aria/lidarslam/ws_livox/install/livox_ros_driver2/share/ament_index/resource_index/rosidl_interfaces/livox_ros_driver2
[13.147s] -- Installing: /home/aria/lidarslam/ws_livox/install/livox_ros_driver2/include/livox_ros_driver2/livox_ros_driver2
[13.147s] -- Installing: /home/aria/lidarslam/ws_livox/install/livox_ros_driver2/include/livox_ros_driver2/livox_ros_driver2/msg
[13.147s] -- Installing: /home/aria/lidarslam/ws_livox/install/livox_ros_driver2/include/livox_ros_driver2/livox_ros_driver2/msg/rosidl_generator_c__visibility_control.h
[13.147s] -- Installing: /home/aria/lidarslam/ws_livox/install/livox_ros_driver2/include/livox_ros_driver2/livox_ros_driver2/msg/detail
[13.147s] -- Installing: /home/aria/lidarslam/ws_livox/install/livox_ros_driver2/include/livox_ros_driver2/livox_ros_driver2/msg/detail/custom_msg__struct.h
[13.147s] -- Installing: /home/aria/lidarslam/ws_livox/install/livox_ros_driver2/include/livox_ros_driver2/livox_ros_driver2/msg/detail/custom_point__functions.c
[13.148s] -- Installing: /home/aria/lidarslam/ws_livox/install/livox_ros_driver2/include/livox_ros_driver2/livox_ros_driver2/msg/detail/custom_point__functions.h
[13.148s] -- Installing: /home/aria/lidarslam/ws_livox/install/livox_ros_driver2/include/livox_ros_driver2/livox_ros_driver2/msg/detail/custom_msg__functions.h
[13.148s] -- Installing: /home/aria/lidarslam/ws_livox/install/livox_ros_driver2/include/livox_ros_driver2/livox_ros_driver2/msg/detail/custom_point__struct.h
[13.148s] -- Installing: /home/aria/lidarslam/ws_livox/install/livox_ros_driver2/include/livox_ros_driver2/livox_ros_driver2/msg/detail/custom_point__type_support.h
[13.148s] -- Installing: /home/aria/lidarslam/ws_livox/install/livox_ros_driver2/include/livox_ros_driver2/livox_ros_driver2/msg/detail/custom_msg__type_support.h
[13.148s] -- Installing: /home/aria/lidarslam/ws_livox/install/livox_ros_driver2/include/livox_ros_driver2/livox_ros_driver2/msg/detail/custom_msg__functions.c
[13.148s] -- Installing: /home/aria/lidarslam/ws_livox/install/livox_ros_driver2/include/livox_ros_driver2/livox_ros_driver2/msg/custom_msg.h
[13.148s] -- Installing: /home/aria/lidarslam/ws_livox/install/livox_ros_driver2/include/livox_ros_driver2/livox_ros_driver2/msg/custom_point.h
[13.148s] -- Installing: /home/aria/lidarslam/ws_livox/install/livox_ros_driver2/share/livox_ros_driver2/environment/library_path.sh
[13.148s] -- Installing: /home/aria/lidarslam/ws_livox/install/livox_ros_driver2/share/livox_ros_driver2/environment/library_path.dsv
[13.148s] -- Installing: /home/aria/lidarslam/ws_livox/install/livox_ros_driver2/lib/liblivox_ros_driver2__rosidl_generator_c.so
[13.149s] -- Set runtime path of "/home/aria/lidarslam/ws_livox/install/livox_ros_driver2/lib/liblivox_ros_driver2__rosidl_generator_c.so" to ""
[13.149s] -- Up-to-date: /home/aria/lidarslam/ws_livox/install/livox_ros_driver2/include/livox_ros_driver2/livox_ros_driver2
[13.149s] -- Up-to-date: /home/aria/lidarslam/ws_livox/install/livox_ros_driver2/include/livox_ros_driver2/livox_ros_driver2/msg
[13.149s] -- Installing: /home/aria/lidarslam/ws_livox/install/livox_ros_driver2/include/livox_ros_driver2/livox_ros_driver2/msg/rosidl_typesupport_fastrtps_c__visibility_control.h
[13.149s] -- Up-to-date: /home/aria/lidarslam/ws_livox/install/livox_ros_driver2/include/livox_ros_driver2/livox_ros_driver2/msg/detail
[13.149s] -- Installing: /home/aria/lidarslam/ws_livox/install/livox_ros_driver2/include/livox_ros_driver2/livox_ros_driver2/msg/detail/custom_point__rosidl_typesupport_fastrtps_c.h
[13.149s] -- Installing: /home/aria/lidarslam/ws_livox/install/livox_ros_driver2/include/livox_ros_driver2/livox_ros_driver2/msg/detail/custom_msg__rosidl_typesupport_fastrtps_c.h
[13.149s] -- Installing: /home/aria/lidarslam/ws_livox/install/livox_ros_driver2/lib/liblivox_ros_driver2__rosidl_typesupport_fastrtps_c.so
[13.149s] -- Set runtime path of "/home/aria/lidarslam/ws_livox/install/livox_ros_driver2/lib/liblivox_ros_driver2__rosidl_typesupport_fastrtps_c.so" to ""
[13.149s] -- Up-to-date: /home/aria/lidarslam/ws_livox/install/livox_ros_driver2/include/livox_ros_driver2/livox_ros_driver2
[13.149s] -- Up-to-date: /home/aria/lidarslam/ws_livox/install/livox_ros_driver2/include/livox_ros_driver2/livox_ros_driver2/msg
[13.149s] -- Up-to-date: /home/aria/lidarslam/ws_livox/install/livox_ros_driver2/include/livox_ros_driver2/livox_ros_driver2/msg/detail
[13.149s] -- Installing: /home/aria/lidarslam/ws_livox/install/livox_ros_driver2/include/livox_ros_driver2/livox_ros_driver2/msg/detail/custom_msg__rosidl_typesupport_introspection_c.h
[13.149s] -- Installing: /home/aria/lidarslam/ws_livox/install/livox_ros_driver2/include/livox_ros_driver2/livox_ros_driver2/msg/detail/custom_msg__type_support.c
[13.149s] -- Installing: /home/aria/lidarslam/ws_livox/install/livox_ros_driver2/include/livox_ros_driver2/livox_ros_driver2/msg/detail/custom_point__type_support.c
[13.149s] -- Installing: /home/aria/lidarslam/ws_livox/install/livox_ros_driver2/include/livox_ros_driver2/livox_ros_driver2/msg/detail/custom_point__rosidl_typesupport_introspection_c.h
[13.150s] -- Installing: /home/aria/lidarslam/ws_livox/install/livox_ros_driver2/include/livox_ros_driver2/livox_ros_driver2/msg/rosidl_typesupport_introspection_c__visibility_control.h
[13.150s] -- Installing: /home/aria/lidarslam/ws_livox/install/livox_ros_driver2/lib/liblivox_ros_driver2__rosidl_typesupport_introspection_c.so
[13.150s] -- Set runtime path of "/home/aria/lidarslam/ws_livox/install/livox_ros_driver2/lib/liblivox_ros_driver2__rosidl_typesupport_introspection_c.so" to ""
[13.150s] -- Installing: /home/aria/lidarslam/ws_livox/install/livox_ros_driver2/lib/liblivox_ros_driver2__rosidl_typesupport_c.so
[13.150s] -- Set runtime path of "/home/aria/lidarslam/ws_livox/install/livox_ros_driver2/lib/liblivox_ros_driver2__rosidl_typesupport_c.so" to ""
[13.150s] -- Up-to-date: /home/aria/lidarslam/ws_livox/install/livox_ros_driver2/include/livox_ros_driver2/livox_ros_driver2
[13.150s] -- Up-to-date: /home/aria/lidarslam/ws_livox/install/livox_ros_driver2/include/livox_ros_driver2/livox_ros_driver2/msg
[13.150s] -- Installing: /home/aria/lidarslam/ws_livox/install/livox_ros_driver2/include/livox_ros_driver2/livox_ros_driver2/msg/rosidl_generator_cpp__visibility_control.hpp
[13.150s] -- Up-to-date: /home/aria/lidarslam/ws_livox/install/livox_ros_driver2/include/livox_ros_driver2/livox_ros_driver2/msg/detail
[13.150s] -- Installing: /home/aria/lidarslam/ws_livox/install/livox_ros_driver2/include/livox_ros_driver2/livox_ros_driver2/msg/detail/custom_msg__traits.hpp
[13.150s] -- Installing: /home/aria/lidarslam/ws_livox/install/livox_ros_driver2/include/livox_ros_driver2/livox_ros_driver2/msg/detail/custom_msg__type_support.hpp
[13.150s] -- Installing: /home/aria/lidarslam/ws_livox/install/livox_ros_driver2/include/livox_ros_driver2/livox_ros_driver2/msg/detail/custom_point__traits.hpp
[13.150s] -- Installing: /home/aria/lidarslam/ws_livox/install/livox_ros_driver2/include/livox_ros_driver2/livox_ros_driver2/msg/detail/custom_point__struct.hpp
[13.150s] -- Installing: /home/aria/lidarslam/ws_livox/install/livox_ros_driver2/include/livox_ros_driver2/livox_ros_driver2/msg/detail/custom_msg__builder.hpp
[13.150s] -- Installing: /home/aria/lidarslam/ws_livox/install/livox_ros_driver2/include/livox_ros_driver2/livox_ros_driver2/msg/detail/custom_point__builder.hpp
[13.150s] -- Installing: /home/aria/lidarslam/ws_livox/install/livox_ros_driver2/include/livox_ros_driver2/livox_ros_driver2/msg/detail/custom_point__type_support.hpp
[13.151s] -- Installing: /home/aria/lidarslam/ws_livox/install/livox_ros_driver2/include/livox_ros_driver2/livox_ros_driver2/msg/detail/custom_msg__struct.hpp
[13.151s] -- Installing: /home/aria/lidarslam/ws_livox/install/livox_ros_driver2/include/livox_ros_driver2/livox_ros_driver2/msg/custom_msg.hpp
[13.151s] -- Installing: /home/aria/lidarslam/ws_livox/install/livox_ros_driver2/include/livox_ros_driver2/livox_ros_driver2/msg/custom_point.hpp
[13.151s] -- Up-to-date: /home/aria/lidarslam/ws_livox/install/livox_ros_driver2/include/livox_ros_driver2/livox_ros_driver2
[13.151s] -- Up-to-date: /home/aria/lidarslam/ws_livox/install/livox_ros_driver2/include/livox_ros_driver2/livox_ros_driver2/msg
[13.151s] -- Up-to-date: /home/aria/lidarslam/ws_livox/install/livox_ros_driver2/include/livox_ros_driver2/livox_ros_driver2/msg/detail
[13.151s] -- Installing: /home/aria/lidarslam/ws_livox/install/livox_ros_driver2/include/livox_ros_driver2/livox_ros_driver2/msg/detail/custom_msg__rosidl_typesupport_fastrtps_cpp.hpp
[13.151s] -- Installing: /home/aria/lidarslam/ws_livox/install/livox_ros_driver2/include/livox_ros_driver2/livox_ros_driver2/msg/detail/dds_fastrtps
[13.151s] -- Installing: /home/aria/lidarslam/ws_livox/install/livox_ros_driver2/include/livox_ros_driver2/livox_ros_driver2/msg/detail/custom_point__rosidl_typesupport_fastrtps_cpp.hpp
[13.151s] -- Installing: /home/aria/lidarslam/ws_livox/install/livox_ros_driver2/include/livox_ros_driver2/livox_ros_driver2/msg/rosidl_typesupport_fastrtps_cpp__visibility_control.h
[13.151s] -- Installing: /home/aria/lidarslam/ws_livox/install/livox_ros_driver2/lib/liblivox_ros_driver2__rosidl_typesupport_fastrtps_cpp.so
[13.151s] -- Set runtime path of "/home/aria/lidarslam/ws_livox/install/livox_ros_driver2/lib/liblivox_ros_driver2__rosidl_typesupport_fastrtps_cpp.so" to ""
[13.151s] -- Up-to-date: /home/aria/lidarslam/ws_livox/install/livox_ros_driver2/include/livox_ros_driver2/livox_ros_driver2
[13.151s] -- Up-to-date: /home/aria/lidarslam/ws_livox/install/livox_ros_driver2/include/livox_ros_driver2/livox_ros_driver2/msg
[13.151s] -- Up-to-date: /home/aria/lidarslam/ws_livox/install/livox_ros_driver2/include/livox_ros_driver2/livox_ros_driver2/msg/detail
[13.151s] -- Installing: /home/aria/lidarslam/ws_livox/install/livox_ros_driver2/include/livox_ros_driver2/livox_ros_driver2/msg/detail/custom_point__type_support.cpp
[13.151s] -- Installing: /home/aria/lidarslam/ws_livox/install/livox_ros_driver2/include/livox_ros_driver2/livox_ros_driver2/msg/detail/custom_msg__type_support.cpp
[13.151s] -- Installing: /home/aria/lidarslam/ws_livox/install/livox_ros_driver2/include/livox_ros_driver2/livox_ros_driver2/msg/detail/custom_point__rosidl_typesupport_introspection_cpp.hpp
[13.151s] -- Installing: /home/aria/lidarslam/ws_livox/install/livox_ros_driver2/include/livox_ros_driver2/livox_ros_driver2/msg/detail/custom_msg__rosidl_typesupport_introspection_cpp.hpp
[13.151s] -- Installing: /home/aria/lidarslam/ws_livox/install/livox_ros_driver2/lib/liblivox_ros_driver2__rosidl_typesupport_introspection_cpp.so
[13.152s] -- Set runtime path of "/home/aria/lidarslam/ws_livox/install/livox_ros_driver2/lib/liblivox_ros_driver2__rosidl_typesupport_introspection_cpp.so" to ""
[13.152s] -- Installing: /home/aria/lidarslam/ws_livox/install/livox_ros_driver2/lib/liblivox_ros_driver2__rosidl_typesupport_cpp.so
[13.152s] -- Set runtime path of "/home/aria/lidarslam/ws_livox/install/livox_ros_driver2/lib/liblivox_ros_driver2__rosidl_typesupport_cpp.so" to ""
[13.152s] -- Installing: /home/aria/lidarslam/ws_livox/install/livox_ros_driver2/share/livox_ros_driver2/environment/pythonpath.sh
[13.152s] -- Installing: /home/aria/lidarslam/ws_livox/install/livox_ros_driver2/share/livox_ros_driver2/environment/pythonpath.dsv
[13.152s] -- Installing: /home/aria/lidarslam/ws_livox/install/livox_ros_driver2/local/lib/python3.10/dist-packages/livox_ros_driver2-1.0.0-py3.10.egg-info
[13.152s] -- Installing: /home/aria/lidarslam/ws_livox/install/livox_ros_driver2/local/lib/python3.10/dist-packages/livox_ros_driver2-1.0.0-py3.10.egg-info/dependency_links.txt
[13.152s] -- Installing: /home/aria/lidarslam/ws_livox/install/livox_ros_driver2/local/lib/python3.10/dist-packages/livox_ros_driver2-1.0.0-py3.10.egg-info/SOURCES.txt
[13.152s] -- Installing: /home/aria/lidarslam/ws_livox/install/livox_ros_driver2/local/lib/python3.10/dist-packages/livox_ros_driver2-1.0.0-py3.10.egg-info/PKG-INFO
[13.152s] -- Installing: /home/aria/lidarslam/ws_livox/install/livox_ros_driver2/local/lib/python3.10/dist-packages/livox_ros_driver2-1.0.0-py3.10.egg-info/top_level.txt
[13.152s] -- Installing: /home/aria/lidarslam/ws_livox/install/livox_ros_driver2/local/lib/python3.10/dist-packages/livox_ros_driver2
[13.152s] -- Installing: /home/aria/lidarslam/ws_livox/install/livox_ros_driver2/local/lib/python3.10/dist-packages/livox_ros_driver2/liblivox_interfaces2__rosidl_generator_py.so
[13.152s] -- Installing: /home/aria/lidarslam/ws_livox/install/livox_ros_driver2/local/lib/python3.10/dist-packages/livox_ros_driver2/livox_ros_driver2_s__rosidl_typesupport_fastrtps_c.cpython-310-x86_64-linux-gnu.so
[13.152s] -- Installing: /home/aria/lidarslam/ws_livox/install/livox_ros_driver2/local/lib/python3.10/dist-packages/livox_ros_driver2/_livox_ros_driver2_s.ep.rosidl_typesupport_fastrtps_c.c
[13.152s] -- Installing: /home/aria/lidarslam/ws_livox/install/livox_ros_driver2/local/lib/python3.10/dist-packages/livox_ros_driver2/livox_ros_driver2_s__rosidl_typesupport_introspection_c.cpython-310-x86_64-linux-gnu.so
[13.152s] -- Installing: /home/aria/lidarslam/ws_livox/install/livox_ros_driver2/local/lib/python3.10/dist-packages/livox_ros_driver2/_livox_ros_driver2_s.ep.rosidl_typesupport_introspection_c.c
[13.152s] -- Installing: /home/aria/lidarslam/ws_livox/install/livox_ros_driver2/local/lib/python3.10/dist-packages/livox_ros_driver2/livox_ros_driver2_s__rosidl_typesupport_c.cpython-310-x86_64-linux-gnu.so
[13.152s] -- Installing: /home/aria/lidarslam/ws_livox/install/livox_ros_driver2/local/lib/python3.10/dist-packages/livox_ros_driver2/msg
[13.152s] -- Installing: /home/aria/lidarslam/ws_livox/install/livox_ros_driver2/local/lib/python3.10/dist-packages/livox_ros_driver2/msg/_custom_point_s.c
[13.153s] -- Installing: /home/aria/lidarslam/ws_livox/install/livox_ros_driver2/local/lib/python3.10/dist-packages/livox_ros_driver2/msg/_custom_point.py
[13.153s] -- Installing: /home/aria/lidarslam/ws_livox/install/livox_ros_driver2/local/lib/python3.10/dist-packages/livox_ros_driver2/msg/_custom_msg.py
[13.153s] -- Installing: /home/aria/lidarslam/ws_livox/install/livox_ros_driver2/local/lib/python3.10/dist-packages/livox_ros_driver2/msg/__init__.py
[13.153s] -- Installing: /home/aria/lidarslam/ws_livox/install/livox_ros_driver2/local/lib/python3.10/dist-packages/livox_ros_driver2/msg/_custom_msg_s.c
[13.153s] -- Installing: /home/aria/lidarslam/ws_livox/install/livox_ros_driver2/local/lib/python3.10/dist-packages/livox_ros_driver2/_livox_ros_driver2_s.ep.rosidl_typesupport_c.c
[13.153s] -- Installing: /home/aria/lidarslam/ws_livox/install/livox_ros_driver2/local/lib/python3.10/dist-packages/livox_ros_driver2/__init__.py
[13.177s] Listing '/home/aria/lidarslam/ws_livox/install/livox_ros_driver2/local/lib/python3.10/dist-packages/livox_ros_driver2'...
[13.178s] Compiling '/home/aria/lidarslam/ws_livox/install/livox_ros_driver2/local/lib/python3.10/dist-packages/livox_ros_driver2/__init__.py'...
[13.178s] Listing '/home/aria/lidarslam/ws_livox/install/livox_ros_driver2/local/lib/python3.10/dist-packages/livox_ros_driver2/msg'...
[13.178s] Compiling '/home/aria/lidarslam/ws_livox/install/livox_ros_driver2/local/lib/python3.10/dist-packages/livox_ros_driver2/msg/__init__.py'...
[13.178s] Compiling '/home/aria/lidarslam/ws_livox/install/livox_ros_driver2/local/lib/python3.10/dist-packages/livox_ros_driver2/msg/_custom_msg.py'...
[13.178s] Compiling '/home/aria/lidarslam/ws_livox/install/livox_ros_driver2/local/lib/python3.10/dist-packages/livox_ros_driver2/msg/_custom_point.py'...
[13.182s] -- Installing: /home/aria/lidarslam/ws_livox/install/livox_ros_driver2/local/lib/python3.10/dist-packages/livox_ros_driver2/livox_ros_driver2_s__rosidl_typesupport_fastrtps_c.cpython-310-x86_64-linux-gnu.so
[13.182s] -- Set runtime path of "/home/aria/lidarslam/ws_livox/install/livox_ros_driver2/local/lib/python3.10/dist-packages/livox_ros_driver2/livox_ros_driver2_s__rosidl_typesupport_fastrtps_c.cpython-310-x86_64-linux-gnu.so" to ""
[13.182s] -- Installing: /home/aria/lidarslam/ws_livox/install/livox_ros_driver2/local/lib/python3.10/dist-packages/livox_ros_driver2/livox_ros_driver2_s__rosidl_typesupport_introspection_c.cpython-310-x86_64-linux-gnu.so
[13.182s] -- Set runtime path of "/home/aria/lidarslam/ws_livox/install/livox_ros_driver2/local/lib/python3.10/dist-packages/livox_ros_driver2/livox_ros_driver2_s__rosidl_typesupport_introspection_c.cpython-310-x86_64-linux-gnu.so" to ""
[13.182s] -- Installing: /home/aria/lidarslam/ws_livox/install/livox_ros_driver2/local/lib/python3.10/dist-packages/livox_ros_driver2/livox_ros_driver2_s__rosidl_typesupport_c.cpython-310-x86_64-linux-gnu.so
[13.182s] -- Set runtime path of "/home/aria/lidarslam/ws_livox/install/livox_ros_driver2/local/lib/python3.10/dist-packages/livox_ros_driver2/livox_ros_driver2_s__rosidl_typesupport_c.cpython-310-x86_64-linux-gnu.so" to ""
[13.182s] -- Installing: /home/aria/lidarslam/ws_livox/install/livox_ros_driver2/lib/liblivox_interfaces2__rosidl_generator_py.so
[13.182s] -- Set runtime path of "/home/aria/lidarslam/ws_livox/install/livox_ros_driver2/lib/liblivox_interfaces2__rosidl_generator_py.so" to ""
[13.182s] -- Installing: /home/aria/lidarslam/ws_livox/install/livox_ros_driver2/share/livox_ros_driver2/msg/CustomPoint.idl
[13.182s] -- Installing: /home/aria/lidarslam/ws_livox/install/livox_ros_driver2/share/livox_ros_driver2/msg/CustomMsg.idl
[13.182s] -- Installing: /home/aria/lidarslam/ws_livox/install/livox_ros_driver2/share/livox_ros_driver2/msg/CustomPoint.msg
[13.183s] -- Installing: /home/aria/lidarslam/ws_livox/install/livox_ros_driver2/share/livox_ros_driver2/msg/CustomMsg.msg
[13.183s] -- Installing: /home/aria/lidarslam/ws_livox/install/livox_ros_driver2/lib/livox_ros_driver2/livox_ros_driver2_node
[13.183s] -- Set runtime path of "/home/aria/lidarslam/ws_livox/install/livox_ros_driver2/lib/livox_ros_driver2/livox_ros_driver2_node" to ""
[13.183s] -- Installing: /home/aria/lidarslam/ws_livox/install/livox_ros_driver2/lib/liblivox_ros_driver2.so
[13.185s] -- Set runtime path of "/home/aria/lidarslam/ws_livox/install/livox_ros_driver2/lib/liblivox_ros_driver2.so" to ""
[13.185s] -- Installing: /home/aria/lidarslam/ws_livox/install/livox_ros_driver2/share/livox_ros_driver2/config
[13.185s] -- Installing: /home/aria/lidarslam/ws_livox/install/livox_ros_driver2/share/livox_ros_driver2/config/MID360_config.json
[13.185s] -- Installing: /home/aria/lidarslam/ws_livox/install/livox_ros_driver2/share/livox_ros_driver2/config/mixed_HAP_MID360_config.json
[13.185s] -- Installing: /home/aria/lidarslam/ws_livox/install/livox_ros_driver2/share/livox_ros_driver2/config/display_point_cloud_ROS2.rviz
[13.185s] -- Installing: /home/aria/lidarslam/ws_livox/install/livox_ros_driver2/share/livox_ros_driver2/config/display_point_cloud_ROS1.rviz
[13.185s] -- Installing: /home/aria/lidarslam/ws_livox/install/livox_ros_driver2/share/livox_ros_driver2/config/HAP_config.json
[13.185s] -- Installing: /home/aria/lidarslam/ws_livox/install/livox_ros_driver2/share/livox_ros_driver2/launch_ROS2
[13.185s] -- Installing: /home/aria/lidarslam/ws_livox/install/livox_ros_driver2/share/livox_ros_driver2/launch_ROS2/rviz_MID360_launch.py
[13.186s] -- Installing: /home/aria/lidarslam/ws_livox/install/livox_ros_driver2/share/livox_ros_driver2/launch_ROS2/rviz_HAP_launch.py
[13.186s] -- Installing: /home/aria/lidarslam/ws_livox/install/livox_ros_driver2/share/livox_ros_driver2/launch_ROS2/msg_HAP_launch.py
[13.186s] -- Installing: /home/aria/lidarslam/ws_livox/install/livox_ros_driver2/share/livox_ros_driver2/launch_ROS2/rviz_mixed.py
[13.186s] -- Installing: /home/aria/lidarslam/ws_livox/install/livox_ros_driver2/share/livox_ros_driver2/launch_ROS2/msg_MID360_launch.py
[13.186s] -- Installing: /home/aria/lidarslam/ws_livox/install/livox_ros_driver2/share/ament_index/resource_index/package_run_dependencies/livox_ros_driver2
[13.186s] -- Installing: /home/aria/lidarslam/ws_livox/install/livox_ros_driver2/share/ament_index/resource_index/parent_prefix_path/livox_ros_driver2
[13.186s] -- Installing: /home/aria/lidarslam/ws_livox/install/livox_ros_driver2/share/livox_ros_driver2/environment/ament_prefix_path.sh
[13.186s] -- Installing: /home/aria/lidarslam/ws_livox/install/livox_ros_driver2/share/livox_ros_driver2/environment/ament_prefix_path.dsv
[13.186s] -- Installing: /home/aria/lidarslam/ws_livox/install/livox_ros_driver2/share/livox_ros_driver2/environment/path.sh
[13.186s] -- Installing: /home/aria/lidarslam/ws_livox/install/livox_ros_driver2/share/livox_ros_driver2/environment/path.dsv
[13.186s] -- Installing: /home/aria/lidarslam/ws_livox/install/livox_ros_driver2/share/livox_ros_driver2/local_setup.bash
[13.186s] -- Installing: /home/aria/lidarslam/ws_livox/install/livox_ros_driver2/share/livox_ros_driver2/local_setup.sh
[13.186s] -- Installing: /home/aria/lidarslam/ws_livox/install/livox_ros_driver2/share/livox_ros_driver2/local_setup.zsh
[13.186s] -- Installing: /home/aria/lidarslam/ws_livox/install/livox_ros_driver2/share/livox_ros_driver2/local_setup.dsv
[13.186s] -- Installing: /home/aria/lidarslam/ws_livox/install/livox_ros_driver2/share/livox_ros_driver2/package.dsv
[13.186s] -- Installing: /home/aria/lidarslam/ws_livox/install/livox_ros_driver2/share/ament_index/resource_index/packages/livox_ros_driver2
[13.186s] -- Installing: /home/aria/lidarslam/ws_livox/install/livox_ros_driver2/share/livox_ros_driver2/cmake/export_livox_interfaces2__rosidl_generator_cExport.cmake
[13.186s] -- Installing: /home/aria/lidarslam/ws_livox/install/livox_ros_driver2/share/livox_ros_driver2/cmake/export_livox_interfaces2__rosidl_generator_cExport-noconfig.cmake
[13.186s] -- Installing: /home/aria/lidarslam/ws_livox/install/livox_ros_driver2/share/livox_ros_driver2/cmake/export_livox_interfaces2__rosidl_typesupport_fastrtps_cExport.cmake
[13.186s] -- Installing: /home/aria/lidarslam/ws_livox/install/livox_ros_driver2/share/livox_ros_driver2/cmake/export_livox_interfaces2__rosidl_typesupport_fastrtps_cExport-noconfig.cmake
[13.186s] -- Installing: /home/aria/lidarslam/ws_livox/install/livox_ros_driver2/share/livox_ros_driver2/cmake/livox_interfaces2__rosidl_typesupport_introspection_cExport.cmake
[13.187s] -- Installing: /home/aria/lidarslam/ws_livox/install/livox_ros_driver2/share/livox_ros_driver2/cmake/livox_interfaces2__rosidl_typesupport_introspection_cExport-noconfig.cmake
[13.187s] -- Installing: /home/aria/lidarslam/ws_livox/install/livox_ros_driver2/share/livox_ros_driver2/cmake/livox_interfaces2__rosidl_typesupport_cExport.cmake
[13.187s] -- Installing: /home/aria/lidarslam/ws_livox/install/livox_ros_driver2/share/livox_ros_driver2/cmake/livox_interfaces2__rosidl_typesupport_cExport-noconfig.cmake
[13.187s] -- Installing: /home/aria/lidarslam/ws_livox/install/livox_ros_driver2/share/livox_ros_driver2/cmake/export_livox_interfaces2__rosidl_generator_cppExport.cmake
[13.187s] -- Installing: /home/aria/lidarslam/ws_livox/install/livox_ros_driver2/share/livox_ros_driver2/cmake/export_livox_interfaces2__rosidl_typesupport_fastrtps_cppExport.cmake
[13.187s] -- Installing: /home/aria/lidarslam/ws_livox/install/livox_ros_driver2/share/livox_ros_driver2/cmake/export_livox_interfaces2__rosidl_typesupport_fastrtps_cppExport-noconfig.cmake
[13.187s] -- Installing: /home/aria/lidarslam/ws_livox/install/livox_ros_driver2/share/livox_ros_driver2/cmake/livox_interfaces2__rosidl_typesupport_introspection_cppExport.cmake
[13.187s] -- Installing: /home/aria/lidarslam/ws_livox/install/livox_ros_driver2/share/livox_ros_driver2/cmake/livox_interfaces2__rosidl_typesupport_introspection_cppExport-noconfig.cmake
[13.187s] -- Installing: /home/aria/lidarslam/ws_livox/install/livox_ros_driver2/share/livox_ros_driver2/cmake/livox_interfaces2__rosidl_typesupport_cppExport.cmake
[13.187s] -- Installing: /home/aria/lidarslam/ws_livox/install/livox_ros_driver2/share/livox_ros_driver2/cmake/livox_interfaces2__rosidl_typesupport_cppExport-noconfig.cmake
[13.187s] -- Installing: /home/aria/lidarslam/ws_livox/install/livox_ros_driver2/share/livox_ros_driver2/cmake/export_livox_interfaces2__rosidl_generator_pyExport.cmake
[13.187s] -- Installing: /home/aria/lidarslam/ws_livox/install/livox_ros_driver2/share/livox_ros_driver2/cmake/export_livox_interfaces2__rosidl_generator_pyExport-noconfig.cmake
[13.187s] -- Installing: /home/aria/lidarslam/ws_livox/install/livox_ros_driver2/share/ament_index/resource_index/rclcpp_components/livox_ros_driver2
[13.187s] -- Installing: /home/aria/lidarslam/ws_livox/install/livox_ros_driver2/share/livox_ros_driver2/cmake/rosidl_cmake-extras.cmake
[13.187s] -- Installing: /home/aria/lidarslam/ws_livox/install/livox_ros_driver2/share/livox_ros_driver2/cmake/ament_cmake_export_dependencies-extras.cmake
[13.187s] -- Installing: /home/aria/lidarslam/ws_livox/install/livox_ros_driver2/share/livox_ros_driver2/cmake/ament_cmake_export_include_directories-extras.cmake
[13.187s] -- Installing: /home/aria/lidarslam/ws_livox/install/livox_ros_driver2/share/livox_ros_driver2/cmake/ament_cmake_export_libraries-extras.cmake
[13.187s] -- Installing: /home/aria/lidarslam/ws_livox/install/livox_ros_driver2/share/livox_ros_driver2/cmake/ament_cmake_export_targets-extras.cmake
[13.188s] -- Installing: /home/aria/lidarslam/ws_livox/install/livox_ros_driver2/share/livox_ros_driver2/cmake/rosidl_cmake_export_typesupport_targets-extras.cmake
[13.188s] -- Installing: /home/aria/lidarslam/ws_livox/install/livox_ros_driver2/share/livox_ros_driver2/cmake/rosidl_cmake_export_typesupport_libraries-extras.cmake
[13.188s] -- Installing: /home/aria/lidarslam/ws_livox/install/livox_ros_driver2/share/livox_ros_driver2/cmake/livox_ros_driver2Config.cmake
[13.188s] -- Installing: /home/aria/lidarslam/ws_livox/install/livox_ros_driver2/share/livox_ros_driver2/cmake/livox_ros_driver2Config-version.cmake
[13.188s] -- Installing: /home/aria/lidarslam/ws_livox/install/livox_ros_driver2/share/livox_ros_driver2/package.xml
[13.189s] Invoked command in '/home/aria/lidarslam/ws_livox/build/livox_ros_driver2' returned '0': CMAKE_PREFIX_PATH=/opt/ros/humble /usr/bin/cmake --install /home/aria/lidarslam/ws_livox/build/livox_ros_driver2
