[0.064s] DEBUG:colcon:Command line arguments: ['/usr/bin/colcon', 'build']
[0.064s] DEBUG:colcon:Parsed command line arguments: Namespace(log_base=None, log_level=None, verb_name='build', build_base='build', install_base='install', merge_install=False, symlink_install=False, test_result_base=None, continue_on_error=False, executor='parallel', parallel_workers=20, event_handlers=None, ignore_user_meta=False, metas=['./colcon.meta'], base_paths=['.'], packages_ignore=None, packages_ignore_regex=None, paths=None, packages_up_to=None, packages_up_to_regex=None, packages_above=None, packages_above_and_dependencies=None, packages_above_depth=None, packages_select_by_dep=None, packages_skip_by_dep=None, packages_skip_up_to=None, packages_select_build_failed=False, packages_skip_build_finished=False, packages_select_test_failures=False, packages_skip_test_passed=False, packages_select=None, packages_skip=None, packages_select_regex=None, packages_skip_regex=None, packages_start=None, packages_end=None, allow_overriding=[], cmake_args=None, cmake_target=None, cmake_target_skip_unavailable=False, cmake_clean_cache=False, cmake_clean_first=False, cmake_force_configure=False, ament_cmake_args=None, catkin_cmake_args=None, catkin_skip_building_tests=False, verb_parser=<colcon_defaults.argument_parser.defaults.DefaultArgumentsDecorator object at 0x74997561d240>, verb_extension=<colcon_core.verb.build.BuildVerb object at 0x749975772620>, main=<bound method BuildVerb.main of <colcon_core.verb.build.BuildVerb object at 0x749975772620>>)
[0.170s] Level 1:colcon.colcon_core.package_discovery:discover_packages(colcon_meta) check parameters
[0.170s] Level 1:colcon.colcon_core.package_discovery:discover_packages(recursive) check parameters
[0.170s] Level 1:colcon.colcon_core.package_discovery:discover_packages(ignore) check parameters
[0.170s] Level 1:colcon.colcon_core.package_discovery:discover_packages(path) check parameters
[0.170s] Level 1:colcon.colcon_core.package_discovery:discover_packages(colcon_meta) discover
[0.170s] Level 1:colcon.colcon_core.package_discovery:discover_packages(recursive) discover
[0.170s] INFO:colcon.colcon_core.package_discovery:Crawling recursively for packages in '/home/aria/lidarslam/src'
[0.170s] Level 1:colcon.colcon_core.package_identification:_identify(.) by extensions ['ignore', 'ignore_ament_install']
[0.170s] Level 1:colcon.colcon_core.package_identification:_identify(.) by extension 'ignore'
[0.170s] Level 1:colcon.colcon_core.package_identification:_identify(.) by extension 'ignore_ament_install'
[0.170s] Level 1:colcon.colcon_core.package_identification:_identify(.) by extensions ['colcon_pkg']
[0.170s] Level 1:colcon.colcon_core.package_identification:_identify(.) by extension 'colcon_pkg'
[0.170s] Level 1:colcon.colcon_core.package_identification:_identify(.) by extensions ['colcon_meta']
[0.170s] Level 1:colcon.colcon_core.package_identification:_identify(.) by extension 'colcon_meta'
[0.170s] Level 1:colcon.colcon_core.package_identification:_identify(.) by extensions ['ros']
[0.170s] Level 1:colcon.colcon_core.package_identification:_identify(.) by extension 'ros'
[0.177s] Level 1:colcon.colcon_core.package_identification:_identify(.) by extensions ['cmake', 'python']
[0.177s] Level 1:colcon.colcon_core.package_identification:_identify(.) by extension 'cmake'
[0.177s] Level 1:colcon.colcon_core.package_identification:_identify(.) by extension 'python'
[0.177s] Level 1:colcon.colcon_core.package_identification:_identify(.) by extensions ['python_setup_py']
[0.177s] Level 1:colcon.colcon_core.package_identification:_identify(.) by extension 'python_setup_py'
[0.177s] Level 1:colcon.colcon_core.package_identification:_identify(build) by extensions ['ignore', 'ignore_ament_install']
[0.178s] Level 1:colcon.colcon_core.package_identification:_identify(build) by extension 'ignore'
[0.178s] Level 1:colcon.colcon_core.package_identification:_identify(build) ignored
[0.178s] Level 1:colcon.colcon_core.package_identification:_identify(install) by extensions ['ignore', 'ignore_ament_install']
[0.178s] Level 1:colcon.colcon_core.package_identification:_identify(install) by extension 'ignore'
[0.178s] Level 1:colcon.colcon_core.package_identification:_identify(install) ignored
[0.178s] Level 1:colcon.colcon_core.package_identification:_identify(kiss-icp) by extensions ['ignore', 'ignore_ament_install']
[0.178s] Level 1:colcon.colcon_core.package_identification:_identify(kiss-icp) by extension 'ignore'
[0.178s] Level 1:colcon.colcon_core.package_identification:_identify(kiss-icp) by extension 'ignore_ament_install'
[0.178s] Level 1:colcon.colcon_core.package_identification:_identify(kiss-icp) by extensions ['colcon_pkg']
[0.178s] Level 1:colcon.colcon_core.package_identification:_identify(kiss-icp) by extension 'colcon_pkg'
[0.178s] Level 1:colcon.colcon_core.package_identification:_identify(kiss-icp) by extensions ['colcon_meta']
[0.178s] Level 1:colcon.colcon_core.package_identification:_identify(kiss-icp) by extension 'colcon_meta'
[0.178s] Level 1:colcon.colcon_core.package_identification:_identify(kiss-icp) by extensions ['ros']
[0.178s] Level 1:colcon.colcon_core.package_identification:_identify(kiss-icp) by extension 'ros'
[0.178s] Level 1:colcon.colcon_core.package_identification:_identify(kiss-icp) by extensions ['cmake', 'python']
[0.178s] Level 1:colcon.colcon_core.package_identification:_identify(kiss-icp) by extension 'cmake'
[0.178s] Level 1:colcon.colcon_core.package_identification:_identify(kiss-icp) by extension 'python'
[0.178s] Level 1:colcon.colcon_core.package_identification:_identify(kiss-icp) by extensions ['python_setup_py']
[0.178s] Level 1:colcon.colcon_core.package_identification:_identify(kiss-icp) by extension 'python_setup_py'
[0.178s] Level 1:colcon.colcon_core.package_identification:_identify(kiss-icp/config) by extensions ['ignore', 'ignore_ament_install']
[0.178s] Level 1:colcon.colcon_core.package_identification:_identify(kiss-icp/config) by extension 'ignore'
[0.178s] Level 1:colcon.colcon_core.package_identification:_identify(kiss-icp/config) by extension 'ignore_ament_install'
[0.178s] Level 1:colcon.colcon_core.package_identification:_identify(kiss-icp/config) by extensions ['colcon_pkg']
[0.178s] Level 1:colcon.colcon_core.package_identification:_identify(kiss-icp/config) by extension 'colcon_pkg'
[0.178s] Level 1:colcon.colcon_core.package_identification:_identify(kiss-icp/config) by extensions ['colcon_meta']
[0.178s] Level 1:colcon.colcon_core.package_identification:_identify(kiss-icp/config) by extension 'colcon_meta'
[0.178s] Level 1:colcon.colcon_core.package_identification:_identify(kiss-icp/config) by extensions ['ros']
[0.178s] Level 1:colcon.colcon_core.package_identification:_identify(kiss-icp/config) by extension 'ros'
[0.178s] Level 1:colcon.colcon_core.package_identification:_identify(kiss-icp/config) by extensions ['cmake', 'python']
[0.178s] Level 1:colcon.colcon_core.package_identification:_identify(kiss-icp/config) by extension 'cmake'
[0.178s] Level 1:colcon.colcon_core.package_identification:_identify(kiss-icp/config) by extension 'python'
[0.178s] Level 1:colcon.colcon_core.package_identification:_identify(kiss-icp/config) by extensions ['python_setup_py']
[0.178s] Level 1:colcon.colcon_core.package_identification:_identify(kiss-icp/config) by extension 'python_setup_py'
[0.178s] Level 1:colcon.colcon_core.package_identification:_identify(kiss-icp/cpp) by extensions ['ignore', 'ignore_ament_install']
[0.179s] Level 1:colcon.colcon_core.package_identification:_identify(kiss-icp/cpp) by extension 'ignore'
[0.179s] Level 1:colcon.colcon_core.package_identification:_identify(kiss-icp/cpp) ignored
[0.179s] Level 1:colcon.colcon_core.package_identification:_identify(kiss-icp/eval) by extensions ['ignore', 'ignore_ament_install']
[0.179s] Level 1:colcon.colcon_core.package_identification:_identify(kiss-icp/eval) by extension 'ignore'
[0.179s] Level 1:colcon.colcon_core.package_identification:_identify(kiss-icp/eval) by extension 'ignore_ament_install'
[0.179s] Level 1:colcon.colcon_core.package_identification:_identify(kiss-icp/eval) by extensions ['colcon_pkg']
[0.179s] Level 1:colcon.colcon_core.package_identification:_identify(kiss-icp/eval) by extension 'colcon_pkg'
[0.179s] Level 1:colcon.colcon_core.package_identification:_identify(kiss-icp/eval) by extensions ['colcon_meta']
[0.179s] Level 1:colcon.colcon_core.package_identification:_identify(kiss-icp/eval) by extension 'colcon_meta'
[0.179s] Level 1:colcon.colcon_core.package_identification:_identify(kiss-icp/eval) by extensions ['ros']
[0.179s] Level 1:colcon.colcon_core.package_identification:_identify(kiss-icp/eval) by extension 'ros'
[0.179s] Level 1:colcon.colcon_core.package_identification:_identify(kiss-icp/eval) by extensions ['cmake', 'python']
[0.179s] Level 1:colcon.colcon_core.package_identification:_identify(kiss-icp/eval) by extension 'cmake'
[0.179s] Level 1:colcon.colcon_core.package_identification:_identify(kiss-icp/eval) by extension 'python'
[0.179s] Level 1:colcon.colcon_core.package_identification:_identify(kiss-icp/eval) by extensions ['python_setup_py']
[0.179s] Level 1:colcon.colcon_core.package_identification:_identify(kiss-icp/eval) by extension 'python_setup_py'
[0.179s] Level 1:colcon.colcon_core.package_identification:_identify(kiss-icp/python) by extensions ['ignore', 'ignore_ament_install']
[0.179s] Level 1:colcon.colcon_core.package_identification:_identify(kiss-icp/python) by extension 'ignore'
[0.179s] Level 1:colcon.colcon_core.package_identification:_identify(kiss-icp/python) ignored
[0.179s] Level 1:colcon.colcon_core.package_identification:_identify(kiss-icp/ros) by extensions ['ignore', 'ignore_ament_install']
[0.179s] Level 1:colcon.colcon_core.package_identification:_identify(kiss-icp/ros) by extension 'ignore'
[0.179s] Level 1:colcon.colcon_core.package_identification:_identify(kiss-icp/ros) by extension 'ignore_ament_install'
[0.179s] Level 1:colcon.colcon_core.package_identification:_identify(kiss-icp/ros) by extensions ['colcon_pkg']
[0.179s] Level 1:colcon.colcon_core.package_identification:_identify(kiss-icp/ros) by extension 'colcon_pkg'
[0.179s] Level 1:colcon.colcon_core.package_identification:_identify(kiss-icp/ros) by extensions ['colcon_meta']
[0.179s] Level 1:colcon.colcon_core.package_identification:_identify(kiss-icp/ros) by extension 'colcon_meta'
[0.179s] Level 1:colcon.colcon_core.package_identification:_identify(kiss-icp/ros) by extensions ['ros']
[0.179s] Level 1:colcon.colcon_core.package_identification:_identify(kiss-icp/ros) by extension 'ros'
[0.182s] DEBUG:colcon.colcon_core.package_identification:Package 'kiss-icp/ros' with type 'ros.ament_cmake' and name 'kiss_icp'
[0.182s] Level 1:colcon.colcon_core.package_identification:_identify(log) by extensions ['ignore', 'ignore_ament_install']
[0.182s] Level 1:colcon.colcon_core.package_identification:_identify(log) by extension 'ignore'
[0.182s] Level 1:colcon.colcon_core.package_identification:_identify(log) ignored
[0.182s] Level 1:colcon.colcon_core.package_discovery:discover_packages(recursive) using defaults
[0.182s] Level 1:colcon.colcon_core.package_discovery:discover_packages(ignore) discover
[0.182s] Level 1:colcon.colcon_core.package_discovery:discover_packages(ignore) using defaults
[0.182s] Level 1:colcon.colcon_core.package_discovery:discover_packages(path) discover
[0.182s] Level 1:colcon.colcon_core.package_discovery:discover_packages(path) using defaults
[0.199s] Level 1:colcon.colcon_core.package_discovery:discover_packages(prefix_path) check parameters
[0.199s] Level 1:colcon.colcon_core.package_discovery:discover_packages(prefix_path) discover
[0.200s] DEBUG:colcon.colcon_installed_package_information.package_discovery:Found 4 installed packages in /home/aria/lidarslam/install
[0.201s] DEBUG:colcon.colcon_installed_package_information.package_discovery:Found 303 installed packages in /opt/ros/humble
[0.202s] Level 1:colcon.colcon_core.package_discovery:discover_packages(prefix_path) using defaults
[0.223s] Level 5:colcon.colcon_core.verb:set package 'kiss_icp' build argument 'cmake_args' from command line to 'None'
[0.223s] Level 5:colcon.colcon_core.verb:set package 'kiss_icp' build argument 'cmake_target' from command line to 'None'
[0.223s] Level 5:colcon.colcon_core.verb:set package 'kiss_icp' build argument 'cmake_target_skip_unavailable' from command line to 'False'
[0.223s] Level 5:colcon.colcon_core.verb:set package 'kiss_icp' build argument 'cmake_clean_cache' from command line to 'False'
[0.223s] Level 5:colcon.colcon_core.verb:set package 'kiss_icp' build argument 'cmake_clean_first' from command line to 'False'
[0.223s] Level 5:colcon.colcon_core.verb:set package 'kiss_icp' build argument 'cmake_force_configure' from command line to 'False'
[0.223s] Level 5:colcon.colcon_core.verb:set package 'kiss_icp' build argument 'ament_cmake_args' from command line to 'None'
[0.223s] Level 5:colcon.colcon_core.verb:set package 'kiss_icp' build argument 'catkin_cmake_args' from command line to 'None'
[0.223s] Level 5:colcon.colcon_core.verb:set package 'kiss_icp' build argument 'catkin_skip_building_tests' from command line to 'False'
[0.223s] DEBUG:colcon.colcon_core.verb:Building package 'kiss_icp' with the following arguments: {'ament_cmake_args': None, 'build_base': '/home/aria/lidarslam/src/build/kiss_icp', 'catkin_cmake_args': None, 'catkin_skip_building_tests': False, 'cmake_args': None, 'cmake_clean_cache': False, 'cmake_clean_first': False, 'cmake_force_configure': False, 'cmake_target': None, 'cmake_target_skip_unavailable': False, 'install_base': '/home/aria/lidarslam/src/install/kiss_icp', 'merge_install': False, 'path': '/home/aria/lidarslam/src/kiss-icp/ros', 'symlink_install': False, 'test_result_base': None}
[0.224s] INFO:colcon.colcon_core.executor:Executing jobs using 'parallel' executor
[0.224s] DEBUG:colcon.colcon_parallel_executor.executor.parallel:run_until_complete
[0.224s] INFO:colcon.colcon_ros.task.ament_cmake.build:Building ROS package in '/home/aria/lidarslam/src/kiss-icp/ros' with build type 'ament_cmake'
[0.224s] INFO:colcon.colcon_cmake.task.cmake.build:Building CMake package in '/home/aria/lidarslam/src/kiss-icp/ros'
[0.226s] INFO:colcon.colcon_core.plugin_system:Skipping extension 'colcon_core.shell.bat': Not used on non-Windows systems
[0.226s] INFO:colcon.colcon_core.shell:Skip shell extension 'powershell' for command environment: Not usable outside of PowerShell
[0.226s] DEBUG:colcon.colcon_core.shell:Skip shell extension 'dsv' for command environment
[0.232s] DEBUG:colcon.colcon_core.event_handler.log_command:Invoking command in '/home/aria/lidarslam/src/build/kiss_icp': CMAKE_PREFIX_PATH=${CMAKE_PREFIX_PATH}:/opt/ros/humble /usr/bin/cmake /home/aria/lidarslam/src/kiss-icp/ros -DCMAKE_INSTALL_PREFIX=/home/aria/lidarslam/src/install/kiss_icp
[3.058s] DEBUG:colcon.colcon_core.event_handler.log_command:Invoked command in '/home/aria/lidarslam/src/build/kiss_icp' returned '0': CMAKE_PREFIX_PATH=${CMAKE_PREFIX_PATH}:/opt/ros/humble /usr/bin/cmake /home/aria/lidarslam/src/kiss-icp/ros -DCMAKE_INSTALL_PREFIX=/home/aria/lidarslam/src/install/kiss_icp
[3.060s] DEBUG:colcon.colcon_core.event_handler.log_command:Invoking command in '/home/aria/lidarslam/src/build/kiss_icp': CMAKE_PREFIX_PATH=${CMAKE_PREFIX_PATH}:/opt/ros/humble /usr/bin/cmake --build /home/aria/lidarslam/src/build/kiss_icp -- -j20 -l20
[22.687s] DEBUG:colcon.colcon_core.event_handler.log_command:Invoked command in '/home/aria/lidarslam/src/build/kiss_icp' returned '0': CMAKE_PREFIX_PATH=${CMAKE_PREFIX_PATH}:/opt/ros/humble /usr/bin/cmake --build /home/aria/lidarslam/src/build/kiss_icp -- -j20 -l20
[22.700s] DEBUG:colcon.colcon_core.event_handler.log_command:Invoking command in '/home/aria/lidarslam/src/build/kiss_icp': CMAKE_PREFIX_PATH=${CMAKE_PREFIX_PATH}:/opt/ros/humble /usr/bin/cmake --install /home/aria/lidarslam/src/build/kiss_icp
[22.718s] Level 1:colcon.colcon_core.environment:create_environment_scripts_only(kiss_icp)
[22.718s] DEBUG:colcon.colcon_core.event_handler.log_command:Invoked command in '/home/aria/lidarslam/src/build/kiss_icp' returned '0': CMAKE_PREFIX_PATH=${CMAKE_PREFIX_PATH}:/opt/ros/humble /usr/bin/cmake --install /home/aria/lidarslam/src/build/kiss_icp
[22.722s] Level 1:colcon.colcon_core.environment:checking '/home/aria/lidarslam/src/install/kiss_icp' for CMake module files
[22.722s] Level 1:colcon.colcon_core.environment:checking '/home/aria/lidarslam/src/install/kiss_icp' for CMake config files
[22.723s] Level 1:colcon.colcon_core.shell:create_environment_hook('kiss_icp', 'cmake_prefix_path')
[22.723s] INFO:colcon.colcon_core.shell:Creating environment hook '/home/aria/lidarslam/src/install/kiss_icp/share/kiss_icp/hook/cmake_prefix_path.ps1'
[22.724s] INFO:colcon.colcon_core.shell:Creating environment descriptor '/home/aria/lidarslam/src/install/kiss_icp/share/kiss_icp/hook/cmake_prefix_path.dsv'
[22.724s] INFO:colcon.colcon_core.shell:Creating environment hook '/home/aria/lidarslam/src/install/kiss_icp/share/kiss_icp/hook/cmake_prefix_path.sh'
[22.726s] Level 1:colcon.colcon_core.environment:checking '/home/aria/lidarslam/src/install/kiss_icp/lib'
[22.726s] Level 1:colcon.colcon_core.shell:create_environment_hook('kiss_icp', 'ld_library_path_lib')
[22.726s] INFO:colcon.colcon_core.shell:Creating environment hook '/home/aria/lidarslam/src/install/kiss_icp/share/kiss_icp/hook/ld_library_path_lib.ps1'
[22.727s] INFO:colcon.colcon_core.shell:Creating environment descriptor '/home/aria/lidarslam/src/install/kiss_icp/share/kiss_icp/hook/ld_library_path_lib.dsv'
[22.727s] INFO:colcon.colcon_core.shell:Creating environment hook '/home/aria/lidarslam/src/install/kiss_icp/share/kiss_icp/hook/ld_library_path_lib.sh'
[22.727s] Level 1:colcon.colcon_core.environment:checking '/home/aria/lidarslam/src/install/kiss_icp/bin'
[22.728s] Level 1:colcon.colcon_core.environment:checking '/home/aria/lidarslam/src/install/kiss_icp/lib/pkgconfig/kiss_icp.pc'
[22.728s] Level 1:colcon.colcon_core.environment:checking '/home/aria/lidarslam/src/install/kiss_icp/lib/python3.10/site-packages'
[22.728s] Level 1:colcon.colcon_core.environment:checking '/home/aria/lidarslam/src/install/kiss_icp/bin'
[22.729s] INFO:colcon.colcon_core.shell:Creating package script '/home/aria/lidarslam/src/install/kiss_icp/share/kiss_icp/package.ps1'
[22.730s] INFO:colcon.colcon_core.shell:Creating package descriptor '/home/aria/lidarslam/src/install/kiss_icp/share/kiss_icp/package.dsv'
[22.730s] INFO:colcon.colcon_core.shell:Creating package script '/home/aria/lidarslam/src/install/kiss_icp/share/kiss_icp/package.sh'
[22.731s] INFO:colcon.colcon_core.shell:Creating package script '/home/aria/lidarslam/src/install/kiss_icp/share/kiss_icp/package.bash'
[22.732s] INFO:colcon.colcon_core.shell:Creating package script '/home/aria/lidarslam/src/install/kiss_icp/share/kiss_icp/package.zsh'
[22.733s] Level 1:colcon.colcon_core.environment:create_file_with_runtime_dependencies(/home/aria/lidarslam/src/install/kiss_icp/share/colcon-core/packages/kiss_icp)
[22.734s] Level 1:colcon.colcon_core.environment:create_environment_scripts_only(kiss_icp)
[22.734s] Level 1:colcon.colcon_core.environment:checking '/home/aria/lidarslam/src/install/kiss_icp' for CMake module files
[22.734s] Level 1:colcon.colcon_core.environment:checking '/home/aria/lidarslam/src/install/kiss_icp' for CMake config files
[22.735s] Level 1:colcon.colcon_core.shell:create_environment_hook('kiss_icp', 'cmake_prefix_path')
[22.735s] INFO:colcon.colcon_core.shell:Creating environment hook '/home/aria/lidarslam/src/install/kiss_icp/share/kiss_icp/hook/cmake_prefix_path.ps1'
[22.735s] INFO:colcon.colcon_core.shell:Creating environment descriptor '/home/aria/lidarslam/src/install/kiss_icp/share/kiss_icp/hook/cmake_prefix_path.dsv'
[22.736s] INFO:colcon.colcon_core.shell:Creating environment hook '/home/aria/lidarslam/src/install/kiss_icp/share/kiss_icp/hook/cmake_prefix_path.sh'
[22.736s] Level 1:colcon.colcon_core.environment:checking '/home/aria/lidarslam/src/install/kiss_icp/lib'
[22.737s] Level 1:colcon.colcon_core.shell:create_environment_hook('kiss_icp', 'ld_library_path_lib')
[22.737s] INFO:colcon.colcon_core.shell:Creating environment hook '/home/aria/lidarslam/src/install/kiss_icp/share/kiss_icp/hook/ld_library_path_lib.ps1'
[22.737s] INFO:colcon.colcon_core.shell:Creating environment descriptor '/home/aria/lidarslam/src/install/kiss_icp/share/kiss_icp/hook/ld_library_path_lib.dsv'
[22.738s] INFO:colcon.colcon_core.shell:Creating environment hook '/home/aria/lidarslam/src/install/kiss_icp/share/kiss_icp/hook/ld_library_path_lib.sh'
[22.738s] Level 1:colcon.colcon_core.environment:checking '/home/aria/lidarslam/src/install/kiss_icp/bin'
[22.739s] Level 1:colcon.colcon_core.environment:checking '/home/aria/lidarslam/src/install/kiss_icp/lib/pkgconfig/kiss_icp.pc'
[22.739s] Level 1:colcon.colcon_core.environment:checking '/home/aria/lidarslam/src/install/kiss_icp/lib/python3.10/site-packages'
[22.739s] Level 1:colcon.colcon_core.environment:checking '/home/aria/lidarslam/src/install/kiss_icp/bin'
[22.740s] INFO:colcon.colcon_core.shell:Creating package script '/home/aria/lidarslam/src/install/kiss_icp/share/kiss_icp/package.ps1'
[22.740s] INFO:colcon.colcon_core.shell:Creating package descriptor '/home/aria/lidarslam/src/install/kiss_icp/share/kiss_icp/package.dsv'
[22.741s] INFO:colcon.colcon_core.shell:Creating package script '/home/aria/lidarslam/src/install/kiss_icp/share/kiss_icp/package.sh'
[22.742s] INFO:colcon.colcon_core.shell:Creating package script '/home/aria/lidarslam/src/install/kiss_icp/share/kiss_icp/package.bash'
[22.742s] INFO:colcon.colcon_core.shell:Creating package script '/home/aria/lidarslam/src/install/kiss_icp/share/kiss_icp/package.zsh'
[22.743s] Level 1:colcon.colcon_core.environment:create_file_with_runtime_dependencies(/home/aria/lidarslam/src/install/kiss_icp/share/colcon-core/packages/kiss_icp)
[22.743s] DEBUG:colcon.colcon_parallel_executor.executor.parallel:closing loop
[22.744s] DEBUG:colcon.colcon_parallel_executor.executor.parallel:loop closed
[22.744s] DEBUG:colcon.colcon_parallel_executor.executor.parallel:run_until_complete finished with '0'
[22.744s] DEBUG:colcon.colcon_core.event_reactor:joining thread
[22.750s] INFO:colcon.colcon_core.plugin_system:Skipping extension 'colcon_notification.desktop_notification.terminal_notifier': Not used on non-Darwin systems
[22.750s] INFO:colcon.colcon_core.plugin_system:Skipping extension 'colcon_notification.desktop_notification.win32': Not used on non-Windows systems
[22.750s] INFO:colcon.colcon_notification.desktop_notification:Sending desktop notification using 'notify2'
[22.769s] DEBUG:colcon.colcon_core.event_reactor:joined thread
[22.769s] INFO:colcon.colcon_core.shell:Creating prefix script '/home/aria/lidarslam/src/install/local_setup.ps1'
[22.770s] INFO:colcon.colcon_core.shell:Creating prefix util module '/home/aria/lidarslam/src/install/_local_setup_util_ps1.py'
[22.771s] INFO:colcon.colcon_core.shell:Creating prefix chain script '/home/aria/lidarslam/src/install/setup.ps1'
[22.772s] INFO:colcon.colcon_core.shell:Creating prefix script '/home/aria/lidarslam/src/install/local_setup.sh'
[22.773s] INFO:colcon.colcon_core.shell:Creating prefix util module '/home/aria/lidarslam/src/install/_local_setup_util_sh.py'
[22.773s] INFO:colcon.colcon_core.shell:Creating prefix chain script '/home/aria/lidarslam/src/install/setup.sh'
[22.774s] INFO:colcon.colcon_core.shell:Creating prefix script '/home/aria/lidarslam/src/install/local_setup.bash'
[22.774s] INFO:colcon.colcon_core.shell:Creating prefix chain script '/home/aria/lidarslam/src/install/setup.bash'
[22.775s] INFO:colcon.colcon_core.shell:Creating prefix script '/home/aria/lidarslam/src/install/local_setup.zsh'
[22.776s] INFO:colcon.colcon_core.shell:Creating prefix chain script '/home/aria/lidarslam/src/install/setup.zsh'
